Component: ARM Compiler 5.06 update 6 (build 750) Tool: armlink [4d35ed]

==============================================================================

Section Cross References

    system_m480.o(i.SystemCoreClockUpdate) refers to clk.o(i.CLK_GetPLLClockFreq) for CLK_GetPLLClockFreq
    system_m480.o(i.SystemCoreClockUpdate) refers to system_m480.o(.data) for PllClock
    startup_m480.o(STACK) refers (Special) to heapauxi.o(.text) for __use_two_region_memory
    startup_m480.o(HEAP) refers (Special) to heapauxi.o(.text) for __use_two_region_memory
    startup_m480.o(RESET) refers (Special) to heapauxi.o(.text) for __use_two_region_memory
    startup_m480.o(RESET) refers to startup_m480.o(STACK) for __initial_sp
    startup_m480.o(RESET) refers to startup_m480.o(.text) for Reset_Handler
    startup_m480.o(RESET) refers to retarget.o(.emb_text) for HardFault_Handler
    startup_m480.o(RESET) refers to massstorage.o(i.USBD20_IRQHandler) for USBD20_IRQHandler
    startup_m480.o(.text) refers (Special) to heapauxi.o(.text) for __use_two_region_memory
    startup_m480.o(.text) refers to system_m480.o(i.SystemInit) for SystemInit
    startup_m480.o(.text) refers to __main.o(!!!main) for __main
    startup_m480.o(.text) refers to startup_m480.o(HEAP) for Heap_Mem
    startup_m480.o(.text) refers to startup_m480.o(STACK) for Stack_Mem
    main.o(i.SYS_Init) refers to clk.o(i.CLK_EnableXtalRC) for CLK_EnableXtalRC
    main.o(i.SYS_Init) refers to clk.o(i.CLK_WaitClockReady) for CLK_WaitClockReady
    main.o(i.SYS_Init) refers to clk.o(i.CLK_SetHCLK) for CLK_SetHCLK
    main.o(i.SYS_Init) refers to clk.o(i.CLK_SetCoreClock) for CLK_SetCoreClock
    main.o(i.SYS_Init) refers to clk.o(i.CLK_EnableModuleClock) for CLK_EnableModuleClock
    main.o(i.format) refers to rt_memcpy_w.o(.text) for __aeabi_memcpy4
    main.o(i.format) refers to main.o(.constdata) for .constdata
    main.o(i.main) refers to main.o(i.SYS_Init) for SYS_Init
    main.o(i.main) refers to uart.o(i.UART_Open) for UART_Open
    main.o(i.main) refers to noretval__2printf.o(.text) for __2printf
    main.o(i.main) refers to hsusbd.o(i.HSUSBD_Open) for HSUSBD_Open
    main.o(i.main) refers to massstorage.o(i.MSC_Init) for MSC_Init
    main.o(i.main) refers to hsusbd.o(i.HSUSBD_Start) for HSUSBD_Start
    main.o(i.main) refers to main.o(i.format) for format
    main.o(i.main) refers to massstorage.o(i.MSC_ProcessCmd) for MSC_ProcessCmd
    main.o(i.main) refers to massstorage.o(i.MSC_ClassRequest) for MSC_ClassRequest
    main.o(i.main) refers to descriptors.o(.data) for gsHSInfo
    main.o(i.main) refers to main.o(.data) for conversionAddress
    main.o(i.main) refers to massstorage.o(.data) for g_u8MscStart
    descriptors.o(.data) refers to descriptors.o(.bss) for gu8UsbHidReport
    massstorage.o(i.MSC_AckCmd) refers to massstorage.o(i.HSUSBD_MemCopy) for HSUSBD_MemCopy
    massstorage.o(i.MSC_AckCmd) refers to massstorage.o(i.MSC_BulkIn) for MSC_BulkIn
    massstorage.o(i.MSC_AckCmd) refers to massstorage.o(.bss) for g_sCSW
    massstorage.o(i.MSC_AckCmd) refers to massstorage.o(.data) for g_u8Prevent
    massstorage.o(i.MSC_ActiveDMA) refers to hsusbd.o(.data) for g_hsusbd_DmaDone
    massstorage.o(i.MSC_ActiveDMA) refers to massstorage.o(.data) for g_u8MscStart
    massstorage.o(i.MSC_BulkIn) refers to massstorage.o(i.MSC_ActiveDMA) for MSC_ActiveDMA
    massstorage.o(i.MSC_BulkIn) refers to hsusbd.o(.data) for g_hsusbd_ShortPacket
    massstorage.o(i.MSC_BulkIn) refers to massstorage.o(.data) for g_u32EpMaxPacketSize
    massstorage.o(i.MSC_BulkOut) refers to massstorage.o(i.MSC_ActiveDMA) for MSC_ActiveDMA
    massstorage.o(i.MSC_BulkOut) refers to hsusbd.o(.data) for g_hsusbd_ShortPacket
    massstorage.o(i.MSC_ClassRequest) refers to hsusbd.o(i.HSUSBD_PrepareCtrlIn) for HSUSBD_PrepareCtrlIn
    massstorage.o(i.MSC_ClassRequest) refers to massstorage.o(.data) for g_u8MscStart
    massstorage.o(i.MSC_ClassRequest) refers to hsusbd.o(.data) for gUsbCmd
    massstorage.o(i.MSC_Init) refers to massstorage.o(i.HSUSBD_SetEpBufAddr) for HSUSBD_SetEpBufAddr
    massstorage.o(i.MSC_Init) refers to massstorage.o(i.MSC_InitForHighSpeed) for MSC_InitForHighSpeed
    massstorage.o(i.MSC_Init) refers to massstorage.o(.bss) for g_sCSW
    massstorage.o(i.MSC_Init) refers to massstorage.o(.data) for g_TotalSectors
    massstorage.o(i.MSC_InitForFullSpeed) refers to massstorage.o(i.HSUSBD_SetEpBufAddr) for HSUSBD_SetEpBufAddr
    massstorage.o(i.MSC_InitForFullSpeed) refers to massstorage.o(i.HSUSBD_ConfigEp) for HSUSBD_ConfigEp
    massstorage.o(i.MSC_InitForFullSpeed) refers to massstorage.o(.data) for g_u32EpMaxPacketSize
    massstorage.o(i.MSC_InitForHighSpeed) refers to massstorage.o(i.HSUSBD_SetEpBufAddr) for HSUSBD_SetEpBufAddr
    massstorage.o(i.MSC_InitForHighSpeed) refers to massstorage.o(i.HSUSBD_ConfigEp) for HSUSBD_ConfigEp
    massstorage.o(i.MSC_InitForHighSpeed) refers to massstorage.o(.data) for g_u32EpMaxPacketSize
[...]
    __rtentry2.o(.ARM.Collect$$rtentry$$00000008) refers to boardinit2.o(.text) for _platform_post_stackheap_init
    __rtentry2.o(.ARM.Collect$$rtentry$$0000000A) refers to libinit.o(.ARM.Collect$$libinit$$00000000) for __rt_lib_init
    __rtentry2.o(.ARM.Collect$$rtentry$$0000000B) refers to boardinit3.o(.text) for _platform_post_lib_init
    __rtentry2.o(.ARM.Collect$$rtentry$$0000000D) refers to main.o(i.main) for main
    __rtentry2.o(.ARM.Collect$$rtentry$$0000000D) refers to exit.o(.text) for exit
    __rtentry2.o(.ARM.exidx) refers to __rtentry2.o(.ARM.Collect$$rtentry$$00000001) for .ARM.Collect$$rtentry$$00000001
    __rtentry2.o(.ARM.exidx) refers to __rtentry2.o(.ARM.Collect$$rtentry$$00000008) for .ARM.Collect$$rtentry$$00000008
    __rtentry2.o(.ARM.exidx) refers to __rtentry2.o(.ARM.Collect$$rtentry$$0000000A) for .ARM.Collect$$rtentry$$0000000A
    __rtentry2.o(.ARM.exidx) refers to __rtentry2.o(.ARM.Collect$$rtentry$$0000000B) for .ARM.Collect$$rtentry$$0000000B
    __rtentry2.o(.ARM.exidx) refers to __rtentry2.o(.ARM.Collect$$rtentry$$0000000D) for .ARM.Collect$$rtentry$$0000000D
    __rtentry4.o(.ARM.Collect$$rtentry$$00000004) refers to sys_stackheap_outer.o(.text) for __user_setup_stackheap
    __rtentry4.o(.ARM.exidx) refers to __rtentry4.o(.ARM.Collect$$rtentry$$00000004) for .ARM.Collect$$rtentry$$00000004
    _printf_char_common.o(.text) refers to __printf_wp.o(.text) for __printf
    sys_stackheap_outer.o(.text) refers to libspace.o(.text) for __user_perproc_libspace
    sys_stackheap_outer.o(.text) refers to startup_m480.o(.text) for __user_initial_stackheap
    exit.o(.text) refers to rtexit.o(.ARM.Collect$$rtexit$$00000000) for __rt_exit
    libinit.o(.ARM.Collect$$libinit$$00000000) refers (Special) to libinit2.o(.ARM.Collect$$libinit$$0000002E) for __rt_lib_init_alloca_1
    libinit.o(.ARM.Collect$$libinit$$00000000) refers (Special) to libinit2.o(.ARM.Collect$$libinit$$0000002C) for __rt_lib_init_argv_1
    libinit.o(.ARM.Collect$$libinit$$00000000) refers (Special) to libinit2.o(.ARM.Collect$$libinit$$0000001B) for __rt_lib_init_atexit_1
    libinit.o(.ARM.Collect$$libinit$$00000000) refers (Special) to libinit2.o(.ARM.Collect$$libinit$$00000021) for __rt_lib_init_clock_1
    libinit.o(.ARM.Collect$$libinit$$00000000) refers (Special) to libinit2.o(.ARM.Collect$$libinit$$00000032) for __rt_lib_init_cpp_1
    libinit.o(.ARM.Collect$$libinit$$00000000) refers (Special) to libinit2.o(.ARM.Collect$$libinit$$00000030) for __rt_lib_init_exceptions_1
    libinit.o(.ARM.Collect$$libinit$$00000000) refers (Special) to libinit2.o(.ARM.Collect$$libinit$$00000001) for __rt_lib_init_fp_1
    libinit.o(.ARM.Collect$$libinit$$00000000) refers (Special) to libinit2.o(.ARM.Collect$$libinit$$0000001F) for __rt_lib_init_fp_trap_1
    libinit.o(.ARM.Collect$$libinit$$00000000) refers (Special) to libinit2.o(.ARM.Collect$$libinit$$00000023) for __rt_lib_init_getenv_1
    libinit.o(.ARM.Collect$$libinit$$00000000) refers (Special) to libinit2.o(.ARM.Collect$$libinit$$0000000A) for __rt_lib_init_heap_1
    libinit.o(.ARM.Collect$$libinit$$00000000) refers (Special) to libinit2.o(.ARM.Collect$$libinit$$00000011) for __rt_lib_init_lc_collate_1
    libinit.o(.ARM.Collect$$libinit$$00000000) refers (Special) to libinit2.o(.ARM.Collect$$libinit$$00000013) for __rt_lib_init_lc_ctype_1
    libinit.o(.ARM.Collect$$libinit$$00000000) refers (Special) to libinit2.o(.ARM.Collect$$libinit$$00000015) for __rt_lib_init_lc_monetary_1
    libinit.o(.ARM.Collect$$libinit$$00000000) refers (Special) to libinit2.o(.ARM.Collect$$libinit$$00000017) for __rt_lib_init_lc_numeric_1
    libinit.o(.ARM.Collect$$libinit$$00000000) refers (Special) to libinit2.o(.ARM.Collect$$libinit$$00000019) for __rt_lib_init_lc_time_1
    libinit.o(.ARM.Collect$$libinit$$00000000) refers (Special) to libinit2.o(.ARM.Collect$$libinit$$00000004) for __rt_lib_init_preinit_1
    libinit.o(.ARM.Collect$$libinit$$00000000) refers (Special) to libinit2.o(.ARM.Collect$$libinit$$0000000E) for __rt_lib_init_rand_1
    libinit.o(.ARM.Collect$$libinit$$00000000) refers (Special) to libinit2.o(.ARM.Collect$$libinit$$00000033) for __rt_lib_init_return
    libinit.o(.ARM.Collect$$libinit$$00000000) refers (Special) to libinit2.o(.ARM.Collect$$libinit$$0000001D) for __rt_lib_init_signal_1
    libinit.o(.ARM.Collect$$libinit$$00000000) refers (Special) to libinit2.o(.ARM.Collect$$libinit$$00000025) for __rt_lib_init_stdio_1
    libinit.o(.ARM.Collect$$libinit$$00000000) refers (Special) to libinit2.o(.ARM.Collect$$libinit$$0000000C) for __rt_lib_init_user_alloc_1
    libspace.o(.text) refers to libspace.o(.bss) for __libspace_start
    rtexit.o(.ARM.Collect$$rtexit$$00000000) refers (Special) to rtexit2.o(.ARM.Collect$$rtexit$$00000004) for __rt_exit_exit
    rtexit.o(.ARM.Collect$$rtexit$$00000000) refers (Special) to rtexit2.o(.ARM.Collect$$rtexit$$00000003) for __rt_exit_ls
    rtexit.o(.ARM.Collect$$rtexit$$00000000) refers (Special) to rtexit2.o(.ARM.Collect$$rtexit$$00000002) for __rt_exit_prels_1
    rtexit.o(.ARM.exidx) refers (Special) to rtexit2.o(.ARM.Collect$$rtexit$$00000004) for __rt_exit_exit
    rtexit.o(.ARM.exidx) refers (Special) to rtexit2.o(.ARM.Collect$$rtexit$$00000003) for __rt_exit_ls
    rtexit.o(.ARM.exidx) refers (Special) to rtexit2.o(.ARM.Collect$$rtexit$$00000002) for __rt_exit_prels_1
    rtexit.o(.ARM.exidx) refers to rtexit.o(.ARM.Collect$$rtexit$$00000000) for .ARM.Collect$$rtexit$$00000000
    libinit2.o(.ARM.Collect$$libinit$$00000001) refers to fpinit.o(x$fpl$fpinit) for _fp_init
    libinit2.o(.ARM.Collect$$libinit$$00000010) refers to libinit2.o(.ARM.Collect$$libinit$$0000000F) for .ARM.Collect$$libinit$$0000000F
    libinit2.o(.ARM.Collect$$libinit$$00000012) refers to libinit2.o(.ARM.Collect$$libinit$$0000000F) for .ARM.Collect$$libinit$$0000000F
    libinit2.o(.ARM.Collect$$libinit$$00000014) refers to libinit2.o(.ARM.Collect$$libinit$$0000000F) for .ARM.Collect$$libinit$$0000000F
    libinit2.o(.ARM.Collect$$libinit$$00000016) refers to libinit2.o(.ARM.Collect$$libinit$$0000000F) for .ARM.Collect$$libinit$$0000000F
    libinit2.o(.ARM.Collect$$libinit$$00000018) refers to libinit2.o(.ARM.Collect$$libinit$$0000000F) for .ARM.Collect$$libinit$$0000000F
    libinit2.o(.ARM.Collect$$libinit$$00000026) refers to argv_veneer.o(.emb_text) for __ARM_argv_veneer
    libinit2.o(.ARM.Collect$$libinit$$00000027) refers to argv_veneer.o(.emb_text) for __ARM_argv_veneer
    rtexit2.o(.ARM.Collect$$rtexit$$00000003) refers to libshutdown.o(.ARM.Collect$$libshutdown$$00000000) for __rt_lib_shutdown
    rtexit2.o(.ARM.Collect$$rtexit$$00000004) refers to retarget.o(i._sys_exit) for _sys_exit
    rtexit2.o(.ARM.exidx) refers to rtexit2.o(.ARM.Collect$$rtexit$$00000001) for .ARM.Collect$$rtexit$$00000001
    rtexit2.o(.ARM.exidx) refers to rtexit2.o(.ARM.Collect$$rtexit$$00000003) for .ARM.Collect$$rtexit$$00000003
    rtexit2.o(.ARM.exidx) refers to rtexit2.o(.ARM.Collect$$rtexit$$00000004) for .ARM.Collect$$rtexit$$00000004
    argv_veneer.o(.emb_text) refers to no_argv.o(.text) for __ARM_get_argv
    _get_argv_nomalloc.o(.text) refers (Special) to hrguard.o(.text) for __heap_region$guard
    _get_argv_nomalloc.o(.text) refers to defsig_rtmem_outer.o(.text) for __rt_SIGRTMEM
    _get_argv_nomalloc.o(.text) refers to sys_command.o(.text) for _sys_command_string
    libshutdown.o(.ARM.Collect$$libshutdown$$00000000) refers (Special) to libshutdown2.o(.ARM.Collect$$libshutdown$$00000002) for __rt_lib_shutdown_cpp_1
    libshutdown.o(.ARM.Collect$$libshutdown$$00000000) refers (Special) to libshutdown2.o(.ARM.Collect$$libshutdown$$00000007) for __rt_lib_shutdown_fp_trap_1
    libshutdown.o(.ARM.Collect$$libshutdown$$00000000) refers (Special) to libshutdown2.o(.ARM.Collect$$libshutdown$$0000000F) for __rt_lib_shutdown_heap_1
    libshutdown.o(.ARM.Collect$$libshutdown$$00000000) refers (Special) to libshutdown2.o(.ARM.Collect$$libshutdown$$00000010) for __rt_lib_shutdown_return
    libshutdown.o(.ARM.Collect$$libshutdown$$00000000) refers (Special) to libshutdown2.o(.ARM.Collect$$libshutdown$$0000000A) for __rt_lib_shutdown_signal_1
    libshutdown.o(.ARM.Collect$$libshutdown$$00000000) refers (Special) to libshutdown2.o(.ARM.Collect$$libshutdown$$00000004) for __rt_lib_shutdown_stdio_1
    libshutdown.o(.ARM.Collect$$libshutdown$$00000000) refers (Special) to libshutdown2.o(.ARM.Collect$$libshutdown$$0000000C) for __rt_lib_shutdown_user_alloc_1
    sys_command.o(.text) refers (Special) to use_no_semi.o(.text) for __I$use$semihosting
    sys_command.o(.text) refers (Special) to indicate_semi.o(.text) for __semihosting_library_function
    defsig_rtmem_outer.o(.text) refers to defsig_rtmem_inner.o(.text) for __rt_SIGRTMEM_inner
    defsig_rtmem_outer.o(.text) refers to defsig_exit.o(.text) for __sig_exit
    defsig_rtmem_formal.o(.text) refers to rt_raise.o(.text) for __rt_raise
    rt_raise.o(.text) refers to __raise.o(.text) for __raise
    rt_raise.o(.text) refers to retarget.o(i._sys_exit) for _sys_exit
    defsig_exit.o(.text) refers to retarget.o(i._sys_exit) for _sys_exit
    defsig_rtmem_inner.o(.text) refers to defsig_general.o(.text) for __default_signal_display
    __raise.o(.text) refers to defsig.o(CL$$defsig) for __default_signal_handler
    defsig_general.o(.text) refers to retarget.o(i._ttywrch) for _ttywrch
    defsig.o(CL$$defsig) refers to defsig_rtmem_inner.o(.text) for __rt_SIGRTMEM_inner
    defsig_abrt_inner.o(.text) refers to defsig_general.o(.text) for __default_signal_display
    defsig_fpe_inner.o(.text) refers to defsig_general.o(.text) for __default_signal_display
    defsig_rtred_inner.o(.text) refers to defsig_general.o(.text) for __default_signal_display
    defsig_stak_inner.o(.text) refers to defsig_general.o(.text) for __default_signal_display
    defsig_pvfn_inner.o(.text) refers to defsig_general.o(.text) for __default_signal_display
    defsig_cppl_inner.o(.text) refers to defsig_general.o(.text) for __default_signal_display
    defsig_segv_inner.o(.text) refers to defsig_general.o(.text) for __default_signal_display
    defsig_other.o(.text) refers to defsig_general.o(.text) for __default_signal_display


==============================================================================

Removing Unused input sections from the image.

    Removing system_m480.o(.rev16_text), (4 bytes).
    Removing system_m480.o(.revsh_text), (4 bytes).
    Removing system_m480.o(.rrx_text), (6 bytes).
    Removing main.o(.rev16_text), (4 bytes).
    Removing main.o(.revsh_text), (4 bytes).
    Removing main.o(.rrx_text), (6 bytes).
    Removing descriptors.o(.rev16_text), (4 bytes).
    Removing descriptors.o(.revsh_text), (4 bytes).
    Removing descriptors.o(.rrx_text), (6 bytes).
    Removing massstorage.o(.rev16_text), (4 bytes).
    Removing massstorage.o(.revsh_text), (4 bytes).
    Removing massstorage.o(.rrx_text), (6 bytes).
    Removing clk.o(.rev16_text), (4 bytes).
    Removing clk.o(.revsh_text), (4 bytes).
    Removing clk.o(.rrx_text), (6 bytes).
    Removing clk.o(i.CLK_DisableCKO), (16 bytes).
    Removing clk.o(i.CLK_DisableModuleClock), (40 bytes).
    Removing clk.o(i.CLK_DisableSysTick), (10 bytes).
    Removing clk.o(i.CLK_DisableXtalRC), (20 bytes).
    Removing clk.o(i.CLK_EnableCKO), (48 bytes).
    Removing clk.o(i.CLK_EnableDPDWKPin), (24 bytes).
    Removing clk.o(i.CLK_EnableSPDWKPin), (48 bytes).
    Removing clk.o(i.CLK_EnableSysTick), (72 bytes).
    Removing clk.o(i.CLK_GetCPUFreq), (16 bytes).
    Removing clk.o(i.CLK_GetHCLKFreq), (16 bytes).
    Removing clk.o(i.CLK_GetHXTFreq), (28 bytes).
    Removing clk.o(i.CLK_GetLXTFreq), (24 bytes).
    Removing clk.o(i.CLK_GetModuleClockDivider), (68 bytes).
    Removing clk.o(i.CLK_GetModuleClockSource), (152 bytes).
    Removing clk.o(i.CLK_GetPCLK0Freq), (120 bytes).
    Removing clk.o(i.CLK_GetPCLK1Freq), (120 bytes).
    Removing clk.o(i.CLK_GetPMUWKSrc), (12 bytes).
    Removing clk.o(i.CLK_Idle), (40 bytes).
    Removing clk.o(i.CLK_PowerDown), (40 bytes).
    Removing clk.o(i.CLK_SetModuleClock), (112 bytes).
    Removing clk.o(i.CLK_SetPowerDownMode), (60 bytes).
    Removing clk.o(i.CLK_SetSysTickClockSrc), (24 bytes).
    Removing clk.o(.constdata), (32 bytes).
    Removing sys.o(.rev16_text), (4 bytes).
    Removing sys.o(.revsh_text), (4 bytes).
    Removing sys.o(.rrx_text), (6 bytes).
    Removing sys.o(i.SYS_ClearResetSrc), (16 bytes).
    Removing sys.o(i.SYS_DisableBOD), (18 bytes).
    Removing sys.o(i.SYS_EnableBOD), (42 bytes).
    Removing sys.o(i.SYS_GetBODStatus), (12 bytes).
    Removing sys.o(i.SYS_GetResetSrc), (8 bytes).
    Removing sys.o(i.SYS_IsRegLocked), (20 bytes).
    Removing sys.o(i.SYS_ReadPDID), (8 bytes).
    Removing sys.o(i.SYS_ResetCPU), (18 bytes).
    Removing sys.o(i.SYS_ResetChip), (18 bytes).
    Removing sys.o(i.SYS_ResetModule), (40 bytes).
    Removing sys.o(i.SYS_SetPowerLevel), (24 bytes).
    Removing uart.o(.rev16_text), (4 bytes).
    Removing uart.o(.revsh_text), (4 bytes).
    Removing uart.o(.rrx_text), (6 bytes).
    Removing uart.o(i.UART_ClearIntFlag), (72 bytes).
    Removing uart.o(i.UART_Close), (6 bytes).
    Removing uart.o(i.UART_DisableFlowCtrl), (10 bytes).
    Removing uart.o(i.UART_DisableInt), (8 bytes).
    Removing uart.o(i.UART_EnableFlowCtrl), (26 bytes).
    Removing uart.o(i.UART_EnableInt), (8 bytes).
    Removing uart.o(i.UART_Read), (58 bytes).
    Removing uart.o(i.UART_SelectIrDAMode), (316 bytes).
    Removing uart.o(i.UART_SelectLINMode), (26 bytes).
    Removing uart.o(i.UART_SelectRS485Mode), (32 bytes).
    Removing uart.o(i.UART_SetLineConfig), (320 bytes).
    Removing uart.o(i.UART_SetTimeoutCnt), (20 bytes).
    Removing uart.o(i.UART_Write), (58 bytes).
    Removing retarget.o(.rev16_text), (4 bytes).
    Removing retarget.o(.revsh_text), (4 bytes).
    Removing retarget.o(.rrx_text), (6 bytes).
    Removing retarget.o(i.GetChar), (44 bytes).
    Removing retarget.o(i._read), (32 bytes).
    Removing retarget.o(i._ttywrch), (12 bytes).
    Removing retarget.o(i._write), (72 bytes).
    Removing retarget.o(i.kbhit), (4 bytes).
    Removing hsusbd.o(.rev16_text), (4 bytes).
    Removing hsusbd.o(.revsh_text), (4 bytes).
    Removing hsusbd.o(.rrx_text), (6 bytes).
    Removing hsusbd.o(i.HSUSBD_CtrlOut), (64 bytes).
    Removing hsusbd.o(i.HSUSBD_SetVendorRequest), (12 bytes).

81 unused section(s) (total 2692 bytes) removed from the image.

==============================================================================

Image Symbol Table

    Local Symbols

    Symbol Name                              Value     Ov Type        Size  Object(Section)

    RESET                                    0x00000000   Section      440  startup_m480.o(RESET)
    ../clib/angel/boardlib.s                 0x00000000   Number         0  boardinit2.o ABSOLUTE
    ../clib/angel/boardlib.s                 0x00000000   Number         0  boardshut.o ABSOLUTE
    ../clib/angel/boardlib.s                 0x00000000   Number         0  boardinit3.o ABSOLUTE
    ../clib/angel/boardlib.s                 0x00000000   Number         0  boardinit1.o ABSOLUTE
    ../clib/angel/dczerorl2.s                0x00000000   Number         0  __dczerorl2.o ABSOLUTE
    ../clib/angel/handlers.s                 0x00000000   Number         0  __scatter_zi.o ABSOLUTE
    ../clib/angel/kernel.s                   0x00000000   Number         0  __rtentry.o ABSOLUTE
    ../clib/angel/kernel.s                   0x00000000   Number         0  __rtentry2.o ABSOLUTE
    ../clib/angel/kernel.s                   0x00000000   Number         0  __rtentry4.o ABSOLUTE
    ../clib/angel/kernel.s                   0x00000000   Number         0  rtexit.o ABSOLUTE
    ../clib/angel/kernel.s                   0x00000000   Number         0  rtexit2.o ABSOLUTE
    ../clib/angel/rt.s                       0x00000000   Number         0  rt_raise.o ABSOLUTE
    ../clib/angel/scatter.s                  0x00000000   Number         0  __scatter.o ABSOLUTE
    ../clib/angel/startup.s                  0x00000000   Number         0  __main.o ABSOLUTE
    ../clib/angel/sys.s                      0x00000000   Number         0  use_no_semi.o ABSOLUTE
    ../clib/angel/sys.s                      0x00000000   Number         0  indicate_semi.o ABSOLUTE
    ../clib/angel/sys.s                      0x00000000   Number         0  sys_stackheap_outer.o ABSOLUTE
    ../clib/angel/sys.s                      0x00000000   Number         0  libspace.o ABSOLUTE
    ../clib/angel/sysapp.c                   0x00000000   Number         0  sys_command.o ABSOLUTE
    ../clib/armsys.c                         0x00000000   Number         0  _get_argv_nomalloc.o ABSOLUTE
    ../clib/armsys.c                         0x00000000   Number         0  argv_veneer.o ABSOLUTE
    ../clib/armsys.c                         0x00000000   Number         0  argv_veneer.o ABSOLUTE
    ../clib/armsys.c                         0x00000000   Number         0  no_argv.o ABSOLUTE
    ../clib/heapalloc.c                      0x00000000   Number         0  hrguard.o ABSOLUTE
    ../clib/heapaux.c                        0x00000000   Number         0  heapauxi.o ABSOLUTE
    ../clib/libinit.s                        0x00000000   Number         0  libinit.o ABSOLUTE
    ../clib/libinit.s                        0x00000000   Number         0  libinit2.o ABSOLUTE
    ../clib/libinit.s                        0x00000000   Number         0  libshutdown.o ABSOLUTE
    ../clib/libinit.s                        0x00000000   Number         0  libshutdown2.o ABSOLUTE
    ../clib/memcpset.s                       0x00000000   Number         0  rt_memclr_w.o ABSOLUTE
    ../clib/memcpset.s                       0x00000000   Number         0  rt_memcpy_w.o ABSOLUTE
    ../clib/memcpset.s                       0x00000000   Number         0  rt_memclr.o ABSOLUTE
    ../clib/misc.s                           0x00000000   Number         0  printf_stubs.o ABSOLUTE
    ../clib/printf.c                         0x00000000   Number         0  _printf_char_common.o ABSOLUTE
    ../clib/printf.c                         0x00000000   Number         0  __printf_nopercent.o ABSOLUTE
    ../clib/printf.c                         0x00000000   Number         0  __printf_ss_wp.o ABSOLUTE
    ../clib/printf.c                         0x00000000   Number         0  __printf_ss.o ABSOLUTE
    ../clib/printf.c                         0x00000000   Number         0  _printf_char_file.o ABSOLUTE
    ../clib/printf.c                         0x00000000   Number         0  _printf_intcommon.o ABSOLUTE
    ../clib/printf.c                         0x00000000   Number         0  __printf_wp.o ABSOLUTE
    ../clib/printf.c                         0x00000000   Number         0  __2printf.o ABSOLUTE
    ../clib/printf.c                         0x00000000   Number         0  noretval__2printf.o ABSOLUTE
    ../clib/printf.c                         0x00000000   Number         0  __printf_flags_ss_wp.o ABSOLUTE
    ../clib/printf.c                         0x00000000   Number         0  __printf.o ABSOLUTE
    ../clib/printf.c                         0x00000000   Number         0  _printf_hex_int.o ABSOLUTE
    ../clib/printf.c                         0x00000000   Number         0  _printf_hex_ll.o ABSOLUTE
    ../clib/printf.c                         0x00000000   Number         0  __printf_flags_wp.o ABSOLUTE
    ../clib/printf.c                         0x00000000   Number         0  __printf_flags_ss.o ABSOLUTE
    ../clib/printf.c                         0x00000000   Number         0  _printf_hex_int_ll.o ABSOLUTE
    ../clib/printf.c                         0x00000000   Number         0  _printf_hex_ptr.o ABSOLUTE
    ../clib/printf.c                         0x00000000   Number         0  _printf_hex_int_ptr.o ABSOLUTE
    ../clib/printf.c                         0x00000000   Number         0  _printf_hex_ll_ptr.o ABSOLUTE
    ../clib/printf.c                         0x00000000   Number         0  _printf_hex_int_ll_ptr.o ABSOLUTE
    ../clib/printf.c                         0x00000000   Number         0  __printf_flags.o ABSOLUTE
    ../clib/printf_percent.s                 0x00000000   Number         0  _printf_percent.o ABSOLUTE
    ../clib/printf_percent.s                 0x00000000   Number         0  _printf_x.o ABSOLUTE
    ../clib/printf_percent.s                 0x00000000   Number         0  _printf_percent_end.o ABSOLUTE
    ../clib/signal.c                         0x00000000   Number         0  defsig_other.o ABSOLUTE
    ../clib/signal.c                         0x00000000   Number         0  defsig_segv_inner.o ABSOLUTE
    ../clib/signal.c                         0x00000000   Number         0  defsig_abrt_inner.o ABSOLUTE
    ../clib/signal.c                         0x00000000   Number         0  defsig_cppl_inner.o ABSOLUTE
    ../clib/signal.c                         0x00000000   Number         0  defsig_pvfn_inner.o ABSOLUTE
    ../clib/signal.c                         0x00000000   Number         0  defsig_stak_inner.o ABSOLUTE
    ../clib/signal.c                         0x00000000   Number         0  defsig_rtred_inner.o ABSOLUTE
    ../clib/signal.c                         0x00000000   Number         0  defsig_fpe_inner.o ABSOLUTE
    ../clib/signal.c                         0x00000000   Number         0  defsig_rtmem_outer.o ABSOLUTE
    ../clib/signal.c                         0x00000000   Number         0  defsig_general.o ABSOLUTE
    ../clib/signal.c                         0x00000000   Number         0  defsig_rtmem_formal.o ABSOLUTE
    ../clib/signal.c                         0x00000000   Number         0  __raise.o ABSOLUTE
    ../clib/signal.c                         0x00000000   Number         0  defsig_rtmem_inner.o ABSOLUTE
    ../clib/signal.c                         0x00000000   Number         0  defsig_exit.o ABSOLUTE
    ../clib/signal.s                         0x00000000   Number         0  defsig.o ABSOLUTE
    ../clib/stdio.c                          0x00000000   Number         0  ferror.o ABSOLUTE
    ../clib/stdio.c                          0x00000000   Number         0  ferror_locked.o ABSOLUTE
    ../clib/stdlib.c                         0x00000000   Number         0  exit.o ABSOLUTE
    ../fplib/fpinit.s                        0x00000000   Number         0  fpinit.o ABSOLUTE
    ..\..\..\..\Library\Device\Nuvoton\M480\Source\ARM\startup_M480.s 0x00000000   Number         0  startup_m480.o ABSOLUTE
    ..\..\..\..\Library\Device\Nuvoton\M480\Source\system_M480.c 0x00000000   Number         0  system_m480.o ABSOLUTE
    ..\..\..\..\Library\StdDriver\src\clk.c  0x00000000   Number         0  clk.o ABSOLUTE
    ..\..\..\..\Library\StdDriver\src\hsusbd.c 0x00000000   Number         0  hsusbd.o ABSOLUTE
    ..\..\..\..\Library\StdDriver\src\retarget.c 0x00000000   Number         0  retarget.o ABSOLUTE
    ..\..\..\..\Library\StdDriver\src\sys.c  0x00000000   Number         0  sys.o ABSOLUTE
    ..\..\..\..\Library\StdDriver\src\uart.c 0x00000000   Number         0  uart.o ABSOLUTE
    ..\MassStorage.c                         0x00000000   Number         0  massstorage.o ABSOLUTE
    ..\\..\\..\\..\\Library\\Device\\Nuvoton\\M480\\Source\\system_M480.c 0x00000000   Number         0  system_m480.o ABSOLUTE
    ..\\..\\..\\..\\Library\\StdDriver\\src\\clk.c 0x00000000   Number         0  clk.o ABSOLUTE
    ..\\..\\..\\..\\Library\\StdDriver\\src\\hsusbd.c 0x00000000   Number         0  hsusbd.o ABSOLUTE
    ..\\..\\..\\..\\Library\\StdDriver\\src\\retarget.c 0x00000000   Number         0  retarget.o ABSOLUTE
    ..\\..\\..\\..\\Library\\StdDriver\\src\\sys.c 0x00000000   Number         0  sys.o ABSOLUTE
    ..\\..\\..\\..\\Library\\StdDriver\\src\\uart.c 0x00000000   Number         0  uart.o ABSOLUTE
    ..\\MassStorage.c                        0x00000000   Number         0  massstorage.o ABSOLUTE
    ..\\descriptors.c                        0x00000000   Number         0  descriptors.o ABSOLUTE
    ..\\main.c                               0x00000000   Number         0  main.o ABSOLUTE
    ..\descriptors.c                         0x00000000   Number         0  descriptors.o ABSOLUTE
    ..\main.c                                0x00000000   Number         0  main.o ABSOLUTE
    dc.s                                     0x00000000   Number         0  dc.o ABSOLUTE
    !!!main                                  0x000001b8   Section        8  __main.o(!!!main)
    !!!scatter                               0x000001c0   Section       52  __scatter.o(!!!scatter)
    !!dczerorl2                              0x000001f4   Section       90  __dczerorl2.o(!!dczerorl2)
    !!handler_zi                             0x00000250   Section       28  __scatter_zi.o(!!handler_zi)
    .ARM.Collect$$_printf_percent$$00000000  0x0000026c   Section        0  _printf_percent.o(.ARM.Collect$$_printf_percent$$00000000)
    .ARM.Collect$$_printf_percent$$0000000C  0x0000026c   Section        6  _printf_x.o(.ARM.Collect$$_printf_percent$$0000000C)
    .ARM.Collect$$_printf_percent$$00000017  0x00000272   Section        4  _printf_percent_end.o(.ARM.Collect$$_printf_percent$$00000017)
    .ARM.Collect$$libinit$$00000000          0x00000276   Section        2  libinit.o(.ARM.Collect$$libinit$$00000000)
    .ARM.Collect$$libinit$$00000001          0x00000278   Section        4  libinit2.o(.ARM.Collect$$libinit$$00000001)
    .ARM.Collect$$libinit$$00000004          0x0000027c   Section        0  libinit2.o(.ARM.Collect$$libinit$$00000004)
    .ARM.Collect$$libinit$$0000000A          0x0000027c   Section        0  libinit2.o(.ARM.Collect$$libinit$$0000000A)
    .ARM.Collect$$libinit$$0000000C          0x0000027c   Section        0  libinit2.o(.ARM.Collect$$libinit$$0000000C)
    .ARM.Collect$$libinit$$0000000E          0x0000027c   Section        0  libinit2.o(.ARM.Collect$$libinit$$0000000E)
    .ARM.Collect$$libinit$$00000011          0x0000027c   Section        0  libinit2.o(.ARM.Collect$$libinit$$00000011)
    .ARM.Collect$$libinit$$00000013          0x0000027c   Section        0  libinit2.o(.ARM.Collect$$libinit$$00000013)
    .ARM.Collect$$libinit$$00000015          0x0000027c   Section        0  libinit2.o(.ARM.Collect$$libinit$$00000015)
    .ARM.Collect$$libinit$$00000017          0x0000027c   Section        0  libinit2.o(.ARM.Collect$$libinit$$00000017)
    .ARM.Collect$$libinit$$00000019          0x0000027c   Section        0  libinit2.o(.ARM.Collect$$libinit$$00000019)
    .ARM.Collect$$libinit$$0000001B          0x0000027c   Section        0  libinit2.o(.ARM.Collect$$libinit$$0000001B)
    .ARM.Collect$$libinit$$0000001D          0x0000027c   Section        0  libinit2.o(.ARM.Collect$$libinit$$0000001D)
    .ARM.Collect$$libinit$$0000001F          0x0000027c   Section        0  libinit2.o(.ARM.Collect$$libinit$$0000001F)
    .ARM.Collect$$libinit$$00000021          0x0000027c   Section        0  libinit2.o(.ARM.Collect$$libinit$$00000021)
    .ARM.Collect$$libinit$$00000023          0x0000027c   Section        0  libinit2.o(.ARM.Collect$$libinit$$00000023)
    .ARM.Collect$$libinit$$00000025          0x0000027c   Section        0  libinit2.o(.ARM.Collect$$libinit$$00000025)
    .ARM.Collect$$libinit$$0000002C          0x0000027c   Section        0  libinit2.o(.ARM.Collect$$libinit$$0000002C)
    .ARM.Collect$$libinit$$0000002E          0x0000027c   Section        0  libinit2.o(.ARM.Collect$$libinit$$0000002E)
    .ARM.Collect$$libinit$$00000030          0x0000027c   Section        0  libinit2.o(.ARM.Collect$$libinit$$00000030)
    .ARM.Collect$$libinit$$00000032          0x0000027c   Section        0  libinit2.o(.ARM.Collect$$libinit$$00000032)
    .ARM.Collect$$libinit$$00000033          0x0000027c   Section        2  libinit2.o(.ARM.Collect$$libinit$$00000033)
    .ARM.Collect$$libshutdown$$00000000      0x0000027e   Section        2  libshutdown.o(.ARM.Collect$$libshutdown$$00000000)
    .ARM.Collect$$libshutdown$$00000002      0x00000280   Section        0  libshutdown2.o(.ARM.Collect$$libshutdown$$00000002)
    .ARM.Collect$$libshutdown$$00000004      0x00000280   Section        0  libshutdown2.o(.ARM.Collect$$libshutdown$$00000004)
    .ARM.Collect$$libshutdown$$00000007      0x00000280   Section        0  libshutdown2.o(.ARM.Collect$$libshutdown$$00000007)
    .ARM.Collect$$libshutdown$$0000000A      0x00000280   Section        0  libshutdown2.o(.ARM.Collect$$libshutdown$$0000000A)
    .ARM.Collect$$libshutdown$$0000000C      0x00000280   Section        0  libshutdown2.o(.ARM.Collect$$libshutdown$$0000000C)
    .ARM.Collect$$libshutdown$$0000000F      0x00000280   Section        0  libshutdown2.o(.ARM.Collect$$libshutdown$$0000000F)
    .ARM.Collect$$libshutdown$$00000010      0x00000280   Section        2  libshutdown2.o(.ARM.Collect$$libshutdown$$00000010)
    .ARM.Collect$$rtentry$$00000000          0x00000282   Section        0  __rtentry.o(.ARM.Collect$$rtentry$$00000000)
    .ARM.Collect$$rtentry$$00000002          0x00000282   Section        0  __rtentry2.o(.ARM.Collect$$rtentry$$00000002)
    .ARM.Collect$$rtentry$$00000004          0x00000282   Section        6  __rtentry4.o(.ARM.Collect$$rtentry$$00000004)
    .ARM.Collect$$rtentry$$00000009          0x00000288   Section        0  __rtentry2.o(.ARM.Collect$$rtentry$$00000009)
    .ARM.Collect$$rtentry$$0000000A          0x00000288   Section        4  __rtentry2.o(.ARM.Collect$$rtentry$$0000000A)
    .ARM.Collect$$rtentry$$0000000C          0x0000028c   Section        0  __rtentry2.o(.ARM.Collect$$rtentry$$0000000C)
    .ARM.Collect$$rtentry$$0000000D          0x0000028c   Section        8  __rtentry2.o(.ARM.Collect$$rtentry$$0000000D)
    .ARM.Collect$$rtexit$$00000000           0x00000294   Section        2  rtexit.o(.ARM.Collect$$rtexit$$00000000)
    .ARM.Collect$$rtexit$$00000002           0x00000296   Section        0  rtexit2.o(.ARM.Collect$$rtexit$$00000002)
    .ARM.Collect$$rtexit$$00000003           0x00000296   Section        4  rtexit2.o(.ARM.Collect$$rtexit$$00000003)
    .ARM.Collect$$rtexit$$00000004           0x0000029a   Section        6  rtexit2.o(.ARM.Collect$$rtexit$$00000004)
    .emb_text                                0x000002a0   Section       82  retarget.o(.emb_text)
    $v0                                      0x000002a0   Number         0  retarget.o(.emb_text)
    .text                                    0x000002f4   Section      132  startup_m480.o(.text)
    $v0                                      0x000002f4   Number         0  startup_m480.o(.text)
    Default_Handler                          0x00000347   Thumb Code     2  startup_m480.o(.text)
    .text                                    0x00000378   Section        0  noretval__2printf.o(.text)
    .text                                    0x00000390   Section        0  _printf_hex_int.o(.text)
    .text                                    0x000003e8   Section        0  __printf_wp.o(.text)
    .text                                    0x000004f6   Section      100  rt_memcpy_w.o(.text)
    .text                                    0x0000055a   Section       68  rt_memclr.o(.text)
    .text                                    0x0000059e   Section        0  heapauxi.o(.text)
    .text                                    0x000005a4   Section        0  _printf_intcommon.o(.text)
    .text                                    0x00000658   Section        0  _printf_char_file.o(.text)
    .text                                    0x0000067c   Section       78  rt_memclr_w.o(.text)
    .text                                    0x000006cc   Section        0  _printf_char_common.o(.text)
    _printf_input_char                       0x000006cd   Thumb Code    10  _printf_char_common.o(.text)
    .text                                    0x000006fc   Section        0  ferror.o(.text)
    .text                                    0x00000704   Section       74  sys_stackheap_outer.o(.text)
    .text                                    0x0000074e   Section        0  exit.o(.text)
    .text                                    0x00000760   Section        8  libspace.o(.text)
    i.CLK_DisablePLL                         0x00000768   Section        0  clk.o(i.CLK_DisablePLL)
    i.CLK_EnableModuleClock                  0x00000780   Section        0  clk.o(i.CLK_EnableModuleClock)
    i.CLK_EnablePLL                          0x000007a8   Section        0  clk.o(i.CLK_EnablePLL)
    i.CLK_EnableXtalRC                       0x0000093c   Section        0  clk.o(i.CLK_EnableXtalRC)
    i.CLK_GetPLLClockFreq                    0x00000950   Section        0  clk.o(i.CLK_GetPLLClockFreq)
    i.CLK_SetCoreClock                       0x000009c4   Section        0  clk.o(i.CLK_SetCoreClock)
    i.CLK_SetHCLK                            0x00000a68   Section        0  clk.o(i.CLK_SetHCLK)
    i.CLK_WaitClockReady                     0x00000ae4   Section        0  clk.o(i.CLK_WaitClockReady)
    i.HSUSBD_ConfigEp                        0x00000b10   Section        0  massstorage.o(i.HSUSBD_ConfigEp)
    HSUSBD_ConfigEp                          0x00000b11   Thumb Code    86  massstorage.o(i.HSUSBD_ConfigEp)
    i.HSUSBD_CtrlIn                          0x00000b6c   Section        0  hsusbd.o(i.HSUSBD_CtrlIn)
    i.HSUSBD_GetDescriptor                   0x00000c40   Section        0  hsusbd.o(i.HSUSBD_GetDescriptor)
    i.HSUSBD_MemCopy                         0x00000f2c   Section        0  massstorage.o(i.HSUSBD_MemCopy)
    HSUSBD_MemCopy                           0x00000f2d   Thumb Code    24  massstorage.o(i.HSUSBD_MemCopy)
    i.HSUSBD_Open                            0x00000f44   Section        0  hsusbd.o(i.HSUSBD_Open)
    i.HSUSBD_PrepareCtrlIn                   0x00000fa4   Section        0  hsusbd.o(i.HSUSBD_PrepareCtrlIn)
    i.HSUSBD_ProcessSetupPacket              0x00000fb8   Section        0  hsusbd.o(i.HSUSBD_ProcessSetupPacket)
    i.HSUSBD_SetEpBufAddr                    0x00001030   Section        0  massstorage.o(i.HSUSBD_SetEpBufAddr)
    HSUSBD_SetEpBufAddr                      0x00001031   Thumb Code    54  massstorage.o(i.HSUSBD_SetEpBufAddr)
    i.HSUSBD_StandardRequest                 0x0000106c   Section        0  hsusbd.o(i.HSUSBD_StandardRequest)
    i.HSUSBD_Start                           0x00001308   Section        0  hsusbd.o(i.HSUSBD_Start)
    i.HSUSBD_SwReset                         0x0000131c   Section        0  hsusbd.o(i.HSUSBD_SwReset)
    i.HSUSBD_UpdateDeviceState               0x00001348   Section        0  hsusbd.o(i.HSUSBD_UpdateDeviceState)
    i.Hard_Fault_Handler                     0x000014d0   Section        0  retarget.o(i.Hard_Fault_Handler)
    __tagsym$$used                           0x000014d1   Number         0  retarget.o(i.Hard_Fault_Handler)
    i.IsDebugFifoEmpty                       0x000014fc   Section        0  retarget.o(i.IsDebugFifoEmpty)
    i.MSC_AckCmd                             0x00001500   Section        0  massstorage.o(i.MSC_AckCmd)
    i.MSC_ActiveDMA                          0x0000153c   Section        0  massstorage.o(i.MSC_ActiveDMA)
    i.MSC_BulkIn                             0x00001594   Section        0  massstorage.o(i.MSC_BulkIn)
    i.MSC_BulkOut                            0x00001678   Section        0  massstorage.o(i.MSC_BulkOut)
    i.MSC_ClassRequest                       0x000016c8   Section        0  massstorage.o(i.MSC_ClassRequest)
    i.MSC_Init                               0x00001734   Section        0  massstorage.o(i.MSC_Init)
    i.MSC_InitForFullSpeed                   0x00001798   Section        0  massstorage.o(i.MSC_InitForFullSpeed)
    i.MSC_InitForHighSpeed                   0x000017f0   Section        0  massstorage.o(i.MSC_InitForHighSpeed)
    i.MSC_ModeSense10                        0x0000184c   Section        0  massstorage.o(i.MSC_ModeSense10)
    i.MSC_ModeSense6                         0x00001a30   Section        0  massstorage.o(i.MSC_ModeSense6)
    i.MSC_ProcessCmd                         0x00001a64   Section        0  massstorage.o(i.MSC_ProcessCmd)
    i.MSC_ReadCapacity                       0x00001c50   Section        0  massstorage.o(i.MSC_ReadCapacity)
    i.MSC_ReadFormatCapacity                 0x00001cb0   Section        0  massstorage.o(i.MSC_ReadFormatCapacity)
    i.MSC_ReceiveCBW                         0x00001d44   Section        0  massstorage.o(i.MSC_ReceiveCBW)
    i.MSC_RequestSense                       0x00001d84   Section        0  massstorage.o(i.MSC_RequestSense)
    i.SYS_Init                               0x00001dfc   Section        0  main.o(i.SYS_Init)
    i.SendChar                               0x00001eb0   Section        0  retarget.o(i.SendChar)
    SendChar                                 0x00001eb1   Thumb Code    70  retarget.o(i.SendChar)
    i.SystemCoreClockUpdate                  0x00001f00   Section        0  system_m480.o(i.SystemCoreClockUpdate)
    i.SystemInit                             0x00001f64   Section        0  system_m480.o(i.SystemInit)
    i.UART_Open                              0x00001ff8   Section        0  uart.o(i.UART_Open)
    i.USBD20_IRQHandler                      0x00002138   Section        0  massstorage.o(i.USBD20_IRQHandler)
    i._is_digit                              0x000025a0   Section        0  __printf_wp.o(i._is_digit)
    i._sys_exit                              0x000025b0   Section        0  retarget.o(i._sys_exit)
    i.format                                 0x000025d0   Section        0  main.o(i.format)
    i.fputc                                  0x00002618   Section        0  retarget.o(i.fputc)
    i.get_be32                               0x00002628   Section        0  massstorage.o(i.get_be32)
    get_be32                                 0x00002629   Thumb Code    24  massstorage.o(i.get_be32)
    i.main                                   0x00002640   Section        0  main.o(i.main)
    i.stackDump                              0x00002778   Section        0  retarget.o(i.stackDump)
    stackDump                                0x00002779   Thumb Code    70  retarget.o(i.stackDump)
    x$fpl$fpinit                             0x00002820   Section       10  fpinit.o(x$fpl$fpinit)
    $v0                                      0x00002820   Number         0  fpinit.o(x$fpl$fpinit)
    .constdata                               0x0000282c   Section      512  main.o(.constdata)
    .constdata                               0x00002a2c   Section       48  uart.o(.constdata)
    .constdata                               0x00002a5c   Section       40  _printf_hex_int.o(.constdata)
    uc_hextab                                0x00002a5c   Data          20  _printf_hex_int.o(.constdata)
    lc_hextab                                0x00002a70   Data          20  _printf_hex_int.o(.constdata)
    .data                                    0x20000000   Section       44  system_m480.o(.data)
    .data                                    0x2000002c   Section       12  main.o(.data)
    .data                                    0x20000038   Section      292  descriptors.o(.data)
    .data                                    0x2000015c   Section      156  massstorage.o(.data)
    g_au8ModePage_01                         0x200001a0   Data          12  massstorage.o(.data)
    g_au8ModePage_05                         0x200001ac   Data          32  massstorage.o(.data)
    g_au8ModePage_1B                         0x200001cc   Data          12  massstorage.o(.data)
    g_au8ModePage_1C                         0x200001d8   Data           8  massstorage.o(.data)
    g_au8ModePage                            0x200001e0   Data          24  massstorage.o(.data)
    .data                                    0x200001f8   Section        9  retarget.o(.data)
    g_buf_len                                0x20000200   Data           1  retarget.o(.data)
    .data                                    0x20000204   Section       52  hsusbd.o(.data)
    g_hsusbd_CtrlInPointer                   0x20000220   Data           4  hsusbd.o(.data)
    g_hsusbd_CtrlMaxPktSize                  0x20000224   Data           4  hsusbd.o(.data)
    g_hsusbd_UsbConfig                       0x20000228   Data           1  hsusbd.o(.data)
    g_hsusbd_UsbAltInterface                 0x20000229   Data           1  hsusbd.o(.data)
    g_hsusbd_EnableTestMode                  0x2000022a   Data           1  hsusbd.o(.data)
    g_hsusbd_TestSelector                    0x2000022b   Data           1  hsusbd.o(.data)
    .bss                                     0x20000238   Section       24  descriptors.o(.bss)
    .bss                                     0x20000250   Section       48  massstorage.o(.bss)
    .bss                                     0x20000280   Section       16  retarget.o(.bss)
    g_buf                                    0x20000280   Data          16  retarget.o(.bss)
    .bss                                     0x20000290   Section       12  hsusbd.o(.bss)
    g_hsusbd_buf                             0x20000290   Data          12  hsusbd.o(.bss)
    .bss                                     0x2000029c   Section       96  libspace.o(.bss)
    HEAP                                     0x20000300   Section      256  startup_m480.o(HEAP)
    Heap_Mem                                 0x20000300   Data         256  startup_m480.o(HEAP)
    STACK                                    0x20000400   Section     2048  startup_m480.o(STACK)
    Stack_Mem                                0x20000400   Data        2048  startup_m480.o(STACK)
    __initial_sp                             0x20000c00   Data           0  startup_m480.o(STACK)
    .ARM.__AT_0x20007320                     0x20007320   Section       32  main.o(.ARM.__AT_0x20007320)

    Global Symbols

    Symbol Name                              Value     Ov Type        Size  Object(Section)

    BuildAttributes$$THM_ISAv4$E$P$D$K$B$S$7EM$VFPi3$EXTD16$VFPS$VFMA$PE$A:L22UL41UL21$X:L11$S22US41US21$IEEE1$IW$USESV6$~STKCKD$USESV7$~SHL$OSPACE$ROPI$EBA8$UX$STANDARDLIB$REQ8$PRES8$EABIv2 0x00000000   Number         0  anon$$obj.o ABSOLUTE
    __ARM_use_no_argv                        0x00000000   Number         0  main.o ABSOLUTE
    __Vectors                                0x00000000   Data           4  startup_m480.o(RESET)
    _printf_flags                            0x00000000   Number         0  printf_stubs.o ABSOLUTE
    _printf_return_value                     0x00000000   Number         0  printf_stubs.o ABSOLUTE
    _printf_sizespec                         0x00000000   Number         0  printf_stubs.o ABSOLUTE
    _printf_widthprec                        0x00000000   Number         0  printf_stubs.o ABSOLUTE
    __ARM_exceptions_init                     - Undefined Weak Reference
    __alloca_initialize                       - Undefined Weak Reference
    __arm_preinit_                            - Undefined Weak Reference
    __cpp_initialize__aeabi_                  - Undefined Weak Reference
    __cxa_finalize                            - Undefined Weak Reference
    __rt_locale                               - Undefined Weak Reference
    __sigvec_lookup                           - Undefined Weak Reference
    _atexit_init                              - Undefined Weak Reference
    _call_atexit_fns                          - Undefined Weak Reference
    _clock_init                               - Undefined Weak Reference
    _fp_trap_init                             - Undefined Weak Reference
    _fp_trap_shutdown                         - Undefined Weak Reference
    _get_lc_collate                           - Undefined Weak Reference
    _get_lc_ctype                             - Undefined Weak Reference
    _get_lc_monetary                          - Undefined Weak Reference
    _get_lc_numeric                           - Undefined Weak Reference
    _get_lc_time                              - Undefined Weak Reference
    _getenv_init                              - Undefined Weak Reference
    _handle_redirection                       - Undefined Weak Reference
    _init_alloc                               - Undefined Weak Reference
    _init_user_alloc                          - Undefined Weak Reference
    _initio                                   - Undefined Weak Reference
    _mutex_acquire                            - Undefined Weak Reference
    _mutex_release                            - Undefined Weak Reference
    _printf_post_padding                      - Undefined Weak Reference
    _printf_pre_padding                       - Undefined Weak Reference
    _printf_truncate_unsigned                 - Undefined Weak Reference
    _rand_init                                - Undefined Weak Reference
    _signal_finish                            - Undefined Weak Reference
    _signal_init                              - Undefined Weak Reference
    _terminate_alloc                          - Undefined Weak Reference
    _terminate_user_alloc                     - Undefined Weak Reference
    _terminateio                              - Undefined Weak Reference
    __Vectors_End                            0x000001b8   Data           0  startup_m480.o(RESET)
    __Vectors_Size                           0x000001b8   Number         0  startup_m480.o ABSOLUTE
    __main                                   0x000001b9   Thumb Code     8  __main.o(!!!main)
    __scatterload                            0x000001c1   Thumb Code     0  __scatter.o(!!!scatter)
    __scatterload_rt2                        0x000001c1   Thumb Code    44  __scatter.o(!!!scatter)
    __scatterload_rt2_thumb_only             0x000001c1   Thumb Code     0  __scatter.o(!!!scatter)
    __scatterload_null                       0x000001cf   Thumb Code     0  __scatter.o(!!!scatter)
    __decompress                             0x000001f5   Thumb Code    90  __dczerorl2.o(!!dczerorl2)
    __decompress1                            0x000001f5   Thumb Code     0  __dczerorl2.o(!!dczerorl2)
    __scatterload_zeroinit                   0x00000251   Thumb Code    28  __scatter_zi.o(!!handler_zi)
    _printf_percent                          0x0000026d   Thumb Code     0  _printf_percent.o(.ARM.Collect$$_printf_percent$$00000000)
    _printf_x                                0x0000026d   Thumb Code     0  _printf_x.o(.ARM.Collect$$_printf_percent$$0000000C)
    _printf_percent_end                      0x00000273   Thumb Code     0  _printf_percent_end.o(.ARM.Collect$$_printf_percent$$00000017)
    __rt_lib_init                            0x00000277   Thumb Code     0  libinit.o(.ARM.Collect$$libinit$$00000000)
    __rt_lib_init_fp_1                       0x00000279   Thumb Code     0  libinit2.o(.ARM.Collect$$libinit$$00000001)
    __rt_lib_init_alloca_1                   0x0000027d   Thumb Code     0  libinit2.o(.ARM.Collect$$libinit$$0000002E)
    __rt_lib_init_argv_1                     0x0000027d   Thumb Code     0  libinit2.o(.ARM.Collect$$libinit$$0000002C)
    __rt_lib_init_atexit_1                   0x0000027d   Thumb Code     0  libinit2.o(.ARM.Collect$$libinit$$0000001B)
    __rt_lib_init_clock_1                    0x0000027d   Thumb Code     0  libinit2.o(.ARM.Collect$$libinit$$00000021)
    __rt_lib_init_cpp_1                      0x0000027d   Thumb Code     0  libinit2.o(.ARM.Collect$$libinit$$00000032)
    __rt_lib_init_exceptions_1               0x0000027d   Thumb Code     0  libinit2.o(.ARM.Collect$$libinit$$00000030)
    __rt_lib_init_fp_trap_1                  0x0000027d   Thumb Code     0  libinit2.o(.ARM.Collect$$libinit$$0000001F)
    __rt_lib_init_getenv_1                   0x0000027d   Thumb Code     0  libinit2.o(.ARM.Collect$$libinit$$00000023)
    __rt_lib_init_heap_1                     0x0000027d   Thumb Code     0  libinit2.o(.ARM.Collect$$libinit$$0000000A)
    __rt_lib_init_lc_collate_1               0x0000027d   Thumb Code     0  libinit2.o(.ARM.Collect$$libinit$$00000011)
    __rt_lib_init_lc_ctype_1                 0x0000027d   Thumb Code     0  libinit2.o(.ARM.Collect$$libinit$$00000013)
    __rt_lib_init_lc_monetary_1              0x0000027d   Thumb Code     0  libinit2.o(.ARM.Collect$$libinit$$00000015)
    __rt_lib_init_lc_numeric_1               0x0000027d   Thumb Code     0  libinit2.o(.ARM.Collect$$libinit$$00000017)
    __rt_lib_init_lc_time_1                  0x0000027d   Thumb Code     0  libinit2.o(.ARM.Collect$$libinit$$00000019)
    __rt_lib_init_preinit_1                  0x0000027d   Thumb Code     0  libinit2.o(.ARM.Collect$$libinit$$00000004)
    __rt_lib_init_rand_1                     0x0000027d   Thumb Code     0  libinit2.o(.ARM.Collect$$libinit$$0000000E)
    __rt_lib_init_return                     0x0000027d   Thumb Code     0  libinit2.o(.ARM.Collect$$libinit$$00000033)
    __rt_lib_init_signal_1                   0x0000027d   Thumb Code     0  libinit2.o(.ARM.Collect$$libinit$$0000001D)
    __rt_lib_init_stdio_1                    0x0000027d   Thumb Code     0  libinit2.o(.ARM.Collect$$libinit$$00000025)
    __rt_lib_init_user_alloc_1               0x0000027d   Thumb Code     0  libinit2.o(.ARM.Collect$$libinit$$0000000C)
    __rt_lib_shutdown                        0x0000027f   Thumb Code     0  libshutdown.o(.ARM.Collect$$libshutdown$$00000000)
    __rt_lib_shutdown_cpp_1                  0x00000281   Thumb Code     0  libshutdown2.o(.ARM.Collect$$libshutdown$$00000002)
    __rt_lib_shutdown_fp_trap_1              0x00000281   Thumb Code     0  libshutdown2.o(.ARM.Collect$$libshutdown$$00000007)
    __rt_lib_shutdown_heap_1                 0x00000281   Thumb Code     0  libshutdown2.o(.ARM.Collect$$libshutdown$$0000000F)
    __rt_lib_shutdown_return                 0x00000281   Thumb Code     0  libshutdown2.o(.ARM.Collect$$libshutdown$$00000010)
    __rt_lib_shutdown_signal_1               0x00000281   Thumb Code     0  libshutdown2.o(.ARM.Collect$$libshutdown$$0000000A)
    __rt_lib_shutdown_stdio_1                0x00000281   Thumb Code     0  libshutdown2.o(.ARM.Collect$$libshutdown$$00000004)
    __rt_lib_shutdown_user_alloc_1           0x00000281   Thumb Code     0  libshutdown2.o(.ARM.Collect$$libshutdown$$0000000C)
    __rt_entry                               0x00000283   Thumb Code     0  __rtentry.o(.ARM.Collect$$rtentry$$00000000)
    __rt_entry_presh_1                       0x00000283   Thumb Code     0  __rtentry2.o(.ARM.Collect$$rtentry$$00000002)
    __rt_entry_sh                            0x00000283   Thumb Code     0  __rtentry4.o(.ARM.Collect$$rtentry$$00000004)
    __rt_entry_li                            0x00000289   Thumb Code     0  __rtentry2.o(.ARM.Collect$$rtentry$$0000000A)
    __rt_entry_postsh_1                      0x00000289   Thumb Code     0  __rtentry2.o(.ARM.Collect$$rtentry$$00000009)
    __rt_entry_main                          0x0000028d   Thumb Code     0  __rtentry2.o(.ARM.Collect$$rtentry$$0000000D)
    __rt_entry_postli_1                      0x0000028d   Thumb Code     0  __rtentry2.o(.ARM.Collect$$rtentry$$0000000C)
    __rt_exit                                0x00000295   Thumb Code     0  rtexit.o(.ARM.Collect$$rtexit$$00000000)
    __rt_exit_ls                             0x00000297   Thumb Code     0  rtexit2.o(.ARM.Collect$$rtexit$$00000003)
    __rt_exit_prels_1                        0x00000297   Thumb Code     0  rtexit2.o(.ARM.Collect$$rtexit$$00000002)
    __rt_exit_exit                           0x0000029b   Thumb Code     0  rtexit2.o(.ARM.Collect$$rtexit$$00000004)
    HardFault_Handler                        0x000002a1   Thumb Code    60  retarget.o(.emb_text)
    SH_DoCommand                             0x000002e1   Thumb Code    18  retarget.o(.emb_text)
    Reset_Handler                            0x000002f5   Thumb Code    64  startup_m480.o(.text)
    NMI_Handler                              0x00000335   Thumb Code     2  startup_m480.o(.text)
    MemManage_Handler                        0x00000339   Thumb Code     2  startup_m480.o(.text)
    BusFault_Handler                         0x0000033b   Thumb Code     2  startup_m480.o(.text)
    UsageFault_Handler                       0x0000033d   Thumb Code     2  startup_m480.o(.text)
    SVC_Handler                              0x0000033f   Thumb Code     2  startup_m480.o(.text)
    DebugMon_Handler                         0x00000341   Thumb Code     2  startup_m480.o(.text)
    PendSV_Handler                           0x00000343   Thumb Code     2  startup_m480.o(.text)
    SysTick_Handler                          0x00000345   Thumb Code     2  startup_m480.o(.text)
    ACMP01_IRQHandler                        0x00000347   Thumb Code     0  startup_m480.o(.text)
    ADC00_IRQHandler                         0x00000347   Thumb Code     0  startup_m480.o(.text)
    ADC01_IRQHandler                         0x00000347   Thumb Code     0  startup_m480.o(.text)
    ADC02_IRQHandler                         0x00000347   Thumb Code     0  startup_m480.o(.text)
    ADC03_IRQHandler                         0x00000347   Thumb Code     0  startup_m480.o(.text)
    BOD_IRQHandler                           0x00000347   Thumb Code     0  startup_m480.o(.text)
    BPWM0_IRQHandler                         0x00000347   Thumb Code     0  startup_m480.o(.text)
    BPWM1_IRQHandler                         0x00000347   Thumb Code     0  startup_m480.o(.text)
    BRAKE0_IRQHandler                        0x00000347   Thumb Code     0  startup_m480.o(.text)
    BRAKE1_IRQHandler                        0x00000347   Thumb Code     0  startup_m480.o(.text)
    CAN0_IRQHandler                          0x00000347   Thumb Code     0  startup_m480.o(.text)
    CAN1_IRQHandler                          0x00000347   Thumb Code     0  startup_m480.o(.text)
    CKFAIL_IRQHandler                        0x00000347   Thumb Code     0  startup_m480.o(.text)
    CRYPTO_IRQHandler                        0x00000347   Thumb Code     0  startup_m480.o(.text)
    DAC_IRQHandler                           0x00000347   Thumb Code     0  startup_m480.o(.text)
    ECAP0_IRQHandler                         0x00000347   Thumb Code     0  startup_m480.o(.text)
    ECAP1_IRQHandler                         0x00000347   Thumb Code     0  startup_m480.o(.text)
    EHCI_IRQHandler                          0x00000347   Thumb Code     0  startup_m480.o(.text)
    EINT0_IRQHandler                         0x00000347   Thumb Code     0  startup_m480.o(.text)
    EINT1_IRQHandler                         0x00000347   Thumb Code     0  startup_m480.o(.text)
    EINT2_IRQHandler                         0x00000347   Thumb Code     0  startup_m480.o(.text)
    EINT3_IRQHandler                         0x00000347   Thumb Code     0  startup_m480.o(.text)
    EINT4_IRQHandler                         0x00000347   Thumb Code     0  startup_m480.o(.text)
    EINT5_IRQHandler                         0x00000347   Thumb Code     0  startup_m480.o(.text)
    EINT6_IRQHandler                         0x00000347   Thumb Code     0  startup_m480.o(.text)
    EINT7_IRQHandler                         0x00000347   Thumb Code     0  startup_m480.o(.text)
    EMAC_RX_IRQHandler                       0x00000347   Thumb Code     0  startup_m480.o(.text)
    EMAC_TX_IRQHandler                       0x00000347   Thumb Code     0  startup_m480.o(.text)
    EPWM0P0_IRQHandler                       0x00000347   Thumb Code     0  startup_m480.o(.text)
    EPWM0P1_IRQHandler                       0x00000347   Thumb Code     0  startup_m480.o(.text)
    EPWM0P2_IRQHandler                       0x00000347   Thumb Code     0  startup_m480.o(.text)
    EPWM1P0_IRQHandler                       0x00000347   Thumb Code     0  startup_m480.o(.text)
    EPWM1P1_IRQHandler                       0x00000347   Thumb Code     0  startup_m480.o(.text)
    EPWM1P2_IRQHandler                       0x00000347   Thumb Code     0  startup_m480.o(.text)
    GPA_IRQHandler                           0x00000347   Thumb Code     0  startup_m480.o(.text)
    GPB_IRQHandler                           0x00000347   Thumb Code     0  startup_m480.o(.text)
    GPC_IRQHandler                           0x00000347   Thumb Code     0  startup_m480.o(.text)
    GPD_IRQHandler                           0x00000347   Thumb Code     0  startup_m480.o(.text)
    GPE_IRQHandler                           0x00000347   Thumb Code     0  startup_m480.o(.text)
    GPF_IRQHandler                           0x00000347   Thumb Code     0  startup_m480.o(.text)
    GPG_IRQHandler                           0x00000347   Thumb Code     0  startup_m480.o(.text)
    GPH_IRQHandler                           0x00000347   Thumb Code     0  startup_m480.o(.text)
    I2C0_IRQHandler                          0x00000347   Thumb Code     0  startup_m480.o(.text)
    I2C1_IRQHandler                          0x00000347   Thumb Code     0  startup_m480.o(.text)
    I2C2_IRQHandler                          0x00000347   Thumb Code     0  startup_m480.o(.text)
    I2S0_IRQHandler                          0x00000347   Thumb Code     0  startup_m480.o(.text)
    IRC_IRQHandler                           0x00000347   Thumb Code     0  startup_m480.o(.text)
    OHCI_IRQHandler                          0x00000347   Thumb Code     0  startup_m480.o(.text)
    OPA0_IRQHandler                          0x00000347   Thumb Code     0  startup_m480.o(.text)
    PDMA_IRQHandler                          0x00000347   Thumb Code     0  startup_m480.o(.text)
    PWRWU_IRQHandler                         0x00000347   Thumb Code     0  startup_m480.o(.text)
    QEI0_IRQHandler                          0x00000347   Thumb Code     0  startup_m480.o(.text)
    QEI1_IRQHandler                          0x00000347   Thumb Code     0  startup_m480.o(.text)
    QSPI0_IRQHandler                         0x00000347   Thumb Code     0  startup_m480.o(.text)
    RAMPE_IRQHandler                         0x00000347   Thumb Code     0  startup_m480.o(.text)
    RTC_IRQHandler                           0x00000347   Thumb Code     0  startup_m480.o(.text)
    SC0_IRQHandler                           0x00000347   Thumb Code     0  startup_m480.o(.text)
    SC1_IRQHandler                           0x00000347   Thumb Code     0  startup_m480.o(.text)
    SC2_IRQHandler                           0x00000347   Thumb Code     0  startup_m480.o(.text)
    SDH0_IRQHandler                          0x00000347   Thumb Code     0  startup_m480.o(.text)
    SDH1_IRQHandler                          0x00000347   Thumb Code     0  startup_m480.o(.text)
    SPI0_IRQHandler                          0x00000347   Thumb Code     0  startup_m480.o(.text)
    SPI1_IRQHandler                          0x00000347   Thumb Code     0  startup_m480.o(.text)
    SPI2_IRQHandler                          0x00000347   Thumb Code     0  startup_m480.o(.text)
    SPI3_IRQHandler                          0x00000347   Thumb Code     0  startup_m480.o(.text)
    SPIM_IRQHandler                          0x00000347   Thumb Code     0  startup_m480.o(.text)
    TAMPER_IRQHandler                        0x00000347   Thumb Code     0  startup_m480.o(.text)
    TMR0_IRQHandler                          0x00000347   Thumb Code     0  startup_m480.o(.text)
    TMR1_IRQHandler                          0x00000347   Thumb Code     0  startup_m480.o(.text)
    TMR2_IRQHandler                          0x00000347   Thumb Code     0  startup_m480.o(.text)
    TMR3_IRQHandler                          0x00000347   Thumb Code     0  startup_m480.o(.text)
    UART0_IRQHandler                         0x00000347   Thumb Code     0  startup_m480.o(.text)
    UART1_IRQHandler                         0x00000347   Thumb Code     0  startup_m480.o(.text)
    UART2_IRQHandler                         0x00000347   Thumb Code     0  startup_m480.o(.text)
    UART3_IRQHandler                         0x00000347   Thumb Code     0  startup_m480.o(.text)
    UART4_IRQHandler                         0x00000347   Thumb Code     0  startup_m480.o(.text)
    UART5_IRQHandler                         0x00000347   Thumb Code     0  startup_m480.o(.text)
    USBD_IRQHandler                          0x00000347   Thumb Code     0  startup_m480.o(.text)
    USBOTG20_IRQHandler                      0x00000347   Thumb Code     0  startup_m480.o(.text)
    USBOTG_IRQHandler                        0x00000347   Thumb Code     0  startup_m480.o(.text)
    USCI0_IRQHandler                         0x00000347   Thumb Code     0  startup_m480.o(.text)
    USCI1_IRQHandler                         0x00000347   Thumb Code     0  startup_m480.o(.text)
    WDT_IRQHandler                           0x00000347   Thumb Code     0  startup_m480.o(.text)
    WWDT_IRQHandler                          0x00000347   Thumb Code     0  startup_m480.o(.text)
    __user_initial_stackheap                 0x00000349   Thumb Code    10  startup_m480.o(.text)
    __2printf                                0x00000379   Thumb Code    20  noretval__2printf.o(.text)
    _printf_int_hex                          0x00000391   Thumb Code    84  _printf_hex_int.o(.text)
    _printf_longlong_hex                     0x00000391   Thumb Code     0  _printf_hex_int.o(.text)
    __printf                                 0x000003e9   Thumb Code   270  __printf_wp.o(.text)
    __aeabi_memcpy4                          0x000004f7   Thumb Code     0  rt_memcpy_w.o(.text)
    __aeabi_memcpy8                          0x000004f7   Thumb Code     0  rt_memcpy_w.o(.text)
    __rt_memcpy_w                            0x000004f7   Thumb Code   100  rt_memcpy_w.o(.text)
    _memcpy_lastbytes_aligned                0x0000053f   Thumb Code     0  rt_memcpy_w.o(.text)
    __aeabi_memclr                           0x0000055b   Thumb Code     0  rt_memclr.o(.text)
    __rt_memclr                              0x0000055b   Thumb Code    68  rt_memclr.o(.text)
    _memset                                  0x0000055f   Thumb Code     0  rt_memclr.o(.text)
    __use_two_region_memory                  0x0000059f   Thumb Code     2  heapauxi.o(.text)
    __rt_heap_escrow$2region                 0x000005a1   Thumb Code     2  heapauxi.o(.text)
    __rt_heap_expand$2region                 0x000005a3   Thumb Code     2  heapauxi.o(.text)
    _printf_int_common                       0x000005a5   Thumb Code   178  _printf_intcommon.o(.text)
    _printf_char_file                        0x00000659   Thumb Code    32  _printf_char_file.o(.text)
    __aeabi_memclr4                          0x0000067d   Thumb Code     0  rt_memclr_w.o(.text)
    __aeabi_memclr8                          0x0000067d   Thumb Code     0  rt_memclr_w.o(.text)
    __rt_memclr_w                            0x0000067d   Thumb Code    78  rt_memclr_w.o(.text)
    _memset_w                                0x00000681   Thumb Code     0  rt_memclr_w.o(.text)
    _printf_char_common                      0x000006d7   Thumb Code    32  _printf_char_common.o(.text)
    ferror                                   0x000006fd   Thumb Code     8  ferror.o(.text)
    __user_setup_stackheap                   0x00000705   Thumb Code    74  sys_stackheap_outer.o(.text)
    exit                                     0x0000074f   Thumb Code    18  exit.o(.text)
    __user_libspace                          0x00000761   Thumb Code     8  libspace.o(.text)
    __user_perproc_libspace                  0x00000761   Thumb Code     0  libspace.o(.text)
    __user_perthread_libspace                0x00000761   Thumb Code     0  libspace.o(.text)
    CLK_DisablePLL                           0x00000769   Thumb Code    18  clk.o(i.CLK_DisablePLL)
    CLK_EnableModuleClock                    0x00000781   Thumb Code    36  clk.o(i.CLK_EnableModuleClock)
    CLK_EnablePLL                            0x000007a9   Thumb Code   374  clk.o(i.CLK_EnablePLL)
    CLK_EnableXtalRC                         0x0000093d   Thumb Code    16  clk.o(i.CLK_EnableXtalRC)
    CLK_GetPLLClockFreq                      0x00000951   Thumb Code   104  clk.o(i.CLK_GetPLLClockFreq)
    CLK_SetCoreClock                         0x000009c5   Thumb Code   154  clk.o(i.CLK_SetCoreClock)
    CLK_SetHCLK                              0x00000a69   Thumb Code   118  clk.o(i.CLK_SetHCLK)
    CLK_WaitClockReady                       0x00000ae5   Thumb Code    36  clk.o(i.CLK_WaitClockReady)
    HSUSBD_CtrlIn                            0x00000b6d   Thumb Code   194  hsusbd.o(i.HSUSBD_CtrlIn)
    HSUSBD_GetDescriptor                     0x00000c41   Thumb Code   724  hsusbd.o(i.HSUSBD_GetDescriptor)
    HSUSBD_Open                              0x00000f45   Thumb Code    72  hsusbd.o(i.HSUSBD_Open)
    HSUSBD_PrepareCtrlIn                     0x00000fa5   Thumb Code    10  hsusbd.o(i.HSUSBD_PrepareCtrlIn)
    HSUSBD_ProcessSetupPacket                0x00000fb9   Thumb Code   102  hsusbd.o(i.HSUSBD_ProcessSetupPacket)
    HSUSBD_StandardRequest                   0x0000106d   Thumb Code   606  hsusbd.o(i.HSUSBD_StandardRequest)
    HSUSBD_Start                             0x00001309   Thumb Code    14  hsusbd.o(i.HSUSBD_Start)
    HSUSBD_SwReset                           0x0000131d   Thumb Code    24  hsusbd.o(i.HSUSBD_SwReset)
    HSUSBD_UpdateDeviceState                 0x00001349   Thumb Code   366  hsusbd.o(i.HSUSBD_UpdateDeviceState)
    Hard_Fault_Handler                       0x000014d1   Thumb Code    18  retarget.o(i.Hard_Fault_Handler)
    IsDebugFifoEmpty                         0x000014fd   Thumb Code     4  retarget.o(i.IsDebugFifoEmpty)
    MSC_AckCmd                               0x00001501   Thumb Code    44  massstorage.o(i.MSC_AckCmd)
    MSC_ActiveDMA                            0x0000153d   Thumb Code    70  massstorage.o(i.MSC_ActiveDMA)
    MSC_BulkIn                               0x00001595   Thumb Code   216  massstorage.o(i.MSC_BulkIn)
    MSC_BulkOut                              0x00001679   Thumb Code    70  massstorage.o(i.MSC_BulkOut)
    MSC_ClassRequest                         0x000016c9   Thumb Code    92  massstorage.o(i.MSC_ClassRequest)
    MSC_Init                                 0x00001735   Thumb Code    66  massstorage.o(i.MSC_Init)
    MSC_InitForFullSpeed                     0x00001799   Thumb Code    80  massstorage.o(i.MSC_InitForFullSpeed)
    MSC_InitForHighSpeed                     0x000017f1   Thumb Code    84  massstorage.o(i.MSC_InitForHighSpeed)
    MSC_ModeSense10                          0x0000184d   Thumb Code   452  massstorage.o(i.MSC_ModeSense10)
    MSC_ModeSense6                           0x00001a31   Thumb Code    38  massstorage.o(i.MSC_ModeSense6)
    MSC_ProcessCmd                           0x00001a65   Thumb Code   450  massstorage.o(i.MSC_ProcessCmd)
    MSC_ReadCapacity                         0x00001c51   Thumb Code    82  massstorage.o(i.MSC_ReadCapacity)
    MSC_ReadFormatCapacity                   0x00001cb1   Thumb Code   136  massstorage.o(i.MSC_ReadFormatCapacity)
    MSC_ReceiveCBW                           0x00001d45   Thumb Code    50  massstorage.o(i.MSC_ReceiveCBW)
    MSC_RequestSense                         0x00001d85   Thumb Code   104  massstorage.o(i.MSC_RequestSense)
    SYS_Init                                 0x00001dfd   Thumb Code   162  main.o(i.SYS_Init)
    SystemCoreClockUpdate                    0x00001f01   Thumb Code    74  system_m480.o(i.SystemCoreClockUpdate)
    SystemInit                               0x00001f65   Thumb Code   130  system_m480.o(i.SystemInit)
    UART_Open                                0x00001ff9   Thumb Code   284  uart.o(i.UART_Open)
    USBD20_IRQHandler                        0x00002139   Thumb Code  1122  massstorage.o(i.USBD20_IRQHandler)
    _is_digit                                0x000025a1   Thumb Code    14  __printf_wp.o(i._is_digit)
    _sys_exit                                0x000025b1   Thumb Code    26  retarget.o(i._sys_exit)
    format                                   0x000025d1   Thumb Code    64  main.o(i.format)
    fputc                                    0x00002619   Thumb Code    16  retarget.o(i.fputc)
    main                                     0x00002641   Thumb Code   218  main.o(i.main)
    _fp_init                                 0x00002821   Thumb Code    10  fpinit.o(x$fpl$fpinit)
    __fplib_config_fpu_vfp                   0x00002829   Thumb Code     0  fpinit.o(x$fpl$fpinit)
    __fplib_config_pureend_doubles           0x00002829   Thumb Code     0  fpinit.o(x$fpl$fpinit)
    Region$$Table$$Base                      0x00002a84   Number         0  anon$$obj.o(Region$$Table)
    Region$$Table$$Limit                     0x00002aa4   Number         0  anon$$obj.o(Region$$Table)
    SystemCoreClock                          0x20000000   Data           4  system_m480.o(.data)
    CyclesPerUs                              0x20000004   Data           4  system_m480.o(.data)
    PllClock                                 0x20000008   Data           4  system_m480.o(.data)
    gau32ClkSrcTbl                           0x2000000c   Data          32  system_m480.o(.data)
    conversionAddress                        0x2000002c   Data           4  main.o(.data)
    DataAddress                              0x20000030   Data           4  main.o(.data)
    time_tag                                 0x20000034   Data           4  main.o(.data)
    gu8DeviceDescriptor                      0x20000038   Data          18  descriptors.o(.data)
    gu8QualifierDescriptor                   0x2000004c   Data          10  descriptors.o(.data)
    gu8ConfigDescriptor                      0x20000058   Data          32  descriptors.o(.data)
    gu8OtherConfigDescriptorHS               0x20000078   Data          32  descriptors.o(.data)
    gu8ConfigDescriptorFS                    0x20000098   Data          32  descriptors.o(.data)
    gu8OtherConfigDescriptorFS               0x200000b8   Data          32  descriptors.o(.data)
    gu8StringLang                            0x200000d8   Data           4  descriptors.o(.data)
    gu8VendorStringDesc                      0x200000dc   Data          16  descriptors.o(.data)
    gu8ProductStringDesc                     0x200000ec   Data          22  descriptors.o(.data)
    gu8StringSerial                          0x20000104   Data          26  descriptors.o(.data)
    gpu8UsbString                            0x20000120   Data          16  descriptors.o(.data)
    gsHSInfo                                 0x20000130   Data          44  descriptors.o(.data)
    g_TotalSectors                           0x2000015c   Data           4  massstorage.o(.data)
    g_u8BulkState                            0x20000160   Data           1  massstorage.o(.data)
    g_u8Prevent                              0x20000161   Data           1  massstorage.o(.data)
    g_u8MscStart                             0x20000162   Data           1  massstorage.o(.data)
    g_au8SenseKey                            0x20000163   Data           4  massstorage.o(.data)
    g_u32MSCMaxLun                           0x20000168   Data           4  massstorage.o(.data)
    g_u32MassBase                            0x2000016c   Data           4  massstorage.o(.data)
    g_u32StorageBase                         0x20000170   Data           4  massstorage.o(.data)
    g_u32EpMaxPacketSize                     0x20000174   Data           4  massstorage.o(.data)
    g_u32LbaAddress                          0x20000178   Data           4  massstorage.o(.data)
    g_au8InquiryID                           0x2000017c   Data          36  massstorage.o(.data)
    __stdout                                 0x200001f8   Data           4  retarget.o(.data)
    __stdin                                  0x200001fc   Data           4  retarget.o(.data)
    gUsbCmd                                  0x20000204   Data           8  hsusbd.o(.data)
    g_hsusbd_sInfo                           0x2000020c   Data           4  hsusbd.o(.data)
    g_hsusbd_pfnVendorRequest                0x20000210   Data           4  hsusbd.o(.data)
    g_hsusbd_pfnClassRequest                 0x20000214   Data           4  hsusbd.o(.data)
    g_hsusbd_pfnSetInterface                 0x20000218   Data           4  hsusbd.o(.data)
    g_u32HsEpStallLock                       0x2000021c   Data           4  hsusbd.o(.data)
    g_hsusbd_Configured                      0x2000022c   Data           1  hsusbd.o(.data)
    g_hsusbd_CtrlZero                        0x2000022d   Data           1  hsusbd.o(.data)
    g_hsusbd_UsbAddr                         0x2000022e   Data           1  hsusbd.o(.data)
    g_hsusbd_ShortPacket                     0x2000022f   Data           1  hsusbd.o(.data)
    g_hsusbd_DmaDone                         0x20000230   Data           4  hsusbd.o(.data)
    g_hsusbd_CtrlInSize                      0x20000234   Data           4  hsusbd.o(.data)
    gu8UsbHidReport                          0x20000238   Data          12  descriptors.o(.bss)
    gu32UsbHidReportLen                      0x20000244   Data          12  descriptors.o(.bss)
    g_sCBW                                   0x20000250   Data          32  massstorage.o(.bss)
    g_sCSW                                   0x20000270   Data          16  massstorage.o(.bss)
    __libspace_start                         0x2000029c   Data          96  libspace.o(.bss)
    __temporary_stack_top$libspace           0x200002fc   Data           0  libspace.o(.bss)
    g_i32ConversionData                      0x20007320   Data          32  main.o(.ARM.__AT_0x20007320)



==============================================================================

Memory Map of the image

  Image Entry point : 0x000001b9

  Load Region LR_IROM1 (Base: 0x00000000, Size: 0x00002cdc, Max: 0x00080000, ABSOLUTE, COMPRESSED[0x00002bc4])

    Execution Region ER_IROM1 (Exec base: 0x00000000, Load base: 0x00000000, Size: 0x00002aa4, Max: 0x00080000, ABSOLUTE)

    Exec Addr    Load Addr    Size         Type   Attr      Idx    E Section Name        Object

    0x00000000   0x00000000   0x000001b8   Data   RO          308    RESET               startup_m480.o
    0x000001b8   0x000001b8   0x00000008   Code   RO         2088  * !!!main             c_w.l(__main.o)
    0x000001c0   0x000001c0   0x00000034   Code   RO         2258    !!!scatter          c_w.l(__scatter.o)
    0x000001f4   0x000001f4   0x0000005a   Code   RO         2256    !!dczerorl2         c_w.l(__dczerorl2.o)
    0x0000024e   0x0000024e   0x00000002   PAD
    0x00000250   0x00000250   0x0000001c   Code   RO         2260    !!handler_zi        c_w.l(__scatter_zi.o)
    0x0000026c   0x0000026c   0x00000000   Code   RO         2081    .ARM.Collect$$_printf_percent$$00000000  c_w.l(_printf_percent.o)
    0x0000026c   0x0000026c   0x00000006   Code   RO         2080    .ARM.Collect$$_printf_percent$$0000000C  c_w.l(_printf_x.o)
    0x00000272   0x00000272   0x00000004   Code   RO         2095    .ARM.Collect$$_printf_percent$$00000017  c_w.l(_printf_percent_end.o)
    0x00000276   0x00000276   0x00000002   Code   RO         2130    .ARM.Collect$$libinit$$00000000  c_w.l(libinit.o)
    0x00000278   0x00000278   0x00000004   Code   RO         2136    .ARM.Collect$$libinit$$00000001  c_w.l(libinit2.o)
    0x0000027c   0x0000027c   0x00000000   Code   RO         2139    .ARM.Collect$$libinit$$00000004  c_w.l(libinit2.o)
    0x0000027c   0x0000027c   0x00000000   Code   RO         2142    .ARM.Collect$$libinit$$0000000A  c_w.l(libinit2.o)
    0x0000027c   0x0000027c   0x00000000   Code   RO         2144    .ARM.Collect$$libinit$$0000000C  c_w.l(libinit2.o)
    0x0000027c   0x0000027c   0x00000000   Code   RO         2146    .ARM.Collect$$libinit$$0000000E  c_w.l(libinit2.o)
    0x0000027c   0x0000027c   0x00000000   Code   RO         2149    .ARM.Collect$$libinit$$00000011  c_w.l(libinit2.o)
    0x0000027c   0x0000027c   0x00000000   Code   RO         2151    .ARM.Collect$$libinit$$00000013  c_w.l(libinit2.o)
    0x0000027c   0x0000027c   0x00000000   Code   RO         2153    .ARM.Collect$$libinit$$00000015  c_w.l(libinit2.o)
    0x0000027c   0x0000027c   0x00000000   Code   RO         2155    .ARM.Collect$$libinit$$00000017  c_w.l(libinit2.o)
    0x0000027c   0x0000027c   0x00000000   Code   RO         2157    .ARM.Collect$$libinit$$00000019  c_w.l(libinit2.o)
    0x0000027c   0x0000027c   0x00000000   Code   RO         2159    .ARM.Collect$$libinit$$0000001B  c_w.l(libinit2.o)
    0x0000027c   0x0000027c   0x00000000   Code   RO         2161    .ARM.Collect$$libinit$$0000001D  c_w.l(libinit2.o)
    0x0000027c   0x0000027c   0x00000000   Code   RO         2163    .ARM.Collect$$libinit$$0000001F  c_w.l(libinit2.o)
    0x0000027c   0x0000027c   0x00000000   Code   RO         2165    .ARM.Collect$$libinit$$00000021  c_w.l(libinit2.o)
    0x0000027c   0x0000027c   0x00000000   Code   RO         2167    .ARM.Collect$$libinit$$00000023  c_w.l(libinit2.o)
    0x0000027c   0x0000027c   0x00000000   Code   RO         2169    .ARM.Collect$$libinit$$00000025  c_w.l(libinit2.o)
    0x0000027c   0x0000027c   0x00000000   Code   RO         2173    .ARM.Collect$$libinit$$0000002C  c_w.l(libinit2.o)
    0x0000027c   0x0000027c   0x00000000   Code   RO         2175    .ARM.Collect$$libinit$$0000002E  c_w.l(libinit2.o)
    0x0000027c   0x0000027c   0x00000000   Code   RO         2177    .ARM.Collect$$libinit$$00000030  c_w.l(libinit2.o)
    0x0000027c   0x0000027c   0x00000000   Code   RO         2179    .ARM.Collect$$libinit$$00000032  c_w.l(libinit2.o)
    0x0000027c   0x0000027c   0x00000002   Code   RO         2180    .ARM.Collect$$libinit$$00000033  c_w.l(libinit2.o)
    0x0000027e   0x0000027e   0x00000002   Code   RO         2198    .ARM.Collect$$libshutdown$$00000000  c_w.l(libshutdown.o)
    0x00000280   0x00000280   0x00000000   Code   RO         2208    .ARM.Collect$$libshutdown$$00000002  c_w.l(libshutdown2.o)
    0x00000280   0x00000280   0x00000000   Code   RO         2210    .ARM.Collect$$libshutdown$$00000004  c_w.l(libshutdown2.o)
    0x00000280   0x00000280   0x00000000   Code   RO         2213    .ARM.Collect$$libshutdown$$00000007  c_w.l(libshutdown2.o)
    0x00000280   0x00000280   0x00000000   Code   RO         2216    .ARM.Collect$$libshutdown$$0000000A  c_w.l(libshutdown2.o)
    0x00000280   0x00000280   0x00000000   Code   RO         2218    .ARM.Collect$$libshutdown$$0000000C  c_w.l(libshutdown2.o)
    0x00000280   0x00000280   0x00000000   Code   RO         2221    .ARM.Collect$$libshutdown$$0000000F  c_w.l(libshutdown2.o)
    0x00000280   0x00000280   0x00000002   Code   RO         2222    .ARM.Collect$$libshutdown$$00000010  c_w.l(libshutdown2.o)
    0x00000282   0x00000282   0x00000000   Code   RO         2090    .ARM.Collect$$rtentry$$00000000  c_w.l(__rtentry.o)
    0x00000282   0x00000282   0x00000000   Code   RO         2099    .ARM.Collect$$rtentry$$00000002  c_w.l(__rtentry2.o)
    0x00000282   0x00000282   0x00000006   Code   RO         2111    .ARM.Collect$$rtentry$$00000004  c_w.l(__rtentry4.o)
    0x00000288   0x00000288   0x00000000   Code   RO         2101    .ARM.Collect$$rtentry$$00000009  c_w.l(__rtentry2.o)
    0x00000288   0x00000288   0x00000004   Code   RO         2102    .ARM.Collect$$rtentry$$0000000A  c_w.l(__rtentry2.o)
    0x0000028c   0x0000028c   0x00000000   Code   RO         2104    .ARM.Collect$$rtentry$$0000000C  c_w.l(__rtentry2.o)
    0x0000028c   0x0000028c   0x00000008   Code   RO         2105    .ARM.Collect$$rtentry$$0000000D  c_w.l(__rtentry2.o)
    0x00000294   0x00000294   0x00000002   Code   RO         2134    .ARM.Collect$$rtexit$$00000000  c_w.l(rtexit.o)
    0x00000296   0x00000296   0x00000000   Code   RO         2182    .ARM.Collect$$rtexit$$00000002  c_w.l(rtexit2.o)
    0x00000296   0x00000296   0x00000004   Code   RO         2183    .ARM.Collect$$rtexit$$00000003  c_w.l(rtexit2.o)
    0x0000029a   0x0000029a   0x00000006   Code   RO         2184    .ARM.Collect$$rtexit$$00000004  c_w.l(rtexit2.o)
    0x000002a0   0x000002a0   0x00000052   Code   RO         1845    .emb_text           retarget.o
    0x000002f2   0x000002f2   0x00000002   PAD
    0x000002f4   0x000002f4   0x00000084   Code   RO          309    .text               startup_m480.o
    0x00000378   0x00000378   0x00000018   Code   RO         2035    .text               c_w.l(noretval__2printf.o)
    0x00000390   0x00000390   0x00000058   Code   RO         2042    .text               c_w.l(_printf_hex_int.o)
    0x000003e8   0x000003e8   0x0000010e   Code   RO         2068    .text               c_w.l(__printf_wp.o)
    0x000004f6   0x000004f6   0x00000064   Code   RO         2082    .text               c_w.l(rt_memcpy_w.o)
    0x0000055a   0x0000055a   0x00000044   Code   RO         2084    .text               c_w.l(rt_memclr.o)
    0x0000059e   0x0000059e   0x00000006   Code   RO         2086    .text               c_w.l(heapauxi.o)
    0x000005a4   0x000005a4   0x000000b2   Code   RO         2091    .text               c_w.l(_printf_intcommon.o)
    0x00000656   0x00000656   0x00000002   PAD
    0x00000658   0x00000658   0x00000024   Code   RO         2093    .text               c_w.l(_printf_char_file.o)
    0x0000067c   0x0000067c   0x0000004e   Code   RO         2096    .text               c_w.l(rt_memclr_w.o)
    0x000006ca   0x000006ca   0x00000002   PAD
    0x000006cc   0x000006cc   0x00000030   Code   RO         2113    .text               c_w.l(_printf_char_common.o)
    0x000006fc   0x000006fc   0x00000008   Code   RO         2115    .text               c_w.l(ferror.o)
    0x00000704   0x00000704   0x0000004a   Code   RO         2119    .text               c_w.l(sys_stackheap_outer.o)
    0x0000074e   0x0000074e   0x00000012   Code   RO         2123    .text               c_w.l(exit.o)
    0x00000760   0x00000760   0x00000008   Code   RO         2131    .text               c_w.l(libspace.o)
    0x00000768   0x00000768   0x00000018   Code   RO         1258    i.CLK_DisablePLL    clk.o
    0x00000780   0x00000780   0x00000028   Code   RO         1263    i.CLK_EnableModuleClock  clk.o
    0x000007a8   0x000007a8   0x00000194   Code   RO         1264    i.CLK_EnablePLL     clk.o
    0x0000093c   0x0000093c   0x00000014   Code   RO         1267    i.CLK_EnableXtalRC  clk.o
    0x00000950   0x00000950   0x00000074   Code   RO         1276    i.CLK_GetPLLClockFreq  clk.o
    0x000009c4   0x000009c4   0x000000a4   Code   RO         1280    i.CLK_SetCoreClock  clk.o
    0x00000a68   0x00000a68   0x0000007c   Code   RO         1281    i.CLK_SetHCLK       clk.o
    0x00000ae4   0x00000ae4   0x0000002c   Code   RO         1285    i.CLK_WaitClockReady  clk.o
    0x00000b10   0x00000b10   0x0000005c   Code   RO          920    i.HSUSBD_ConfigEp   massstorage.o
    0x00000b6c   0x00000b6c   0x000000d4   Code   RO         1938    i.HSUSBD_CtrlIn     hsusbd.o
    0x00000c40   0x00000c40   0x000002ec   Code   RO         1940    i.HSUSBD_GetDescriptor  hsusbd.o
    0x00000f2c   0x00000f2c   0x00000018   Code   RO          921    i.HSUSBD_MemCopy    massstorage.o
    0x00000f44   0x00000f44   0x00000060   Code   RO         1941    i.HSUSBD_Open       hsusbd.o
    0x00000fa4   0x00000fa4   0x00000014   Code   RO         1942    i.HSUSBD_PrepareCtrlIn  hsusbd.o
    0x00000fb8   0x00000fb8   0x00000078   Code   RO         1943    i.HSUSBD_ProcessSetupPacket  hsusbd.o
    0x00001030   0x00001030   0x0000003c   Code   RO          922    i.HSUSBD_SetEpBufAddr  massstorage.o
    0x0000106c   0x0000106c   0x0000029c   Code   RO         1945    i.HSUSBD_StandardRequest  hsusbd.o
    0x00001308   0x00001308   0x00000014   Code   RO         1946    i.HSUSBD_Start      hsusbd.o
    0x0000131c   0x0000131c   0x0000002c   Code   RO         1947    i.HSUSBD_SwReset    hsusbd.o
    0x00001348   0x00001348   0x00000188   Code   RO         1948    i.HSUSBD_UpdateDeviceState  hsusbd.o
    0x000014d0   0x000014d0   0x0000002c   Code   RO         1847    i.Hard_Fault_Handler  retarget.o
    0x000014fc   0x000014fc   0x00000004   Code   RO         1848    i.IsDebugFifoEmpty  retarget.o
    0x00001500   0x00001500   0x0000003c   Code   RO          923    i.MSC_AckCmd        massstorage.o
    0x0000153c   0x0000153c   0x00000058   Code   RO          924    i.MSC_ActiveDMA     massstorage.o
    0x00001594   0x00001594   0x000000e4   Code   RO          925    i.MSC_BulkIn        massstorage.o
    0x00001678   0x00001678   0x00000050   Code   RO          926    i.MSC_BulkOut       massstorage.o
    0x000016c8   0x000016c8   0x0000006c   Code   RO          927    i.MSC_ClassRequest  massstorage.o
    0x00001734   0x00001734   0x00000064   Code   RO          928    i.MSC_Init          massstorage.o
    0x00001798   0x00001798   0x00000058   Code   RO          929    i.MSC_InitForFullSpeed  massstorage.o
    0x000017f0   0x000017f0   0x0000005c   Code   RO          930    i.MSC_InitForHighSpeed  massstorage.o
    0x0000184c   0x0000184c   0x000001e4   Code   RO          931    i.MSC_ModeSense10   massstorage.o
    0x00001a30   0x00001a30   0x00000034   Code   RO          932    i.MSC_ModeSense6    massstorage.o
    0x00001a64   0x00001a64   0x000001ec   Code   RO          933    i.MSC_ProcessCmd    massstorage.o
    0x00001c50   0x00001c50   0x00000060   Code   RO          934    i.MSC_ReadCapacity  massstorage.o
    0x00001cb0   0x00001cb0   0x00000094   Code   RO          935    i.MSC_ReadFormatCapacity  massstorage.o
    0x00001d44   0x00001d44   0x00000040   Code   RO          936    i.MSC_ReceiveCBW    massstorage.o
    0x00001d84   0x00001d84   0x00000078   Code   RO          937    i.MSC_RequestSense  massstorage.o
    0x00001dfc   0x00001dfc   0x000000b4   Code   RO          316    i.SYS_Init          main.o
    0x00001eb0   0x00001eb0   0x00000050   Code   RO         1849    i.SendChar          retarget.o
    0x00001f00   0x00001f00   0x00000064   Code   RO            4    i.SystemCoreClockUpdate  system_m480.o
    0x00001f64   0x00001f64   0x00000094   Code   RO            5    i.SystemInit        system_m480.o
    0x00001ff8   0x00001ff8   0x00000140   Code   RO         1737    i.UART_Open         uart.o
    0x00002138   0x00002138   0x00000468   Code   RO          938    i.USBD20_IRQHandler  massstorage.o
    0x000025a0   0x000025a0   0x0000000e   Code   RO         2070    i._is_digit         c_w.l(__printf_wp.o)
    0x000025ae   0x000025ae   0x00000002   PAD
    0x000025b0   0x000025b0   0x00000020   Code   RO         1851    i._sys_exit         retarget.o
    0x000025d0   0x000025d0   0x00000048   Code   RO          317    i.format            main.o
    0x00002618   0x00002618   0x00000010   Code   RO         1854    i.fputc             retarget.o
    0x00002628   0x00002628   0x00000018   Code   RO          939    i.get_be32          massstorage.o
    0x00002640   0x00002640   0x00000138   Code   RO          318    i.main              main.o
    0x00002778   0x00002778   0x000000a8   Code   RO         1856    i.stackDump         retarget.o
    0x00002820   0x00002820   0x0000000a   Code   RO         2190    x$fpl$fpinit        fz_wm.l(fpinit.o)
    0x0000282a   0x0000282a   0x00000002   PAD
    0x0000282c   0x0000282c   0x00000200   Data   RO          320    .constdata          main.o
    0x00002a2c   0x00002a2c   0x00000030   Data   RO         1745    .constdata          uart.o
    0x00002a5c   0x00002a5c   0x00000028   Data   RO         2043    .constdata          c_w.l(_printf_hex_int.o)
    0x00002a84   0x00002a84   0x00000020   Data   RO         2254    Region$$Table       anon$$obj.o


    Execution Region RW_IRAM1 (Exec base: 0x20000000, Load base: 0x00002aa4, Size: 0x00007340, Max: 0x00028000, ABSOLUTE, COMPRESSED[0x00000120])

    Exec Addr    Load Addr    Size         Type   Attr      Idx    E Section Name        Object

    0x20000000   COMPRESSED   0x0000002c   Data   RW            6    .data               system_m480.o
    0x2000002c   COMPRESSED   0x0000000c   Data   RW          321    .data               main.o
    0x20000038   COMPRESSED   0x00000124   Data   RW          629    .data               descriptors.o
    0x2000015c   COMPRESSED   0x0000009c   Data   RW          941    .data               massstorage.o
    0x200001f8   COMPRESSED   0x00000009   Data   RW         1858    .data               retarget.o
    0x20000201   COMPRESSED   0x00000003   PAD
    0x20000204   COMPRESSED   0x00000034   Data   RW         1950    .data               hsusbd.o
    0x20000238        -       0x00000018   Zero   RW          628    .bss                descriptors.o
    0x20000250        -       0x00000030   Zero   RW          940    .bss                massstorage.o
    0x20000280        -       0x00000010   Zero   RW         1857    .bss                retarget.o
    0x20000290        -       0x0000000c   Zero   RW         1949    .bss                hsusbd.o
    0x2000029c        -       0x00000060   Zero   RW         2132    .bss                c_w.l(libspace.o)
    0x200002fc   COMPRESSED   0x00000004   PAD
    0x20000300        -       0x00000100   Zero   RW          307    HEAP                startup_m480.o
    0x20000400        -       0x00000800   Zero   RW          306    STACK               startup_m480.o
    0x20000c00   COMPRESSED   0x00006720   PAD
    0x20007320        -       0x00000020   Zero   RW          319    .ARM.__AT_0x20007320  main.o


==============================================================================

Image component sizes


      Code (inc. data)   RO Data    RW Data    ZI Data      Debug   Object Name

       936         80          0          0          0      19408   clk.o
         0          0          0        292         24       6815   descriptors.o
      2320        208          0         52         12      14514   hsusbd.o
       564        120        512         12         32     115622   main.o
      3628        320          0        156         48      22523   massstorage.o
       426        144          0          9         16       6750   retarget.o
       132         38        440          0       2304       1048   startup_m480.o
       248         44          0         44          0       6991   system_m480.o
       320         36         48          0          0       1600   uart.o

    ----------------------------------------------------------------------
      8576        990       1032        568      28836     195271   Object Totals
         0          0         32          0          0          0   (incl. Generated)
         2          0          0          3      26400          0   (incl. Padding)

    ----------------------------------------------------------------------

      Code (inc. data)   RO Data    RW Data    ZI Data      Debug   Library Member Name

        90          0          0          0          0          0   __dczerorl2.o
         8          0          0          0          0         68   __main.o
       284          0          0          0          0        156   __printf_wp.o
         0          0          0          0          0          0   __rtentry.o
        12          0          0          0          0          0   __rtentry2.o
         6          0          0          0          0          0   __rtentry4.o
        52          8          0          0          0          0   __scatter.o
        28          0          0          0          0          0   __scatter_zi.o
        48          6          0          0          0         96   _printf_char_common.o
        36          4          0          0          0         80   _printf_char_file.o
        88          4         40          0          0         88   _printf_hex_int.o
       178          0          0          0          0         88   _printf_intcommon.o
         0          0          0          0          0          0   _printf_percent.o
         4          0          0          0          0          0   _printf_percent_end.o
         6          0          0          0          0          0   _printf_x.o
        18          0          0          0          0         80   exit.o
         8          0          0          0          0         68   ferror.o
         6          0          0          0          0        152   heapauxi.o
         2          0          0          0          0          0   libinit.o
         6          0          0          0          0          0   libinit2.o
         2          0          0          0          0          0   libshutdown.o
         2          0          0          0          0          0   libshutdown2.o
         8          4          0          0         96         68   libspace.o
        24          4          0          0          0         84   noretval__2printf.o
        68          0          0          0          0         68   rt_memclr.o
        78          0          0          0          0         80   rt_memclr_w.o
       100          0          0          0          0         80   rt_memcpy_w.o
         2          0          0          0          0          0   rtexit.o
        10          0          0          0          0          0   rtexit2.o
        74          0          0          0          0         80   sys_stackheap_outer.o
        10          0          0          0          0        116   fpinit.o

    ----------------------------------------------------------------------
      1268         30         40          0        100       1452   Library Totals
        10          0          0          0          4          0   (incl. Padding)

    ----------------------------------------------------------------------

      Code (inc. data)   RO Data    RW Data    ZI Data      Debug   Library Name

      1248         30         40          0         96       1336   c_w.l
        10          0          0          0          0        116   fz_wm.l

    ----------------------------------------------------------------------
      1268         30         40          0        100       1452   Library Totals

    ----------------------------------------------------------------------

==============================================================================


      Code (inc. data)   RO Data    RW Data    ZI Data      Debug   

      9844       1020       1072        568      28936     191599   Grand Totals
      9844       1020       1072        288      28936     191599   ELF Image Totals (compressed)
      9844       1020       1072        288          0          0   ROM Totals

==============================================================================

    Total RO  Size (Code + RO Data)                10916 (  10.66kB)
    Total RW  Size (RW Data + ZI Data)             29504 (  28.81kB)
    Total ROM Size (Code + RO Data + RW Data)      11204 (  10.94kB)

==============================================================================

