<html>
<body>
<pre>
<h1>µVision Build Log</h1>
<h2>Tool Versions:</h2>
IDE-Version: £gVision V5.25.3.0
Copyright (C) 2018 ARM Ltd and ARM Germany GmbH. All rights reserved.
License Information: don don, DBLink, LIC=UJWEV-P55GL-2LDCT-RLMU1-2VWYP-0A1ZH
 
Tool Versions:
Toolchain:       MDK-ARM Plus  Version: 5.25.2.0
Toolchain Path:  C:\Keil_v5\ARM\ARMCC\Bin
C Compiler:      Armcc.exe V5.06 update 6 (build 750)
Assembler:       Armasm.exe V5.06 update 6 (build 750)
Linker/Locator:  ArmLink.exe V5.06 update 6 (build 750)
Library Manager: ArmAr.exe V5.06 update 6 (build 750)
Hex Converter:   FromElf.exe V5.06 update 6 (build 750)
CPU DLL:         SARMCM3.DLL V5.25.2.0
Dialog DLL:      DARMCM1.DLL V1.19.1.0
Target DLL:      Nu_Link.dll V2.05
Dialog DLL:      TARMCM1.DLL V1.14.0.0
 
<h2>Project:</h2>
C:\Keil_v5\M487_example\M480BSP-master\M480BSP-master\M480BSP-master\SampleCode\StdDriver\t-win_EADC_HSUSBD_Mass_Storage_0731(2port)\KEIL\t-win_EADC_HSUSBD_Mass_Storage.uvproj
Project File Date:  07/31/2018

<h2>Output:</h2>
*** Using Compiler 'V5.06 update 6 (build 750)', folder: 'C:\Keil_v5\ARM\ARMCC\Bin'
Build target 'Target 1'
compiling main.c...
..\main.c(549): warning:  #111-D: statement is unreachable
        EADC_Close(EADC);
..\main.c: 1 warning, 0 errors
linking...
Program Size: Code=16236 RO-data=632 RW-data=812 ZI-data=8852  
After Build - User command #1: fromelf --bin ".\Objects\t-win_EADC_HSUSBD_Mass_Storage.axf" --output ".\Objects\t-win_EADC_HSUSBD_Mass_Storage.bin"
After Build - User command #2: fromelf --text -c ".\Objects\t-win_EADC_HSUSBD_Mass_Storage.axf" --output ".\Objects\t-win_EADC_HSUSBD_Mass_Storage.txt"
".\Objects\t-win_EADC_HSUSBD_Mass_Storage.axf" - 0 Error(s), 1 Warning(s).
Build Time Elapsed:  00:00:04
</pre>
</body>
</html>
