<html>
<body>
<pre>
<h1>µVision Build Log</h1>
<h2>Tool Versions:</h2>
IDE-Version: £gVision V5.25.2.0
Copyright (C) 2018 ARM Ltd and ARM Germany GmbH. All rights reserved.
License Information: don don, DBLink, LIC=UJWEV-P55GL-2LDCT-RLMU1-2VWYP-0A1ZH
 
Tool Versions:
Toolchain:       MDK-ARM Plus  Version: 5.25.2.0
Toolchain Path:  C:\Keil_v5\ARM\ARMCC\Bin
C Compiler:      Armcc.exe V5.06 update 6 (build 750)
Assembler:       Armasm.exe V5.06 update 6 (build 750)
Linker/Locator:  ArmLink.exe V5.06 update 6 (build 750)
Library Manager: ArmAr.exe V5.06 update 6 (build 750)
Hex Converter:   FromElf.exe V5.06 update 6 (build 750)
CPU DLL:         SARMCM3.DLL V5.25.2.0
Dialog DLL:      DARMCM1.DLL V1.19.1.0 
<h2>Project:</h2>
D:\M480BSP-master\M480BSP-master\M480BSP-master\SampleCode\StdDriver\t-win_EADC_HSUSBD -test\KEIL\t-win_EADC_HSUSBD.uvproj
Project File Date:  07/18/2018

<h2>Output:</h2>
*** Using Compiler 'V5.06 update 6 (build 750)', folder: 'C:\Keil_v5\ARM\ARMCC\Bin'
Rebuild target 'Target 1'
compiling system_M480.c...
assembling startup_M480.s...
compiling descriptors.c...
compiling hid_transfer.c...
..\hid_transfer.c(560): warning:  #550-D: variable "u32StartPage"  was set but never used
      uint32_t u32StartPage;
..\hid_transfer.c(766): warning:  #550-D: variable "u32StartPage"  was set but never used
      uint32_t u32StartPage;
..\hid_transfer.c: 2 warnings, 0 errors
compiling main.c...
..\main.c(125): warning:  #177-D: variable "u8Option"  was declared but never referenced
      uint8_t  u8Option,i,count=0;
..\main.c: 1 warning, 0 errors
compiling clk.c...
compiling sys.c...
compiling uart.c...
compiling retarget.c...
..\..\..\..\Library\StdDriver\src\retarget.c(557): warning:  #177-D: function "GetChar"  was declared but never referenced
  static char GetChar(void)
..\..\..\..\Library\StdDriver\src\retarget.c: 1 warning, 0 errors
compiling epwm.c...
compiling eadc.c...
compiling hsusbd.c...
linking...
Program Size: Code=9952 RO-data=580 RW-data=532 ZI-data=4084  
After Build - User command #1: fromelf --bin ".\Objects\t-win_EADC_HSUSBD.axf" --output ".\Objects\t-win_EADC_HSUSBD.bin"
After Build - User command #2: fromelf --text -c ".\Objects\t-win_EADC_HSUSBD.axf" --output ".\Objects\t-win_EADC_HSUSBD.txt"
".\Objects\t-win_EADC_HSUSBD.axf" - 0 Error(s), 4 Warning(s).
Build Time Elapsed:  00:00:31
</pre>
</body>
</html>
