Component: ARM Compiler 5.06 update 6 (build 750) Tool: armlink [4d35ed]

==============================================================================

Section Cross References

    system_m480.o(i.SystemCoreClockUpdate) refers to clk.o(i.CLK_GetPLLClockFreq) for CLK_GetPLLClockFreq
    system_m480.o(i.SystemCoreClockUpdate) refers to system_m480.o(.data) for PllClock
    startup_m480.o(STACK) refers (Special) to heapauxi.o(.text) for __use_two_region_memory
    startup_m480.o(HEAP) refers (Special) to heapauxi.o(.text) for __use_two_region_memory
    startup_m480.o(RESET) refers (Special) to heapauxi.o(.text) for __use_two_region_memory
    startup_m480.o(RESET) refers to startup_m480.o(STACK) for __initial_sp
    startup_m480.o(RESET) refers to startup_m480.o(.text) for Reset_Handler
    startup_m480.o(RESET) refers to retarget.o(.emb_text) for HardFault_Handler
    startup_m480.o(RESET) refers to main.o(i.TMR0_IRQHandler) for TMR0_IRQHandler
    startup_m480.o(RESET) refers to main.o(i.PDMA_IRQHandler) for PDMA_IRQHandler
    startup_m480.o(RESET) refers to main.o(i.ADC00_IRQHandler) for ADC00_IRQHandler
    startup_m480.o(RESET) refers to vcom_serial.o(i.USBD_IRQHandler) for USBD_IRQHandler
    startup_m480.o(RESET) refers to massstorage.o(i.USBD20_IRQHandler) for USBD20_IRQHandler
    startup_m480.o(.text) refers (Special) to heapauxi.o(.text) for __use_two_region_memory
    startup_m480.o(.text) refers to system_m480.o(i.SystemInit) for SystemInit
    startup_m480.o(.text) refers to __main.o(!!!main) for __main
    startup_m480.o(.text) refers to startup_m480.o(HEAP) for Heap_Mem
    startup_m480.o(.text) refers to startup_m480.o(STACK) for Stack_Mem
    main.o(i.ADC00_IRQHandler) refers to main.o(.data) for g_u32AdcIntFlag
    main.o(i.EADC_FunctionTest) refers to main.o(i.ReloadPDMA) for ReloadPDMA
    main.o(i.EADC_FunctionTest) refers to eadc.o(i.EADC_ConfigSampleModule) for EADC_ConfigSampleModule
    main.o(i.EADC_FunctionTest) refers to epwm.o(i.EPWM_Start) for EPWM_Start
    main.o(i.EADC_FunctionTest) refers to epwm.o(i.EPWM_ForceStop) for EPWM_ForceStop
    main.o(i.EADC_FunctionTest) refers to main.o(.data) for g_u32SampleModuleNum
    main.o(i.EPWM0_Init) refers to epwm.o(i.EPWM_EnableADCTrigger) for EPWM_EnableADCTrigger
    main.o(i.EPWM0_Init) refers to epwm.o(i.EPWM_EnableOutput) for EPWM_EnableOutput
    main.o(i.PDMA_IRQHandler) refers to noretval__2printf.o(.text) for __2printf
    main.o(i.PDMA_IRQHandler) refers to main.o(.data) for g_u32IsTestOver
    main.o(i.PDMA_Init) refers to pdma.o(i.PDMA_Open) for PDMA_Open
    main.o(i.PDMA_Init) refers to pdma.o(i.PDMA_SetTransferCnt) for PDMA_SetTransferCnt
    main.o(i.PDMA_Init) refers to pdma.o(i.PDMA_SetTransferAddr) for PDMA_SetTransferAddr
    main.o(i.PDMA_Init) refers to pdma.o(i.PDMA_SetTransferMode) for PDMA_SetTransferMode
    main.o(i.PDMA_Init) refers to pdma.o(i.PDMA_SetBurstType) for PDMA_SetBurstType
    main.o(i.PDMA_Init) refers to pdma.o(i.PDMA_EnableInt) for PDMA_EnableInt
    main.o(i.PDMA_Init) refers to main.o(i.NVIC_EnableIRQ) for NVIC_EnableIRQ
    main.o(i.PDMA_Init) refers to main.o(.ARM.__AT_0x20002500) for g_i32ConversionData
    main.o(i.PDMA_Init) refers to main.o(.data) for conversionAddress
    main.o(i.ReloadPDMA) refers to pdma.o(i.PDMA_SetTransferCnt) for PDMA_SetTransferCnt
    main.o(i.ReloadPDMA) refers to pdma.o(i.PDMA_SetTransferMode) for PDMA_SetTransferMode
    main.o(i.ReloadPDMA) refers to pdma.o(i.PDMA_SetTransferAddr) for PDMA_SetTransferAddr
    main.o(i.ReloadPDMA) refers to main.o(.data) for conversionAddress
    main.o(i.SYS_Init) refers to clk.o(i.CLK_EnableXtalRC) for CLK_EnableXtalRC
    main.o(i.SYS_Init) refers to clk.o(i.CLK_WaitClockReady) for CLK_WaitClockReady
    main.o(i.SYS_Init) refers to clk.o(i.CLK_SetHCLK) for CLK_SetHCLK
    main.o(i.SYS_Init) refers to clk.o(i.CLK_SetCoreClock) for CLK_SetCoreClock
    main.o(i.SYS_Init) refers to clk.o(i.CLK_EnableModuleClock) for CLK_EnableModuleClock
    main.o(i.SYS_Init) refers to clk.o(i.CLK_SetModuleClock) for CLK_SetModuleClock
    main.o(i.TMR0_IRQHandler) refers to main.o(.data) for time
    main.o(i.UART0_IRQHandler1) refers to main.o(.data) for comRbytes
    main.o(i.UART0_IRQHandler1) refers to main.o(.bss) for comRbuf
    main.o(i.USB_ufi) refers to massstorage.o(i.MSC_ProcessCmd) for MSC_ProcessCmd
    main.o(i.USB_ufi) refers to massstorage.o(.data) for g_u8MscStart
    main.o(i.VCOM_TransferData) refers to main.o(i.__set_PRIMASK) for __set_PRIMASK
    main.o(i.VCOM_TransferData) refers to main.o(.data) for gu32TxSize
    main.o(i.VCOM_TransferData) refers to main.o(.bss) for comRbuf
    main.o(i.main) refers to main.o(i.SYS_Init) for SYS_Init
    main.o(i.main) refers to uart.o(i.UART_Open) for UART_Open
    main.o(i.main) refers to noretval__2printf.o(.text) for __2printf
    main.o(i.main) refers to usbd.o(i.USBD_Open) for USBD_Open
    main.o(i.main) refers to vcom_serial.o(i.VCOM_Init) for VCOM_Init
[...]
    ../clib/signal.c                         0x00000000   Number         0  defsig_pvfn_inner.o ABSOLUTE
    ../clib/signal.c                         0x00000000   Number         0  defsig_stak_inner.o ABSOLUTE
    ../clib/signal.c                         0x00000000   Number         0  defsig_rtred_inner.o ABSOLUTE
    ../clib/signal.c                         0x00000000   Number         0  defsig_fpe_inner.o ABSOLUTE
    ../clib/signal.c                         0x00000000   Number         0  defsig_abrt_inner.o ABSOLUTE
    ../clib/signal.c                         0x00000000   Number         0  defsig_exit.o ABSOLUTE
    ../clib/signal.c                         0x00000000   Number         0  defsig_rtmem_formal.o ABSOLUTE
    ../clib/signal.c                         0x00000000   Number         0  defsig_rtmem_outer.o ABSOLUTE
    ../clib/signal.c                         0x00000000   Number         0  defsig_rtmem_inner.o ABSOLUTE
    ../clib/signal.c                         0x00000000   Number         0  __raise.o ABSOLUTE
    ../clib/signal.c                         0x00000000   Number         0  defsig_general.o ABSOLUTE
    ../clib/signal.c                         0x00000000   Number         0  defsig_other.o ABSOLUTE
    ../clib/signal.s                         0x00000000   Number         0  defsig.o ABSOLUTE
    ../clib/stdio.c                          0x00000000   Number         0  ferror_locked.o ABSOLUTE
    ../clib/stdio.c                          0x00000000   Number         0  ferror.o ABSOLUTE
    ../clib/stdlib.c                         0x00000000   Number         0  exit.o ABSOLUTE
    ../fplib/fpinit.s                        0x00000000   Number         0  fpinit.o ABSOLUTE
    ..\..\..\..\Library\Device\Nuvoton\M480\Source\ARM\startup_M480.s 0x00000000   Number         0  startup_m480.o ABSOLUTE
    ..\..\..\..\Library\Device\Nuvoton\M480\Source\system_M480.c 0x00000000   Number         0  system_m480.o ABSOLUTE
    ..\..\..\..\Library\StdDriver\src\clk.c  0x00000000   Number         0  clk.o ABSOLUTE
    ..\..\..\..\Library\StdDriver\src\eadc.c 0x00000000   Number         0  eadc.o ABSOLUTE
    ..\..\..\..\Library\StdDriver\src\epwm.c 0x00000000   Number         0  epwm.o ABSOLUTE
    ..\..\..\..\Library\StdDriver\src\hsusbd.c 0x00000000   Number         0  hsusbd.o ABSOLUTE
    ..\..\..\..\Library\StdDriver\src\pdma.c 0x00000000   Number         0  pdma.o ABSOLUTE
    ..\..\..\..\Library\StdDriver\src\retarget.c 0x00000000   Number         0  retarget.o ABSOLUTE
    ..\..\..\..\Library\StdDriver\src\sys.c  0x00000000   Number         0  sys.o ABSOLUTE
    ..\..\..\..\Library\StdDriver\src\timer.c 0x00000000   Number         0  timer.o ABSOLUTE
    ..\..\..\..\Library\StdDriver\src\uart.c 0x00000000   Number         0  uart.o ABSOLUTE
    ..\..\..\..\Library\StdDriver\src\usbd.c 0x00000000   Number         0  usbd.o ABSOLUTE
    ..\MassStorage.c                         0x00000000   Number         0  massstorage.o ABSOLUTE
    ..\\..\\..\\..\\Library\\Device\\Nuvoton\\M480\\Source\\system_M480.c 0x00000000   Number         0  system_m480.o ABSOLUTE
    ..\\..\\..\\..\\Library\\StdDriver\\src\\clk.c 0x00000000   Number         0  clk.o ABSOLUTE
    ..\\..\\..\\..\\Library\\StdDriver\\src\\eadc.c 0x00000000   Number         0  eadc.o ABSOLUTE
    ..\\..\\..\\..\\Library\\StdDriver\\src\\epwm.c 0x00000000   Number         0  epwm.o ABSOLUTE
    ..\\..\\..\\..\\Library\\StdDriver\\src\\hsusbd.c 0x00000000   Number         0  hsusbd.o ABSOLUTE
    ..\\..\\..\\..\\Library\\StdDriver\\src\\pdma.c 0x00000000   Number         0  pdma.o ABSOLUTE
    ..\\..\\..\\..\\Library\\StdDriver\\src\\retarget.c 0x00000000   Number         0  retarget.o ABSOLUTE
    ..\\..\\..\\..\\Library\\StdDriver\\src\\sys.c 0x00000000   Number         0  sys.o ABSOLUTE
    ..\\..\\..\\..\\Library\\StdDriver\\src\\timer.c 0x00000000   Number         0  timer.o ABSOLUTE
    ..\\..\\..\\..\\Library\\StdDriver\\src\\uart.c 0x00000000   Number         0  uart.o ABSOLUTE
    ..\\..\\..\\..\\Library\\StdDriver\\src\\usbd.c 0x00000000   Number         0  usbd.o ABSOLUTE
    ..\\MassStorage.c                        0x00000000   Number         0  massstorage.o ABSOLUTE
    ..\\descriptors.c                        0x00000000   Number         0  descriptors.o ABSOLUTE
    ..\\main.c                               0x00000000   Number         0  main.o ABSOLUTE
    ..\\vcom_serial.c                        0x00000000   Number         0  vcom_serial.o ABSOLUTE
    ..\descriptors.c                         0x00000000   Number         0  descriptors.o ABSOLUTE
    ..\main.c                                0x00000000   Number         0  main.o ABSOLUTE
    ..\vcom_serial.c                         0x00000000   Number         0  vcom_serial.o ABSOLUTE
    dc.s                                     0x00000000   Number         0  dc.o ABSOLUTE
    !!!main                                  0x000001b8   Section        8  __main.o(!!!main)
    !!!scatter                               0x000001c0   Section       52  __scatter.o(!!!scatter)
    !!dczerorl2                              0x000001f4   Section       90  __dczerorl2.o(!!dczerorl2)
    !!handler_zi                             0x00000250   Section       28  __scatter_zi.o(!!handler_zi)
    .ARM.Collect$$_printf_percent$$00000000  0x0000026c   Section        0  _printf_percent.o(.ARM.Collect$$_printf_percent$$00000000)
    .ARM.Collect$$_printf_percent$$0000000C  0x0000026c   Section        6  _printf_x.o(.ARM.Collect$$_printf_percent$$0000000C)
    .ARM.Collect$$_printf_percent$$00000017  0x00000272   Section        4  _printf_percent_end.o(.ARM.Collect$$_printf_percent$$00000017)
    .ARM.Collect$$libinit$$00000000          0x00000276   Section        2  libinit.o(.ARM.Collect$$libinit$$00000000)
    .ARM.Collect$$libinit$$00000001          0x00000278   Section        4  libinit2.o(.ARM.Collect$$libinit$$00000001)
    .ARM.Collect$$libinit$$00000004          0x0000027c   Section        0  libinit2.o(.ARM.Collect$$libinit$$00000004)
    .ARM.Collect$$libinit$$0000000A          0x0000027c   Section        0  libinit2.o(.ARM.Collect$$libinit$$0000000A)
    .ARM.Collect$$libinit$$0000000C          0x0000027c   Section        0  libinit2.o(.ARM.Collect$$libinit$$0000000C)
    .ARM.Collect$$libinit$$0000000E          0x0000027c   Section        0  libinit2.o(.ARM.Collect$$libinit$$0000000E)
    .ARM.Collect$$libinit$$00000011          0x0000027c   Section        0  libinit2.o(.ARM.Collect$$libinit$$00000011)
    .ARM.Collect$$libinit$$00000013          0x0000027c   Section        0  libinit2.o(.ARM.Collect$$libinit$$00000013)
    .ARM.Collect$$libinit$$00000015          0x0000027c   Section        0  libinit2.o(.ARM.Collect$$libinit$$00000015)
    .ARM.Collect$$libinit$$00000017          0x0000027c   Section        0  libinit2.o(.ARM.Collect$$libinit$$00000017)
    .ARM.Collect$$libinit$$00000019          0x0000027c   Section        0  libinit2.o(.ARM.Collect$$libinit$$00000019)
    .ARM.Collect$$libinit$$0000001B          0x0000027c   Section        0  libinit2.o(.ARM.Collect$$libinit$$0000001B)
    .ARM.Collect$$libinit$$0000001D          0x0000027c   Section        0  libinit2.o(.ARM.Collect$$libinit$$0000001D)
    .ARM.Collect$$libinit$$0000001F          0x0000027c   Section        0  libinit2.o(.ARM.Collect$$libinit$$0000001F)
    .ARM.Collect$$libinit$$00000021          0x0000027c   Section        0  libinit2.o(.ARM.Collect$$libinit$$00000021)
    .ARM.Collect$$libinit$$00000023          0x0000027c   Section        0  libinit2.o(.ARM.Collect$$libinit$$00000023)
    .ARM.Collect$$libinit$$00000025          0x0000027c   Section        0  libinit2.o(.ARM.Collect$$libinit$$00000025)
    .ARM.Collect$$libinit$$0000002C          0x0000027c   Section        0  libinit2.o(.ARM.Collect$$libinit$$0000002C)
    .ARM.Collect$$libinit$$0000002E          0x0000027c   Section        0  libinit2.o(.ARM.Collect$$libinit$$0000002E)
    .ARM.Collect$$libinit$$00000030          0x0000027c   Section        0  libinit2.o(.ARM.Collect$$libinit$$00000030)
    .ARM.Collect$$libinit$$00000032          0x0000027c   Section        0  libinit2.o(.ARM.Collect$$libinit$$00000032)
    .ARM.Collect$$libinit$$00000033          0x0000027c   Section        2  libinit2.o(.ARM.Collect$$libinit$$00000033)
    .ARM.Collect$$libshutdown$$00000000      0x0000027e   Section        2  libshutdown.o(.ARM.Collect$$libshutdown$$00000000)
    .ARM.Collect$$libshutdown$$00000002      0x00000280   Section        0  libshutdown2.o(.ARM.Collect$$libshutdown$$00000002)
    .ARM.Collect$$libshutdown$$00000004      0x00000280   Section        0  libshutdown2.o(.ARM.Collect$$libshutdown$$00000004)
    .ARM.Collect$$libshutdown$$00000007      0x00000280   Section        0  libshutdown2.o(.ARM.Collect$$libshutdown$$00000007)
    .ARM.Collect$$libshutdown$$0000000A      0x00000280   Section        0  libshutdown2.o(.ARM.Collect$$libshutdown$$0000000A)
    .ARM.Collect$$libshutdown$$0000000C      0x00000280   Section        0  libshutdown2.o(.ARM.Collect$$libshutdown$$0000000C)
    .ARM.Collect$$libshutdown$$0000000F      0x00000280   Section        0  libshutdown2.o(.ARM.Collect$$libshutdown$$0000000F)
    .ARM.Collect$$libshutdown$$00000010      0x00000280   Section        2  libshutdown2.o(.ARM.Collect$$libshutdown$$00000010)
    .ARM.Collect$$rtentry$$00000000          0x00000282   Section        0  __rtentry.o(.ARM.Collect$$rtentry$$00000000)
    .ARM.Collect$$rtentry$$00000002          0x00000282   Section        0  __rtentry2.o(.ARM.Collect$$rtentry$$00000002)
    .ARM.Collect$$rtentry$$00000004          0x00000282   Section        6  __rtentry4.o(.ARM.Collect$$rtentry$$00000004)
    .ARM.Collect$$rtentry$$00000009          0x00000288   Section        0  __rtentry2.o(.ARM.Collect$$rtentry$$00000009)
    .ARM.Collect$$rtentry$$0000000A          0x00000288   Section        4  __rtentry2.o(.ARM.Collect$$rtentry$$0000000A)
    .ARM.Collect$$rtentry$$0000000C          0x0000028c   Section        0  __rtentry2.o(.ARM.Collect$$rtentry$$0000000C)
    .ARM.Collect$$rtentry$$0000000D          0x0000028c   Section        8  __rtentry2.o(.ARM.Collect$$rtentry$$0000000D)
    .ARM.Collect$$rtexit$$00000000           0x00000294   Section        2  rtexit.o(.ARM.Collect$$rtexit$$00000000)
    .ARM.Collect$$rtexit$$00000002           0x00000296   Section        0  rtexit2.o(.ARM.Collect$$rtexit$$00000002)
    .ARM.Collect$$rtexit$$00000003           0x00000296   Section        4  rtexit2.o(.ARM.Collect$$rtexit$$00000003)
    .ARM.Collect$$rtexit$$00000004           0x0000029a   Section        6  rtexit2.o(.ARM.Collect$$rtexit$$00000004)
    .emb_text                                0x000002a0   Section       82  retarget.o(.emb_text)
    $v0                                      0x000002a0   Number         0  retarget.o(.emb_text)
    .text                                    0x000002f4   Section      132  startup_m480.o(.text)
    $v0                                      0x000002f4   Number         0  startup_m480.o(.text)
    Default_Handler                          0x00000347   Thumb Code     2  startup_m480.o(.text)
    .text                                    0x00000378   Section        0  noretval__2printf.o(.text)
    .text                                    0x00000390   Section        0  _printf_hex_int.o(.text)
    .text                                    0x000003e8   Section        0  __printf_wp.o(.text)
    .text                                    0x000004f6   Section      100  rt_memcpy_w.o(.text)
    .text                                    0x0000055a   Section       68  rt_memclr.o(.text)
    .text                                    0x0000059e   Section        0  heapauxi.o(.text)
    .text                                    0x000005a4   Section        0  _printf_intcommon.o(.text)
    .text                                    0x00000658   Section        0  _printf_char_file.o(.text)
    .text                                    0x0000067c   Section       78  rt_memclr_w.o(.text)
    .text                                    0x000006cc   Section        0  _printf_char_common.o(.text)
    _printf_input_char                       0x000006cd   Thumb Code    10  _printf_char_common.o(.text)
    .text                                    0x000006fc   Section        0  ferror.o(.text)
    .text                                    0x00000704   Section       74  sys_stackheap_outer.o(.text)
    .text                                    0x0000074e   Section        0  exit.o(.text)
    .text                                    0x00000760   Section        8  libspace.o(.text)
    i.ADC00_IRQHandler                       0x00000768   Section        0  main.o(i.ADC00_IRQHandler)
    i.CLK_DisablePLL                         0x0000077c   Section        0  clk.o(i.CLK_DisablePLL)
    i.CLK_EnableModuleClock                  0x00000794   Section        0  clk.o(i.CLK_EnableModuleClock)
    i.CLK_EnablePLL                          0x000007bc   Section        0  clk.o(i.CLK_EnablePLL)
    i.CLK_EnableXtalRC                       0x00000950   Section        0  clk.o(i.CLK_EnableXtalRC)
    i.CLK_GetPCLK0Freq                       0x00000964   Section        0  clk.o(i.CLK_GetPCLK0Freq)
    i.CLK_GetPCLK1Freq                       0x000009dc   Section        0  clk.o(i.CLK_GetPCLK1Freq)
    i.CLK_GetPLLClockFreq                    0x00000a54   Section        0  clk.o(i.CLK_GetPLLClockFreq)
    i.CLK_SetCoreClock                       0x00000ac8   Section        0  clk.o(i.CLK_SetCoreClock)
    i.CLK_SetHCLK                            0x00000b6c   Section        0  clk.o(i.CLK_SetHCLK)
    i.CLK_SetModuleClock                     0x00000be8   Section        0  clk.o(i.CLK_SetModuleClock)
    i.CLK_WaitClockReady                     0x00000c58   Section        0  clk.o(i.CLK_WaitClockReady)
    i.EADC_ConfigSampleModule                0x00000c84   Section        0  eadc.o(i.EADC_ConfigSampleModule)
    i.EADC_FunctionTest                      0x00000cb4   Section        0  main.o(i.EADC_FunctionTest)
    i.EADC_Open                              0x00000d1c   Section        0  eadc.o(i.EADC_Open)
    i.EADC_SetTriggerDelayTime               0x00000d3e   Section        0  eadc.o(i.EADC_SetTriggerDelayTime)
    i.EP2_Handler                            0x00000d6c   Section        0  vcom_serial.o(i.EP2_Handler)
    i.EP3_Handler                            0x00000d78   Section        0  vcom_serial.o(i.EP3_Handler)
    i.EPWM0_Init                             0x00000dac   Section        0  main.o(i.EPWM0_Init)
    i.EPWM_EnableADCTrigger                  0x00000e7c   Section        0  epwm.o(i.EPWM_EnableADCTrigger)
    i.EPWM_EnableOutput                      0x00000ec6   Section        0  epwm.o(i.EPWM_EnableOutput)
    i.EPWM_ForceStop                         0x00000ed2   Section        0  epwm.o(i.EPWM_ForceStop)
    i.EPWM_Start                             0x00000eda   Section        0  epwm.o(i.EPWM_Start)
    i.HSUSBD_ConfigEp                        0x00000ee4   Section        0  massstorage.o(i.HSUSBD_ConfigEp)
    HSUSBD_ConfigEp                          0x00000ee5   Thumb Code    86  massstorage.o(i.HSUSBD_ConfigEp)
    i.HSUSBD_CtrlIn                          0x00000f40   Section        0  hsusbd.o(i.HSUSBD_CtrlIn)
    i.HSUSBD_GetDescriptor                   0x00001014   Section        0  hsusbd.o(i.HSUSBD_GetDescriptor)
    i.HSUSBD_MemCopy                         0x00001300   Section        0  massstorage.o(i.HSUSBD_MemCopy)
    HSUSBD_MemCopy                           0x00001301   Thumb Code    24  massstorage.o(i.HSUSBD_MemCopy)
    i.HSUSBD_Open                            0x00001318   Section        0  hsusbd.o(i.HSUSBD_Open)
    i.HSUSBD_PrepareCtrlIn                   0x00001378   Section        0  hsusbd.o(i.HSUSBD_PrepareCtrlIn)
    i.HSUSBD_ProcessSetupPacket              0x0000138c   Section        0  hsusbd.o(i.HSUSBD_ProcessSetupPacket)
    i.HSUSBD_SetEpBufAddr                    0x00001404   Section        0  massstorage.o(i.HSUSBD_SetEpBufAddr)
    HSUSBD_SetEpBufAddr                      0x00001405   Thumb Code    54  massstorage.o(i.HSUSBD_SetEpBufAddr)
    i.HSUSBD_StandardRequest                 0x00001440   Section        0  hsusbd.o(i.HSUSBD_StandardRequest)
    i.HSUSBD_Start                           0x000016dc   Section        0  hsusbd.o(i.HSUSBD_Start)
    i.HSUSBD_SwReset                         0x000016f0   Section        0  hsusbd.o(i.HSUSBD_SwReset)
    i.HSUSBD_UpdateDeviceState               0x0000171c   Section        0  hsusbd.o(i.HSUSBD_UpdateDeviceState)
    i.Hard_Fault_Handler                     0x000018a4   Section        0  retarget.o(i.Hard_Fault_Handler)
    __tagsym$$used                           0x000018a5   Number         0  retarget.o(i.Hard_Fault_Handler)
    i.IsDebugFifoEmpty                       0x000018d0   Section        0  retarget.o(i.IsDebugFifoEmpty)
    i.MSC_AckCmd                             0x000018d4   Section        0  massstorage.o(i.MSC_AckCmd)
    i.MSC_ActiveDMA                          0x00001910   Section        0  massstorage.o(i.MSC_ActiveDMA)
    i.MSC_BulkIn                             0x00001968   Section        0  massstorage.o(i.MSC_BulkIn)
    i.MSC_BulkOut                            0x00001a4c   Section        0  massstorage.o(i.MSC_BulkOut)
    i.MSC_ClassRequest                       0x00001a9c   Section        0  massstorage.o(i.MSC_ClassRequest)
    i.MSC_Init                               0x00001b08   Section        0  massstorage.o(i.MSC_Init)
    i.MSC_InitForFullSpeed                   0x00001b6c   Section        0  massstorage.o(i.MSC_InitForFullSpeed)
    i.MSC_InitForHighSpeed                   0x00001bc4   Section        0  massstorage.o(i.MSC_InitForHighSpeed)
    i.MSC_ModeSense10                        0x00001c20   Section        0  massstorage.o(i.MSC_ModeSense10)
    i.MSC_ModeSense6                         0x00001e04   Section        0  massstorage.o(i.MSC_ModeSense6)
    i.MSC_ProcessCmd                         0x00001e38   Section        0  massstorage.o(i.MSC_ProcessCmd)
    i.MSC_ReadCapacity                       0x0000203c   Section        0  massstorage.o(i.MSC_ReadCapacity)
    i.MSC_ReadFormatCapacity                 0x0000209c   Section        0  massstorage.o(i.MSC_ReadFormatCapacity)
    i.MSC_ReceiveCBW                         0x00002130   Section        0  massstorage.o(i.MSC_ReceiveCBW)
    i.MSC_RequestSense                       0x00002198   Section        0  massstorage.o(i.MSC_RequestSense)
    i.NVIC_EnableIRQ                         0x00002210   Section        0  main.o(i.NVIC_EnableIRQ)
    NVIC_EnableIRQ                           0x00002211   Thumb Code    22  main.o(i.NVIC_EnableIRQ)
    i.PDMA_EnableInt                         0x00002226   Section        0  pdma.o(i.PDMA_EnableInt)
    i.PDMA_IRQHandler                        0x0000226c   Section        0  main.o(i.PDMA_IRQHandler)
    i.PDMA_Init                              0x000022e0   Section        0  main.o(i.PDMA_Init)
    i.PDMA_Open                              0x00002360   Section        0  pdma.o(i.PDMA_Open)
    i.PDMA_SetBurstType                      0x0000238c   Section        0  pdma.o(i.PDMA_SetBurstType)
    i.PDMA_SetTransferAddr                   0x000023b2   Section        0  pdma.o(i.PDMA_SetTransferAddr)
    i.PDMA_SetTransferCnt                    0x000023e8   Section        0  pdma.o(i.PDMA_SetTransferCnt)
    i.PDMA_SetTransferMode                   0x00002414   Section        0  pdma.o(i.PDMA_SetTransferMode)
    i.ReloadPDMA                             0x00002590   Section        0  main.o(i.ReloadPDMA)
    i.SYS_Init                               0x000025ec   Section        0  main.o(i.SYS_Init)
    i.SendChar                               0x000027c8   Section        0  retarget.o(i.SendChar)
    SendChar                                 0x000027c9   Thumb Code    70  retarget.o(i.SendChar)
    i.SystemCoreClockUpdate                  0x00002818   Section        0  system_m480.o(i.SystemCoreClockUpdate)
    i.SystemInit                             0x0000287c   Section        0  system_m480.o(i.SystemInit)
    i.TIMER_GetModuleClock                   0x00002910   Section        0  timer.o(i.TIMER_GetModuleClock)
    i.TIMER_Open                             0x00002998   Section        0  timer.o(i.TIMER_Open)
    i.TMR0_IRQHandler                        0x000029dc   Section        0  main.o(i.TMR0_IRQHandler)
    i.UART_Open                              0x000029fc   Section        0  uart.o(i.UART_Open)
    i.USBD20_IRQHandler                      0x00002b3c   Section        0  massstorage.o(i.USBD20_IRQHandler)
    i.USBD_CtrlIn                            0x00002fa4   Section        0  usbd.o(i.USBD_CtrlIn)
    i.USBD_CtrlOut                           0x00003094   Section        0  usbd.o(i.USBD_CtrlOut)
    i.USBD_GetDescriptor                     0x000030fc   Section        0  usbd.o(i.USBD_GetDescriptor)
    i.USBD_GetSetupPacket                    0x0000328c   Section        0  usbd.o(i.USBD_GetSetupPacket)
    i.USBD_IRQHandler                        0x000032a0   Section        0  vcom_serial.o(i.USBD_IRQHandler)
    i.USBD_MemCopy                           0x00003404   Section        0  usbd.o(i.USBD_MemCopy)
    USBD_MemCopy                             0x00003405   Thumb Code    32  usbd.o(i.USBD_MemCopy)
    i.USBD_Open                              0x00003424   Section        0  usbd.o(i.USBD_Open)
    i.USBD_PrepareCtrlIn                     0x0000346c   Section        0  usbd.o(i.USBD_PrepareCtrlIn)
    i.USBD_PrepareCtrlOut                    0x00003504   Section        0  usbd.o(i.USBD_PrepareCtrlOut)
    i.USBD_ProcessSetupPacket                0x00003530   Section        0  usbd.o(i.USBD_ProcessSetupPacket)
    i.USBD_SetStall                          0x000035a8   Section        0  vcom_serial.o(i.USBD_SetStall)
    USBD_SetStall                            0x000035a9   Thumb Code    52  vcom_serial.o(i.USBD_SetStall)
    i.USBD_StandardRequest                   0x000035e0   Section        0  usbd.o(i.USBD_StandardRequest)
    i.USBD_Start                             0x00003984   Section        0  usbd.o(i.USBD_Start)
    i.USBD_SwReset                           0x000039b8   Section        0  usbd.o(i.USBD_SwReset)
    i.USB_ufi                                0x00003a24   Section        0  main.o(i.USB_ufi)
    i.VCOM_ClassRequest                      0x00003a54   Section        0  vcom_serial.o(i.VCOM_ClassRequest)
    i.VCOM_Init                              0x00003b4c   Section        0  vcom_serial.o(i.VCOM_Init)
    i.VCOM_LineCoding                        0x00003bb4   Section        0  vcom_serial.o(i.VCOM_LineCoding)
    i.VCOM_TransferData                      0x00003cd8   Section        0  main.o(i.VCOM_TransferData)
    i.__set_PRIMASK                          0x00003e84   Section        0  main.o(i.__set_PRIMASK)
    __set_PRIMASK                            0x00003e85   Thumb Code     6  main.o(i.__set_PRIMASK)
    i._is_digit                              0x00003e8a   Section        0  __printf_wp.o(i._is_digit)
    i._sys_exit                              0x00003e98   Section        0  retarget.o(i._sys_exit)
    i.fputc                                  0x00003eb8   Section        0  retarget.o(i.fputc)
    i.get_be32                               0x00003ec8   Section        0  massstorage.o(i.get_be32)
    get_be32                                 0x00003ec9   Thumb Code    24  massstorage.o(i.get_be32)
    i.main                                   0x00003ee0   Section        0  main.o(i.main)
    i.stackDump                              0x00004070   Section        0  retarget.o(i.stackDump)
    stackDump                                0x00004071   Thumb Code    70  retarget.o(i.stackDump)
    x$fpl$fpinit                             0x00004118   Section       10  fpinit.o(x$fpl$fpinit)
    $v0                                      0x00004118   Number         0  fpinit.o(x$fpl$fpinit)
    .constdata                               0x00004124   Section       40  descriptors.o(.constdata)
    .constdata                               0x0000414c   Section       48  uart.o(.constdata)
    .constdata                               0x0000417c   Section       32  timer.o(.constdata)
    .constdata                               0x0000419c   Section       40  _printf_hex_int.o(.constdata)
    uc_hextab                                0x0000419c   Data          20  _printf_hex_int.o(.constdata)
    lc_hextab                                0x000041b0   Data          20  _printf_hex_int.o(.constdata)
    .data                                    0x20000000   Section       44  system_m480.o(.data)
    .data                                    0x2000002c   Section       72  main.o(.data)
    .data                                    0x20000074   Section      392  descriptors.o(.data)
    .data                                    0x200001fc   Section      164  massstorage.o(.data)
    g_au8ModePage_01                         0x20000248   Data          12  massstorage.o(.data)
    g_au8ModePage_05                         0x20000254   Data          32  massstorage.o(.data)
    g_au8ModePage_1B                         0x20000274   Data          12  massstorage.o(.data)
    g_au8ModePage_1C                         0x20000280   Data           8  massstorage.o(.data)
    g_au8ModePage                            0x20000288   Data          24  massstorage.o(.data)
    .data                                    0x200002a0   Section        9  retarget.o(.data)
    g_buf_len                                0x200002a8   Data           1  retarget.o(.data)
    .data                                    0x200002ac   Section       52  hsusbd.o(.data)
    g_hsusbd_CtrlInPointer                   0x200002c8   Data           4  hsusbd.o(.data)
    g_hsusbd_CtrlMaxPktSize                  0x200002cc   Data           4  hsusbd.o(.data)
    g_hsusbd_UsbConfig                       0x200002d0   Data           1  hsusbd.o(.data)
    g_hsusbd_UsbAltInterface                 0x200002d1   Data           1  hsusbd.o(.data)
    g_hsusbd_EnableTestMode                  0x200002d2   Data           1  hsusbd.o(.data)
    g_hsusbd_TestSelector                    0x200002d3   Data           1  hsusbd.o(.data)
    .data                                    0x200002e0   Section       73  usbd.o(.data)
    g_usbd_CtrlInPointer                     0x200002ec   Data           4  usbd.o(.data)
    g_usbd_CtrlOutPointer                    0x200002f0   Data           4  usbd.o(.data)
    g_usbd_CtrlInSize                        0x200002f4   Data           4  usbd.o(.data)
    g_usbd_CtrlOutSize                       0x200002f8   Data           4  usbd.o(.data)
    g_usbd_CtrlOutSizeLimit                  0x200002fc   Data           4  usbd.o(.data)
    g_usbd_UsbAddr                           0x20000300   Data           4  usbd.o(.data)
    g_usbd_UsbConfig                         0x20000304   Data           4  usbd.o(.data)
    g_usbd_CtrlMaxPktSize                    0x20000308   Data           4  usbd.o(.data)
    g_usbd_UsbAltInterface                   0x2000030c   Data           4  usbd.o(.data)
    u8ZeroFlag                               0x20000328   Data           1  usbd.o(.data)
    .bss                                     0x2000032c   Section     1088  main.o(.bss)
    .bss                                     0x2000076c   Section       36  descriptors.o(.bss)
    .bss                                     0x20000790   Section       48  massstorage.o(.bss)
    .bss                                     0x200007c0   Section       16  retarget.o(.bss)
    g_buf                                    0x200007c0   Data          16  retarget.o(.bss)
    .bss                                     0x200007d0   Section       16  pdma.o(.bss)
    u32ChSelect                              0x200007d0   Data          16  pdma.o(.bss)
    .bss                                     0x200007e0   Section       12  hsusbd.o(.bss)
    g_hsusbd_buf                             0x200007e0   Data          12  hsusbd.o(.bss)
    .bss                                     0x200007ec   Section       96  libspace.o(.bss)
    HEAP                                     0x20000850   Section      256  startup_m480.o(HEAP)
    Heap_Mem                                 0x20000850   Data         256  startup_m480.o(HEAP)
    STACK                                    0x20000950   Section     2048  startup_m480.o(STACK)
    Stack_Mem                                0x20000950   Data        2048  startup_m480.o(STACK)
    __initial_sp                             0x20001150   Data           0  startup_m480.o(STACK)
    .ARM.__AT_0x20002500                     0x20002500   Section      192  main.o(.ARM.__AT_0x20002500)

    Global Symbols

    Symbol Name                              Value     Ov Type        Size  Object(Section)

    BuildAttributes$$THM_ISAv4$E$P$D$K$B$S$7EM$VFPi3$EXTD16$VFPS$VFMA$PE$A:L22UL41UL21$X:L11$S22US41US21$IEEE1$IW$USESV6$~STKCKD$USESV7$~SHL$OSPACE$ROPI$EBA8$UX$STANDARDLIB$REQ8$PRES8$EABIv2 0x00000000   Number         0  anon$$obj.o ABSOLUTE
    __ARM_use_no_argv                        0x00000000   Number         0  main.o ABSOLUTE
    __Vectors                                0x00000000   Data           4  startup_m480.o(RESET)
    _printf_flags                            0x00000000   Number         0  printf_stubs.o ABSOLUTE
    _printf_return_value                     0x00000000   Number         0  printf_stubs.o ABSOLUTE
    _printf_sizespec                         0x00000000   Number         0  printf_stubs.o ABSOLUTE
    _printf_widthprec                        0x00000000   Number         0  printf_stubs.o ABSOLUTE
    __ARM_exceptions_init                     - Undefined Weak Reference
    __alloca_initialize                       - Undefined Weak Reference
    __arm_preinit_                            - Undefined Weak Reference
    __cpp_initialize__aeabi_                  - Undefined Weak Reference
    __cxa_finalize                            - Undefined Weak Reference
    __rt_locale                               - Undefined Weak Reference
    __sigvec_lookup                           - Undefined Weak Reference
    _atexit_init                              - Undefined Weak Reference
    _call_atexit_fns                          - Undefined Weak Reference
    _clock_init                               - Undefined Weak Reference
    _fp_trap_init                             - Undefined Weak Reference
    _fp_trap_shutdown                         - Undefined Weak Reference
    _get_lc_collate                           - Undefined Weak Reference
    _get_lc_ctype                             - Undefined Weak Reference
    _get_lc_monetary                          - Undefined Weak Reference
    _get_lc_numeric                           - Undefined Weak Reference
    _get_lc_time                              - Undefined Weak Reference
    _getenv_init                              - Undefined Weak Reference
    _handle_redirection                       - Undefined Weak Reference
    _init_alloc                               - Undefined Weak Reference
    _init_user_alloc                          - Undefined Weak Reference
    _initio                                   - Undefined Weak Reference
    _mutex_acquire                            - Undefined Weak Reference
    _mutex_release                            - Undefined Weak Reference
    _printf_post_padding                      - Undefined Weak Reference
    _printf_pre_padding                       - Undefined Weak Reference
    _printf_truncate_unsigned                 - Undefined Weak Reference
    _rand_init                                - Undefined Weak Reference
    _signal_finish                            - Undefined Weak Reference
    _signal_init                              - Undefined Weak Reference
    _terminate_alloc                          - Undefined Weak Reference
    _terminate_user_alloc                     - Undefined Weak Reference
    _terminateio                              - Undefined Weak Reference
    __Vectors_End                            0x000001b8   Data           0  startup_m480.o(RESET)
    __Vectors_Size                           0x000001b8   Number         0  startup_m480.o ABSOLUTE
    __main                                   0x000001b9   Thumb Code     8  __main.o(!!!main)
    __scatterload                            0x000001c1   Thumb Code     0  __scatter.o(!!!scatter)
    __scatterload_rt2                        0x000001c1   Thumb Code    44  __scatter.o(!!!scatter)
    __scatterload_rt2_thumb_only             0x000001c1   Thumb Code     0  __scatter.o(!!!scatter)
    __scatterload_null                       0x000001cf   Thumb Code     0  __scatter.o(!!!scatter)
    __decompress                             0x000001f5   Thumb Code    90  __dczerorl2.o(!!dczerorl2)
    __decompress1                            0x000001f5   Thumb Code     0  __dczerorl2.o(!!dczerorl2)
    __scatterload_zeroinit                   0x00000251   Thumb Code    28  __scatter_zi.o(!!handler_zi)
    _printf_percent                          0x0000026d   Thumb Code     0  _printf_percent.o(.ARM.Collect$$_printf_percent$$00000000)
    _printf_x                                0x0000026d   Thumb Code     0  _printf_x.o(.ARM.Collect$$_printf_percent$$0000000C)
    _printf_percent_end                      0x00000273   Thumb Code     0  _printf_percent_end.o(.ARM.Collect$$_printf_percent$$00000017)
    __rt_lib_init                            0x00000277   Thumb Code     0  libinit.o(.ARM.Collect$$libinit$$00000000)
    __rt_lib_init_fp_1                       0x00000279   Thumb Code     0  libinit2.o(.ARM.Collect$$libinit$$00000001)
    __rt_lib_init_alloca_1                   0x0000027d   Thumb Code     0  libinit2.o(.ARM.Collect$$libinit$$0000002E)
    __rt_lib_init_argv_1                     0x0000027d   Thumb Code     0  libinit2.o(.ARM.Collect$$libinit$$0000002C)
    __rt_lib_init_atexit_1                   0x0000027d   Thumb Code     0  libinit2.o(.ARM.Collect$$libinit$$0000001B)
    __rt_lib_init_clock_1                    0x0000027d   Thumb Code     0  libinit2.o(.ARM.Collect$$libinit$$00000021)
    __rt_lib_init_cpp_1                      0x0000027d   Thumb Code     0  libinit2.o(.ARM.Collect$$libinit$$00000032)
    __rt_lib_init_exceptions_1               0x0000027d   Thumb Code     0  libinit2.o(.ARM.Collect$$libinit$$00000030)
    __rt_lib_init_fp_trap_1                  0x0000027d   Thumb Code     0  libinit2.o(.ARM.Collect$$libinit$$0000001F)
    __rt_lib_init_getenv_1                   0x0000027d   Thumb Code     0  libinit2.o(.ARM.Collect$$libinit$$00000023)
    __rt_lib_init_heap_1                     0x0000027d   Thumb Code     0  libinit2.o(.ARM.Collect$$libinit$$0000000A)
    __rt_lib_init_lc_collate_1               0x0000027d   Thumb Code     0  libinit2.o(.ARM.Collect$$libinit$$00000011)
    __rt_lib_init_lc_ctype_1                 0x0000027d   Thumb Code     0  libinit2.o(.ARM.Collect$$libinit$$00000013)
    __rt_lib_init_lc_monetary_1              0x0000027d   Thumb Code     0  libinit2.o(.ARM.Collect$$libinit$$00000015)
    __rt_lib_init_lc_numeric_1               0x0000027d   Thumb Code     0  libinit2.o(.ARM.Collect$$libinit$$00000017)
    __rt_lib_init_lc_time_1                  0x0000027d   Thumb Code     0  libinit2.o(.ARM.Collect$$libinit$$00000019)
    __rt_lib_init_preinit_1                  0x0000027d   Thumb Code     0  libinit2.o(.ARM.Collect$$libinit$$00000004)
    __rt_lib_init_rand_1                     0x0000027d   Thumb Code     0  libinit2.o(.ARM.Collect$$libinit$$0000000E)
    __rt_lib_init_return                     0x0000027d   Thumb Code     0  libinit2.o(.ARM.Collect$$libinit$$00000033)
    __rt_lib_init_signal_1                   0x0000027d   Thumb Code     0  libinit2.o(.ARM.Collect$$libinit$$0000001D)
    __rt_lib_init_stdio_1                    0x0000027d   Thumb Code     0  libinit2.o(.ARM.Collect$$libinit$$00000025)
    __rt_lib_init_user_alloc_1               0x0000027d   Thumb Code     0  libinit2.o(.ARM.Collect$$libinit$$0000000C)
    __rt_lib_shutdown                        0x0000027f   Thumb Code     0  libshutdown.o(.ARM.Collect$$libshutdown$$00000000)
    __rt_lib_shutdown_cpp_1                  0x00000281   Thumb Code     0  libshutdown2.o(.ARM.Collect$$libshutdown$$00000002)
    __rt_lib_shutdown_fp_trap_1              0x00000281   Thumb Code     0  libshutdown2.o(.ARM.Collect$$libshutdown$$00000007)
    __rt_lib_shutdown_heap_1                 0x00000281   Thumb Code     0  libshutdown2.o(.ARM.Collect$$libshutdown$$0000000F)
    __rt_lib_shutdown_return                 0x00000281   Thumb Code     0  libshutdown2.o(.ARM.Collect$$libshutdown$$00000010)
    __rt_lib_shutdown_signal_1               0x00000281   Thumb Code     0  libshutdown2.o(.ARM.Collect$$libshutdown$$0000000A)
    __rt_lib_shutdown_stdio_1                0x00000281   Thumb Code     0  libshutdown2.o(.ARM.Collect$$libshutdown$$00000004)
    __rt_lib_shutdown_user_alloc_1           0x00000281   Thumb Code     0  libshutdown2.o(.ARM.Collect$$libshutdown$$0000000C)
    __rt_entry                               0x00000283   Thumb Code     0  __rtentry.o(.ARM.Collect$$rtentry$$00000000)
    __rt_entry_presh_1                       0x00000283   Thumb Code     0  __rtentry2.o(.ARM.Collect$$rtentry$$00000002)
    __rt_entry_sh                            0x00000283   Thumb Code     0  __rtentry4.o(.ARM.Collect$$rtentry$$00000004)
    __rt_entry_li                            0x00000289   Thumb Code     0  __rtentry2.o(.ARM.Collect$$rtentry$$0000000A)
    __rt_entry_postsh_1                      0x00000289   Thumb Code     0  __rtentry2.o(.ARM.Collect$$rtentry$$00000009)
    __rt_entry_main                          0x0000028d   Thumb Code     0  __rtentry2.o(.ARM.Collect$$rtentry$$0000000D)
    __rt_entry_postli_1                      0x0000028d   Thumb Code     0  __rtentry2.o(.ARM.Collect$$rtentry$$0000000C)
    __rt_exit                                0x00000295   Thumb Code     0  rtexit.o(.ARM.Collect$$rtexit$$00000000)
    __rt_exit_ls                             0x00000297   Thumb Code     0  rtexit2.o(.ARM.Collect$$rtexit$$00000003)
    __rt_exit_prels_1                        0x00000297   Thumb Code     0  rtexit2.o(.ARM.Collect$$rtexit$$00000002)
    __rt_exit_exit                           0x0000029b   Thumb Code     0  rtexit2.o(.ARM.Collect$$rtexit$$00000004)
    HardFault_Handler                        0x000002a1   Thumb Code    60  retarget.o(.emb_text)
    SH_DoCommand                             0x000002e1   Thumb Code    18  retarget.o(.emb_text)
    Reset_Handler                            0x000002f5   Thumb Code    64  startup_m480.o(.text)
    NMI_Handler                              0x00000335   Thumb Code     2  startup_m480.o(.text)
    MemManage_Handler                        0x00000339   Thumb Code     2  startup_m480.o(.text)
    BusFault_Handler                         0x0000033b   Thumb Code     2  startup_m480.o(.text)
    UsageFault_Handler                       0x0000033d   Thumb Code     2  startup_m480.o(.text)
    SVC_Handler                              0x0000033f   Thumb Code     2  startup_m480.o(.text)
    DebugMon_Handler                         0x00000341   Thumb Code     2  startup_m480.o(.text)
    PendSV_Handler                           0x00000343   Thumb Code     2  startup_m480.o(.text)
    SysTick_Handler                          0x00000345   Thumb Code     2  startup_m480.o(.text)
    ACMP01_IRQHandler                        0x00000347   Thumb Code     0  startup_m480.o(.text)
    ADC01_IRQHandler                         0x00000347   Thumb Code     0  startup_m480.o(.text)
    ADC02_IRQHandler                         0x00000347   Thumb Code     0  startup_m480.o(.text)
    ADC03_IRQHandler                         0x00000347   Thumb Code     0  startup_m480.o(.text)
    BOD_IRQHandler                           0x00000347   Thumb Code     0  startup_m480.o(.text)
    BPWM0_IRQHandler                         0x00000347   Thumb Code     0  startup_m480.o(.text)
    BPWM1_IRQHandler                         0x00000347   Thumb Code     0  startup_m480.o(.text)
    BRAKE0_IRQHandler                        0x00000347   Thumb Code     0  startup_m480.o(.text)
    BRAKE1_IRQHandler                        0x00000347   Thumb Code     0  startup_m480.o(.text)
    CAN0_IRQHandler                          0x00000347   Thumb Code     0  startup_m480.o(.text)
    CAN1_IRQHandler                          0x00000347   Thumb Code     0  startup_m480.o(.text)
    CKFAIL_IRQHandler                        0x00000347   Thumb Code     0  startup_m480.o(.text)
    CRYPTO_IRQHandler                        0x00000347   Thumb Code     0  startup_m480.o(.text)
    DAC_IRQHandler                           0x00000347   Thumb Code     0  startup_m480.o(.text)
    ECAP0_IRQHandler                         0x00000347   Thumb Code     0  startup_m480.o(.text)
    ECAP1_IRQHandler                         0x00000347   Thumb Code     0  startup_m480.o(.text)
    EHCI_IRQHandler                          0x00000347   Thumb Code     0  startup_m480.o(.text)
    EINT0_IRQHandler                         0x00000347   Thumb Code     0  startup_m480.o(.text)
    EINT1_IRQHandler                         0x00000347   Thumb Code     0  startup_m480.o(.text)
    EINT2_IRQHandler                         0x00000347   Thumb Code     0  startup_m480.o(.text)
    EINT3_IRQHandler                         0x00000347   Thumb Code     0  startup_m480.o(.text)
    EINT4_IRQHandler                         0x00000347   Thumb Code     0  startup_m480.o(.text)
    EINT5_IRQHandler                         0x00000347   Thumb Code     0  startup_m480.o(.text)
    EINT6_IRQHandler                         0x00000347   Thumb Code     0  startup_m480.o(.text)
    EINT7_IRQHandler                         0x00000347   Thumb Code     0  startup_m480.o(.text)
    EMAC_RX_IRQHandler                       0x00000347   Thumb Code     0  startup_m480.o(.text)
    EMAC_TX_IRQHandler                       0x00000347   Thumb Code     0  startup_m480.o(.text)
    EPWM0P0_IRQHandler                       0x00000347   Thumb Code     0  startup_m480.o(.text)
    EPWM0P1_IRQHandler                       0x00000347   Thumb Code     0  startup_m480.o(.text)
    EPWM0P2_IRQHandler                       0x00000347   Thumb Code     0  startup_m480.o(.text)
    EPWM1P0_IRQHandler                       0x00000347   Thumb Code     0  startup_m480.o(.text)
    EPWM1P1_IRQHandler                       0x00000347   Thumb Code     0  startup_m480.o(.text)
    EPWM1P2_IRQHandler                       0x00000347   Thumb Code     0  startup_m480.o(.text)
    GPA_IRQHandler                           0x00000347   Thumb Code     0  startup_m480.o(.text)
    GPB_IRQHandler                           0x00000347   Thumb Code     0  startup_m480.o(.text)
    GPC_IRQHandler                           0x00000347   Thumb Code     0  startup_m480.o(.text)
    GPD_IRQHandler                           0x00000347   Thumb Code     0  startup_m480.o(.text)
    GPE_IRQHandler                           0x00000347   Thumb Code     0  startup_m480.o(.text)
    GPF_IRQHandler                           0x00000347   Thumb Code     0  startup_m480.o(.text)
    GPG_IRQHandler                           0x00000347   Thumb Code     0  startup_m480.o(.text)
    GPH_IRQHandler                           0x00000347   Thumb Code     0  startup_m480.o(.text)
    I2C0_IRQHandler                          0x00000347   Thumb Code     0  startup_m480.o(.text)
    I2C1_IRQHandler                          0x00000347   Thumb Code     0  startup_m480.o(.text)
    I2C2_IRQHandler                          0x00000347   Thumb Code     0  startup_m480.o(.text)
    I2S0_IRQHandler                          0x00000347   Thumb Code     0  startup_m480.o(.text)
    IRC_IRQHandler                           0x00000347   Thumb Code     0  startup_m480.o(.text)
    OHCI_IRQHandler                          0x00000347   Thumb Code     0  startup_m480.o(.text)
    OPA0_IRQHandler                          0x00000347   Thumb Code     0  startup_m480.o(.text)
    PWRWU_IRQHandler                         0x00000347   Thumb Code     0  startup_m480.o(.text)
    QEI0_IRQHandler                          0x00000347   Thumb Code     0  startup_m480.o(.text)
    QEI1_IRQHandler                          0x00000347   Thumb Code     0  startup_m480.o(.text)
    QSPI0_IRQHandler                         0x00000347   Thumb Code     0  startup_m480.o(.text)
    RAMPE_IRQHandler                         0x00000347   Thumb Code     0  startup_m480.o(.text)
    RTC_IRQHandler                           0x00000347   Thumb Code     0  startup_m480.o(.text)
    SC0_IRQHandler                           0x00000347   Thumb Code     0  startup_m480.o(.text)
    SC1_IRQHandler                           0x00000347   Thumb Code     0  startup_m480.o(.text)
    SC2_IRQHandler                           0x00000347   Thumb Code     0  startup_m480.o(.text)
    SDH0_IRQHandler                          0x00000347   Thumb Code     0  startup_m480.o(.text)
    SDH1_IRQHandler                          0x00000347   Thumb Code     0  startup_m480.o(.text)
    SPI0_IRQHandler                          0x00000347   Thumb Code     0  startup_m480.o(.text)
    SPI1_IRQHandler                          0x00000347   Thumb Code     0  startup_m480.o(.text)
    SPI2_IRQHandler                          0x00000347   Thumb Code     0  startup_m480.o(.text)
    SPI3_IRQHandler                          0x00000347   Thumb Code     0  startup_m480.o(.text)
    SPIM_IRQHandler                          0x00000347   Thumb Code     0  startup_m480.o(.text)
    TAMPER_IRQHandler                        0x00000347   Thumb Code     0  startup_m480.o(.text)
    TMR1_IRQHandler                          0x00000347   Thumb Code     0  startup_m480.o(.text)
    TMR2_IRQHandler                          0x00000347   Thumb Code     0  startup_m480.o(.text)
    TMR3_IRQHandler                          0x00000347   Thumb Code     0  startup_m480.o(.text)
    UART0_IRQHandler                         0x00000347   Thumb Code     0  startup_m480.o(.text)
    UART1_IRQHandler                         0x00000347   Thumb Code     0  startup_m480.o(.text)
    UART2_IRQHandler                         0x00000347   Thumb Code     0  startup_m480.o(.text)
    UART3_IRQHandler                         0x00000347   Thumb Code     0  startup_m480.o(.text)
    UART4_IRQHandler                         0x00000347   Thumb Code     0  startup_m480.o(.text)
    UART5_IRQHandler                         0x00000347   Thumb Code     0  startup_m480.o(.text)
    USBOTG20_IRQHandler                      0x00000347   Thumb Code     0  startup_m480.o(.text)
    USBOTG_IRQHandler                        0x00000347   Thumb Code     0  startup_m480.o(.text)
    USCI0_IRQHandler                         0x00000347   Thumb Code     0  startup_m480.o(.text)
    USCI1_IRQHandler                         0x00000347   Thumb Code     0  startup_m480.o(.text)
    WDT_IRQHandler                           0x00000347   Thumb Code     0  startup_m480.o(.text)
    WWDT_IRQHandler                          0x00000347   Thumb Code     0  startup_m480.o(.text)
    __user_initial_stackheap                 0x00000349   Thumb Code    10  startup_m480.o(.text)
    __2printf                                0x00000379   Thumb Code    20  noretval__2printf.o(.text)
    _printf_int_hex                          0x00000391   Thumb Code    84  _printf_hex_int.o(.text)
    _printf_longlong_hex                     0x00000391   Thumb Code     0  _printf_hex_int.o(.text)
    __printf                                 0x000003e9   Thumb Code   270  __printf_wp.o(.text)
    __aeabi_memcpy4                          0x000004f7   Thumb Code     0  rt_memcpy_w.o(.text)
    __aeabi_memcpy8                          0x000004f7   Thumb Code     0  rt_memcpy_w.o(.text)
    __rt_memcpy_w                            0x000004f7   Thumb Code   100  rt_memcpy_w.o(.text)
    _memcpy_lastbytes_aligned                0x0000053f   Thumb Code     0  rt_memcpy_w.o(.text)
    __aeabi_memclr                           0x0000055b   Thumb Code     0  rt_memclr.o(.text)
    __rt_memclr                              0x0000055b   Thumb Code    68  rt_memclr.o(.text)
    _memset                                  0x0000055f   Thumb Code     0  rt_memclr.o(.text)
    __use_two_region_memory                  0x0000059f   Thumb Code     2  heapauxi.o(.text)
    __rt_heap_escrow$2region                 0x000005a1   Thumb Code     2  heapauxi.o(.text)
    __rt_heap_expand$2region                 0x000005a3   Thumb Code     2  heapauxi.o(.text)
    _printf_int_common                       0x000005a5   Thumb Code   178  _printf_intcommon.o(.text)
    _printf_char_file                        0x00000659   Thumb Code    32  _printf_char_file.o(.text)
    __aeabi_memclr4                          0x0000067d   Thumb Code     0  rt_memclr_w.o(.text)
    __aeabi_memclr8                          0x0000067d   Thumb Code     0  rt_memclr_w.o(.text)
    __rt_memclr_w                            0x0000067d   Thumb Code    78  rt_memclr_w.o(.text)
    _memset_w                                0x00000681   Thumb Code     0  rt_memclr_w.o(.text)
    _printf_char_common                      0x000006d7   Thumb Code    32  _printf_char_common.o(.text)
    ferror                                   0x000006fd   Thumb Code     8  ferror.o(.text)
    __user_setup_stackheap                   0x00000705   Thumb Code    74  sys_stackheap_outer.o(.text)
    exit                                     0x0000074f   Thumb Code    18  exit.o(.text)
    __user_libspace                          0x00000761   Thumb Code     8  libspace.o(.text)
    __user_perproc_libspace                  0x00000761   Thumb Code     0  libspace.o(.text)
    __user_perthread_libspace                0x00000761   Thumb Code     0  libspace.o(.text)
    ADC00_IRQHandler                         0x00000769   Thumb Code    12  main.o(i.ADC00_IRQHandler)
    CLK_DisablePLL                           0x0000077d   Thumb Code    18  clk.o(i.CLK_DisablePLL)
    CLK_EnableModuleClock                    0x00000795   Thumb Code    36  clk.o(i.CLK_EnableModuleClock)
    CLK_EnablePLL                            0x000007bd   Thumb Code   374  clk.o(i.CLK_EnablePLL)
    CLK_EnableXtalRC                         0x00000951   Thumb Code    16  clk.o(i.CLK_EnableXtalRC)
    CLK_GetPCLK0Freq                         0x00000965   Thumb Code   110  clk.o(i.CLK_GetPCLK0Freq)
    CLK_GetPCLK1Freq                         0x000009dd   Thumb Code   110  clk.o(i.CLK_GetPCLK1Freq)
    CLK_GetPLLClockFreq                      0x00000a55   Thumb Code   104  clk.o(i.CLK_GetPLLClockFreq)
    CLK_SetCoreClock                         0x00000ac9   Thumb Code   154  clk.o(i.CLK_SetCoreClock)
    CLK_SetHCLK                              0x00000b6d   Thumb Code   118  clk.o(i.CLK_SetHCLK)
    CLK_SetModuleClock                       0x00000be9   Thumb Code   106  clk.o(i.CLK_SetModuleClock)
    CLK_WaitClockReady                       0x00000c59   Thumb Code    36  clk.o(i.CLK_WaitClockReady)
    EADC_ConfigSampleModule                  0x00000c85   Thumb Code    44  eadc.o(i.EADC_ConfigSampleModule)
    EADC_FunctionTest                        0x00000cb5   Thumb Code    88  main.o(i.EADC_FunctionTest)
    EADC_Open                                0x00000d1d   Thumb Code    34  eadc.o(i.EADC_Open)
    EADC_SetTriggerDelayTime                 0x00000d3f   Thumb Code    46  eadc.o(i.EADC_SetTriggerDelayTime)
    EP2_Handler                              0x00000d6d   Thumb Code     8  vcom_serial.o(i.EP2_Handler)
    EP3_Handler                              0x00000d79   Thumb Code    30  vcom_serial.o(i.EP3_Handler)
    EPWM0_Init                               0x00000dad   Thumb Code   202  main.o(i.EPWM0_Init)
    EPWM_EnableADCTrigger                    0x00000e7d   Thumb Code    74  epwm.o(i.EPWM_EnableADCTrigger)
    EPWM_EnableOutput                        0x00000ec7   Thumb Code    12  epwm.o(i.EPWM_EnableOutput)
    EPWM_ForceStop                           0x00000ed3   Thumb Code     8  epwm.o(i.EPWM_ForceStop)
    EPWM_Start                               0x00000edb   Thumb Code     8  epwm.o(i.EPWM_Start)
    HSUSBD_CtrlIn                            0x00000f41   Thumb Code   194  hsusbd.o(i.HSUSBD_CtrlIn)
    HSUSBD_GetDescriptor                     0x00001015   Thumb Code   724  hsusbd.o(i.HSUSBD_GetDescriptor)
    HSUSBD_Open                              0x00001319   Thumb Code    72  hsusbd.o(i.HSUSBD_Open)
    HSUSBD_PrepareCtrlIn                     0x00001379   Thumb Code    10  hsusbd.o(i.HSUSBD_PrepareCtrlIn)
    HSUSBD_ProcessSetupPacket                0x0000138d   Thumb Code   102  hsusbd.o(i.HSUSBD_ProcessSetupPacket)
    HSUSBD_StandardRequest                   0x00001441   Thumb Code   606  hsusbd.o(i.HSUSBD_StandardRequest)
    HSUSBD_Start                             0x000016dd   Thumb Code    14  hsusbd.o(i.HSUSBD_Start)
    HSUSBD_SwReset                           0x000016f1   Thumb Code    24  hsusbd.o(i.HSUSBD_SwReset)
    HSUSBD_UpdateDeviceState                 0x0000171d   Thumb Code   366  hsusbd.o(i.HSUSBD_UpdateDeviceState)
    Hard_Fault_Handler                       0x000018a5   Thumb Code    18  retarget.o(i.Hard_Fault_Handler)
    IsDebugFifoEmpty                         0x000018d1   Thumb Code     4  retarget.o(i.IsDebugFifoEmpty)
    MSC_AckCmd                               0x000018d5   Thumb Code    44  massstorage.o(i.MSC_AckCmd)
    MSC_ActiveDMA                            0x00001911   Thumb Code    70  massstorage.o(i.MSC_ActiveDMA)
    MSC_BulkIn                               0x00001969   Thumb Code   216  massstorage.o(i.MSC_BulkIn)
    MSC_BulkOut                              0x00001a4d   Thumb Code    70  massstorage.o(i.MSC_BulkOut)
    MSC_ClassRequest                         0x00001a9d   Thumb Code    92  massstorage.o(i.MSC_ClassRequest)
    MSC_Init                                 0x00001b09   Thumb Code    66  massstorage.o(i.MSC_Init)
    MSC_InitForFullSpeed                     0x00001b6d   Thumb Code    80  massstorage.o(i.MSC_InitForFullSpeed)
    MSC_InitForHighSpeed                     0x00001bc5   Thumb Code    84  massstorage.o(i.MSC_InitForHighSpeed)
    MSC_ModeSense10                          0x00001c21   Thumb Code   452  massstorage.o(i.MSC_ModeSense10)
    MSC_ModeSense6                           0x00001e05   Thumb Code    38  massstorage.o(i.MSC_ModeSense6)
    MSC_ProcessCmd                           0x00001e39   Thumb Code   468  massstorage.o(i.MSC_ProcessCmd)
    MSC_ReadCapacity                         0x0000203d   Thumb Code    82  massstorage.o(i.MSC_ReadCapacity)
    MSC_ReadFormatCapacity                   0x0000209d   Thumb Code   136  massstorage.o(i.MSC_ReadFormatCapacity)
    MSC_ReceiveCBW                           0x00002131   Thumb Code    86  massstorage.o(i.MSC_ReceiveCBW)
    MSC_RequestSense                         0x00002199   Thumb Code   104  massstorage.o(i.MSC_RequestSense)
    PDMA_EnableInt                           0x00002227   Thumb Code    70  pdma.o(i.PDMA_EnableInt)
    PDMA_IRQHandler                          0x0000226d   Thumb Code    82  main.o(i.PDMA_IRQHandler)
    PDMA_Init                                0x000022e1   Thumb Code   106  main.o(i.PDMA_Init)
    PDMA_Open                                0x00002361   Thumb Code    38  pdma.o(i.PDMA_Open)
    PDMA_SetBurstType                        0x0000238d   Thumb Code    38  pdma.o(i.PDMA_SetBurstType)
    PDMA_SetTransferAddr                     0x000023b3   Thumb Code    54  pdma.o(i.PDMA_SetTransferAddr)
    PDMA_SetTransferCnt                      0x000023e9   Thumb Code    42  pdma.o(i.PDMA_SetTransferCnt)
    PDMA_SetTransferMode                     0x00002415   Thumb Code   372  pdma.o(i.PDMA_SetTransferMode)
    ReloadPDMA                               0x00002591   Thumb Code    74  main.o(i.ReloadPDMA)
    SYS_Init                                 0x000025ed   Thumb Code   436  main.o(i.SYS_Init)
    SystemCoreClockUpdate                    0x00002819   Thumb Code    74  system_m480.o(i.SystemCoreClockUpdate)
    SystemInit                               0x0000287d   Thumb Code   130  system_m480.o(i.SystemInit)
    TIMER_GetModuleClock                     0x00002911   Thumb Code   114  timer.o(i.TIMER_GetModuleClock)
    TIMER_Open                               0x00002999   Thumb Code    66  timer.o(i.TIMER_Open)
    TMR0_IRQHandler                          0x000029dd   Thumb Code    22  main.o(i.TMR0_IRQHandler)
    UART_Open                                0x000029fd   Thumb Code   284  uart.o(i.UART_Open)
    USBD20_IRQHandler                        0x00002b3d   Thumb Code  1122  massstorage.o(i.USBD20_IRQHandler)
    USBD_CtrlIn                              0x00002fa5   Thumb Code   202  usbd.o(i.USBD_CtrlIn)
    USBD_CtrlOut                             0x00003095   Thumb Code    80  usbd.o(i.USBD_CtrlOut)
    USBD_GetDescriptor                       0x000030fd   Thumb Code   386  usbd.o(i.USBD_GetDescriptor)
    USBD_GetSetupPacket                      0x0000328d   Thumb Code    16  usbd.o(i.USBD_GetSetupPacket)
    USBD_IRQHandler                          0x000032a1   Thumb Code   342  vcom_serial.o(i.USBD_IRQHandler)
    USBD_Open                                0x00003425   Thumb Code    50  usbd.o(i.USBD_Open)
    USBD_PrepareCtrlIn                       0x0000346d   Thumb Code   130  usbd.o(i.USBD_PrepareCtrlIn)
    USBD_PrepareCtrlOut                      0x00003505   Thumb Code    24  usbd.o(i.USBD_PrepareCtrlOut)
    USBD_ProcessSetupPacket                  0x00003531   Thumb Code   100  usbd.o(i.USBD_ProcessSetupPacket)
    USBD_StandardRequest                     0x000035e1   Thumb Code   876  usbd.o(i.USBD_StandardRequest)
    USBD_Start                               0x00003985   Thumb Code    46  usbd.o(i.USBD_Start)
    USBD_SwReset                             0x000039b9   Thumb Code    72  usbd.o(i.USBD_SwReset)
    USB_ufi                                  0x00003a25   Thumb Code    38  main.o(i.USB_ufi)
    VCOM_ClassRequest                        0x00003a55   Thumb Code   232  vcom_serial.o(i.VCOM_ClassRequest)
    VCOM_Init                                0x00003b4d   Thumb Code    96  vcom_serial.o(i.VCOM_Init)
    VCOM_LineCoding                          0x00003bb5   Thumb Code   252  vcom_serial.o(i.VCOM_LineCoding)
    VCOM_TransferData                        0x00003cd9   Thumb Code   368  main.o(i.VCOM_TransferData)
    _is_digit                                0x00003e8b   Thumb Code    14  __printf_wp.o(i._is_digit)
    _sys_exit                                0x00003e99   Thumb Code    26  retarget.o(i._sys_exit)
    fputc                                    0x00003eb9   Thumb Code    16  retarget.o(i.fputc)
    main                                     0x00003ee1   Thumb Code   278  main.o(i.main)
    _fp_init                                 0x00004119   Thumb Code    10  fpinit.o(x$fpl$fpinit)
    __fplib_config_fpu_vfp                   0x00004121   Thumb Code     0  fpinit.o(x$fpl$fpinit)
    __fplib_config_pureend_doubles           0x00004121   Thumb Code     0  fpinit.o(x$fpl$fpinit)
    gu8BOSDescriptor                         0x00004124   Data          12  descriptors.o(.constdata)
    gsInfo                                   0x00004130   Data          28  descriptors.o(.constdata)
    Region$$Table$$Base                      0x000041c4   Number         0  anon$$obj.o(Region$$Table)
    Region$$Table$$Limit                     0x000041e4   Number         0  anon$$obj.o(Region$$Table)
    SystemCoreClock                          0x20000000   Data           4  system_m480.o(.data)
    CyclesPerUs                              0x20000004   Data           4  system_m480.o(.data)
    PllClock                                 0x20000008   Data           4  system_m480.o(.data)
    gau32ClkSrcTbl                           0x2000000c   Data          32  system_m480.o(.data)
    g_u32AdcIntFlag                          0x2000002c   Data           4  main.o(.data)
    g_u32COVNUMFlag                          0x20000030   Data           4  main.o(.data)
    g_u32IsTestOver                          0x20000034   Data           4  main.o(.data)
    g_u32SampleModuleNum                     0x20000038   Data           4  main.o(.data)
    conversionAddress                        0x2000003c   Data           4  main.o(.data)
    gLineCoding                              0x20000040   Data           8  main.o(.data)
    gCtrlSignal                              0x20000048   Data           2  main.o(.data)
    comRbytes                                0x2000004a   Data           2  main.o(.data)
    comRhead                                 0x2000004c   Data           2  main.o(.data)
    comRtail                                 0x2000004e   Data           2  main.o(.data)
    comTbytes                                0x20000050   Data           2  main.o(.data)
    comThead                                 0x20000052   Data           2  main.o(.data)
    comTtail                                 0x20000054   Data           2  main.o(.data)
    gpu8RxBuf                                0x20000058   Data           4  main.o(.data)
    gu32RxSize                               0x2000005c   Data           4  main.o(.data)
    gu32TxSize                               0x20000060   Data           4  main.o(.data)
    gi8BulkOutReady                          0x20000064   Data           1  main.o(.data)
    time                                     0x20000068   Data           4  main.o(.data)
    t1                                       0x2000006c   Data           4  main.o(.data)
    t2                                       0x20000070   Data           4  main.o(.data)
    gu8DeviceDescriptor                      0x20000074   Data          18  descriptors.o(.data)
    gu8DeviceDescriptor_UART                 0x20000086   Data          18  descriptors.o(.data)
    gu8QualifierDescriptor                   0x20000098   Data          10  descriptors.o(.data)
    gu8ConfigDescriptor                      0x200000a4   Data          32  descriptors.o(.data)
    gu8ConfigDescriptor_UART                 0x200000c4   Data          67  descriptors.o(.data)
    gu8OtherConfigDescriptorHS               0x20000108   Data          32  descriptors.o(.data)
    gu8ConfigDescriptorFS                    0x20000128   Data          32  descriptors.o(.data)
    gu8OtherConfigDescriptorFS               0x20000148   Data          32  descriptors.o(.data)
    gu8StringLang                            0x20000168   Data           4  descriptors.o(.data)
    gu8VendorStringDesc                      0x2000016c   Data          16  descriptors.o(.data)
    gu8ProductStringDesc                     0x2000017c   Data          22  descriptors.o(.data)
    gu8StringSerial                          0x20000194   Data          26  descriptors.o(.data)
    gpu8UsbString                            0x200001b0   Data          16  descriptors.o(.data)
    gpu8UsbString_UART                       0x200001c0   Data          16  descriptors.o(.data)
    gsHSInfo                                 0x200001d0   Data          44  descriptors.o(.data)
    g_TotalSectors                           0x200001fc   Data           4  massstorage.o(.data)
    g_u8BulkState                            0x20000200   Data           1  massstorage.o(.data)
    g_u8Prevent                              0x20000201   Data           1  massstorage.o(.data)
    g_u8MscStart                             0x20000202   Data           1  massstorage.o(.data)
    g_au8SenseKey                            0x20000203   Data           4  massstorage.o(.data)
    g_u32MSCMaxLun                           0x20000208   Data           4  massstorage.o(.data)
    g_u32MassBase                            0x2000020c   Data           4  massstorage.o(.data)
    g_u32StorageBase                         0x20000210   Data           4  massstorage.o(.data)
    g_u32EpMaxPacketSize                     0x20000214   Data           4  massstorage.o(.data)
    formated                                 0x20000218   Data           4  massstorage.o(.data)
    readflag                                 0x2000021c   Data           1  massstorage.o(.data)
    g_u32LbaAddress                          0x20000220   Data           4  massstorage.o(.data)
    g_au8InquiryID                           0x20000224   Data          36  massstorage.o(.data)
    __stdout                                 0x200002a0   Data           4  retarget.o(.data)
    __stdin                                  0x200002a4   Data           4  retarget.o(.data)
    gUsbCmd                                  0x200002ac   Data           8  hsusbd.o(.data)
    g_hsusbd_sInfo                           0x200002b4   Data           4  hsusbd.o(.data)
    g_hsusbd_pfnVendorRequest                0x200002b8   Data           4  hsusbd.o(.data)
    g_hsusbd_pfnClassRequest                 0x200002bc   Data           4  hsusbd.o(.data)
    g_hsusbd_pfnSetInterface                 0x200002c0   Data           4  hsusbd.o(.data)
    g_u32HsEpStallLock                       0x200002c4   Data           4  hsusbd.o(.data)
    g_hsusbd_Configured                      0x200002d4   Data           1  hsusbd.o(.data)
    g_hsusbd_CtrlZero                        0x200002d5   Data           1  hsusbd.o(.data)
    g_hsusbd_UsbAddr                         0x200002d6   Data           1  hsusbd.o(.data)
    g_hsusbd_ShortPacket                     0x200002d7   Data           1  hsusbd.o(.data)
    g_hsusbd_DmaDone                         0x200002d8   Data           4  hsusbd.o(.data)
    g_hsusbd_CtrlInSize                      0x200002dc   Data           4  hsusbd.o(.data)
    g_usbd_SetupPacket                       0x200002e0   Data           8  usbd.o(.data)
    g_usbd_RemoteWakeupEn                    0x200002e8   Data           1  usbd.o(.data)
    g_usbd_sInfo                             0x20000310   Data           4  usbd.o(.data)
    g_usbd_pfnVendorRequest                  0x20000314   Data           4  usbd.o(.data)
    g_usbd_pfnClassRequest                   0x20000318   Data           4  usbd.o(.data)
    g_usbd_pfnSetInterface                   0x2000031c   Data           4  usbd.o(.data)
    g_usbd_pfnSetConfigCallback              0x20000320   Data           4  usbd.o(.data)
    g_u32EpStallLock                         0x20000324   Data           4  usbd.o(.data)
    comRbuf                                  0x2000032c   Data         512  main.o(.bss)
    comTbuf                                  0x2000052c   Data         512  main.o(.bss)
    gRxBuf                                   0x2000072c   Data          64  main.o(.bss)
    gu8UsbHidReport                          0x2000076c   Data          12  descriptors.o(.bss)
    gu32UsbHidReportLen                      0x20000778   Data          12  descriptors.o(.bss)
    gu32ConfigHidDescIdx                     0x20000784   Data          12  descriptors.o(.bss)
    g_sCBW                                   0x20000790   Data          32  massstorage.o(.bss)
    g_sCSW                                   0x200007b0   Data          16  massstorage.o(.bss)
    __libspace_start                         0x200007ec   Data          96  libspace.o(.bss)
    __temporary_stack_top$libspace           0x2000084c   Data           0  libspace.o(.bss)
    g_i32ConversionData                      0x20002500   Data         192  main.o(.ARM.__AT_0x20002500)



==============================================================================

Memory Map of the image

  Image Entry point : 0x000001b9

  Load Region LR_IROM1 (Base: 0x00000000, Size: 0x00004510, Max: 0x00080000, ABSOLUTE, COMPRESSED[0x00004348])

    Execution Region ER_IROM1 (Exec base: 0x00000000, Load base: 0x00000000, Size: 0x000041e4, Max: 0x00080000, ABSOLUTE)

    Exec Addr    Load Addr    Size         Type   Attr      Idx    E Section Name        Object

    0x00000000   0x00000000   0x000001b8   Data   RO          308    RESET               startup_m480.o
    0x000001b8   0x000001b8   0x00000008   Code   RO         2378  * !!!main             c_w.l(__main.o)
    0x000001c0   0x000001c0   0x00000034   Code   RO         2548    !!!scatter          c_w.l(__scatter.o)
    0x000001f4   0x000001f4   0x0000005a   Code   RO         2546    !!dczerorl2         c_w.l(__dczerorl2.o)
    0x0000024e   0x0000024e   0x00000002   PAD
    0x00000250   0x00000250   0x0000001c   Code   RO         2550    !!handler_zi        c_w.l(__scatter_zi.o)
    0x0000026c   0x0000026c   0x00000000   Code   RO         2371    .ARM.Collect$$_printf_percent$$00000000  c_w.l(_printf_percent.o)
    0x0000026c   0x0000026c   0x00000006   Code   RO         2370    .ARM.Collect$$_printf_percent$$0000000C  c_w.l(_printf_x.o)
    0x00000272   0x00000272   0x00000004   Code   RO         2385    .ARM.Collect$$_printf_percent$$00000017  c_w.l(_printf_percent_end.o)
    0x00000276   0x00000276   0x00000002   Code   RO         2420    .ARM.Collect$$libinit$$00000000  c_w.l(libinit.o)
    0x00000278   0x00000278   0x00000004   Code   RO         2426    .ARM.Collect$$libinit$$00000001  c_w.l(libinit2.o)
    0x0000027c   0x0000027c   0x00000000   Code   RO         2429    .ARM.Collect$$libinit$$00000004  c_w.l(libinit2.o)
    0x0000027c   0x0000027c   0x00000000   Code   RO         2432    .ARM.Collect$$libinit$$0000000A  c_w.l(libinit2.o)
    0x0000027c   0x0000027c   0x00000000   Code   RO         2434    .ARM.Collect$$libinit$$0000000C  c_w.l(libinit2.o)
    0x0000027c   0x0000027c   0x00000000   Code   RO         2436    .ARM.Collect$$libinit$$0000000E  c_w.l(libinit2.o)
    0x0000027c   0x0000027c   0x00000000   Code   RO         2439    .ARM.Collect$$libinit$$00000011  c_w.l(libinit2.o)
    0x0000027c   0x0000027c   0x00000000   Code   RO         2441    .ARM.Collect$$libinit$$00000013  c_w.l(libinit2.o)
    0x0000027c   0x0000027c   0x00000000   Code   RO         2443    .ARM.Collect$$libinit$$00000015  c_w.l(libinit2.o)
    0x0000027c   0x0000027c   0x00000000   Code   RO         2445    .ARM.Collect$$libinit$$00000017  c_w.l(libinit2.o)
    0x0000027c   0x0000027c   0x00000000   Code   RO         2447    .ARM.Collect$$libinit$$00000019  c_w.l(libinit2.o)
    0x0000027c   0x0000027c   0x00000000   Code   RO         2449    .ARM.Collect$$libinit$$0000001B  c_w.l(libinit2.o)
    0x0000027c   0x0000027c   0x00000000   Code   RO         2451    .ARM.Collect$$libinit$$0000001D  c_w.l(libinit2.o)
    0x0000027c   0x0000027c   0x00000000   Code   RO         2453    .ARM.Collect$$libinit$$0000001F  c_w.l(libinit2.o)
    0x0000027c   0x0000027c   0x00000000   Code   RO         2455    .ARM.Collect$$libinit$$00000021  c_w.l(libinit2.o)
    0x0000027c   0x0000027c   0x00000000   Code   RO         2457    .ARM.Collect$$libinit$$00000023  c_w.l(libinit2.o)
    0x0000027c   0x0000027c   0x00000000   Code   RO         2459    .ARM.Collect$$libinit$$00000025  c_w.l(libinit2.o)
    0x0000027c   0x0000027c   0x00000000   Code   RO         2463    .ARM.Collect$$libinit$$0000002C  c_w.l(libinit2.o)
    0x0000027c   0x0000027c   0x00000000   Code   RO         2465    .ARM.Collect$$libinit$$0000002E  c_w.l(libinit2.o)
    0x0000027c   0x0000027c   0x00000000   Code   RO         2467    .ARM.Collect$$libinit$$00000030  c_w.l(libinit2.o)
    0x0000027c   0x0000027c   0x00000000   Code   RO         2469    .ARM.Collect$$libinit$$00000032  c_w.l(libinit2.o)
    0x0000027c   0x0000027c   0x00000002   Code   RO         2470    .ARM.Collect$$libinit$$00000033  c_w.l(libinit2.o)
    0x0000027e   0x0000027e   0x00000002   Code   RO         2488    .ARM.Collect$$libshutdown$$00000000  c_w.l(libshutdown.o)
    0x00000280   0x00000280   0x00000000   Code   RO         2498    .ARM.Collect$$libshutdown$$00000002  c_w.l(libshutdown2.o)
    0x00000280   0x00000280   0x00000000   Code   RO         2500    .ARM.Collect$$libshutdown$$00000004  c_w.l(libshutdown2.o)
    0x00000280   0x00000280   0x00000000   Code   RO         2503    .ARM.Collect$$libshutdown$$00000007  c_w.l(libshutdown2.o)
    0x00000280   0x00000280   0x00000000   Code   RO         2506    .ARM.Collect$$libshutdown$$0000000A  c_w.l(libshutdown2.o)
    0x00000280   0x00000280   0x00000000   Code   RO         2508    .ARM.Collect$$libshutdown$$0000000C  c_w.l(libshutdown2.o)
    0x00000280   0x00000280   0x00000000   Code   RO         2511    .ARM.Collect$$libshutdown$$0000000F  c_w.l(libshutdown2.o)
    0x00000280   0x00000280   0x00000002   Code   RO         2512    .ARM.Collect$$libshutdown$$00000010  c_w.l(libshutdown2.o)
    0x00000282   0x00000282   0x00000000   Code   RO         2380    .ARM.Collect$$rtentry$$00000000  c_w.l(__rtentry.o)
    0x00000282   0x00000282   0x00000000   Code   RO         2389    .ARM.Collect$$rtentry$$00000002  c_w.l(__rtentry2.o)
    0x00000282   0x00000282   0x00000006   Code   RO         2401    .ARM.Collect$$rtentry$$00000004  c_w.l(__rtentry4.o)
    0x00000288   0x00000288   0x00000000   Code   RO         2391    .ARM.Collect$$rtentry$$00000009  c_w.l(__rtentry2.o)
    0x00000288   0x00000288   0x00000004   Code   RO         2392    .ARM.Collect$$rtentry$$0000000A  c_w.l(__rtentry2.o)
    0x0000028c   0x0000028c   0x00000000   Code   RO         2394    .ARM.Collect$$rtentry$$0000000C  c_w.l(__rtentry2.o)
    0x0000028c   0x0000028c   0x00000008   Code   RO         2395    .ARM.Collect$$rtentry$$0000000D  c_w.l(__rtentry2.o)
    0x00000294   0x00000294   0x00000002   Code   RO         2424    .ARM.Collect$$rtexit$$00000000  c_w.l(rtexit.o)
    0x00000296   0x00000296   0x00000000   Code   RO         2472    .ARM.Collect$$rtexit$$00000002  c_w.l(rtexit2.o)
    0x00000296   0x00000296   0x00000004   Code   RO         2473    .ARM.Collect$$rtexit$$00000003  c_w.l(rtexit2.o)
    0x0000029a   0x0000029a   0x00000006   Code   RO         2474    .ARM.Collect$$rtexit$$00000004  c_w.l(rtexit2.o)
    0x000002a0   0x000002a0   0x00000052   Code   RO         1326    .emb_text           retarget.o
    0x000002f2   0x000002f2   0x00000002   PAD
    0x000002f4   0x000002f4   0x00000084   Code   RO          309    .text               startup_m480.o
    0x00000378   0x00000378   0x00000018   Code   RO         2325    .text               c_w.l(noretval__2printf.o)
    0x00000390   0x00000390   0x00000058   Code   RO         2332    .text               c_w.l(_printf_hex_int.o)
    0x000003e8   0x000003e8   0x0000010e   Code   RO         2358    .text               c_w.l(__printf_wp.o)
    0x000004f6   0x000004f6   0x00000064   Code   RO         2372    .text               c_w.l(rt_memcpy_w.o)
    0x0000055a   0x0000055a   0x00000044   Code   RO         2374    .text               c_w.l(rt_memclr.o)
    0x0000059e   0x0000059e   0x00000006   Code   RO         2376    .text               c_w.l(heapauxi.o)
    0x000005a4   0x000005a4   0x000000b2   Code   RO         2381    .text               c_w.l(_printf_intcommon.o)
    0x00000656   0x00000656   0x00000002   PAD
    0x00000658   0x00000658   0x00000024   Code   RO         2383    .text               c_w.l(_printf_char_file.o)
    0x0000067c   0x0000067c   0x0000004e   Code   RO         2386    .text               c_w.l(rt_memclr_w.o)
    0x000006ca   0x000006ca   0x00000002   PAD
    0x000006cc   0x000006cc   0x00000030   Code   RO         2403    .text               c_w.l(_printf_char_common.o)
    0x000006fc   0x000006fc   0x00000008   Code   RO         2405    .text               c_w.l(ferror.o)
    0x00000704   0x00000704   0x0000004a   Code   RO         2409    .text               c_w.l(sys_stackheap_outer.o)
    0x0000074e   0x0000074e   0x00000012   Code   RO         2413    .text               c_w.l(exit.o)
    0x00000760   0x00000760   0x00000008   Code   RO         2421    .text               c_w.l(libspace.o)
    0x00000768   0x00000768   0x00000014   Code   RO          316    i.ADC00_IRQHandler  main.o
    0x0000077c   0x0000077c   0x00000018   Code   RO          923    i.CLK_DisablePLL    clk.o
    0x00000794   0x00000794   0x00000028   Code   RO          928    i.CLK_EnableModuleClock  clk.o
    0x000007bc   0x000007bc   0x00000194   Code   RO          929    i.CLK_EnablePLL     clk.o
    0x00000950   0x00000950   0x00000014   Code   RO          932    i.CLK_EnableXtalRC  clk.o
    0x00000964   0x00000964   0x00000078   Code   RO          939    i.CLK_GetPCLK0Freq  clk.o
    0x000009dc   0x000009dc   0x00000078   Code   RO          940    i.CLK_GetPCLK1Freq  clk.o
    0x00000a54   0x00000a54   0x00000074   Code   RO          941    i.CLK_GetPLLClockFreq  clk.o
    0x00000ac8   0x00000ac8   0x000000a4   Code   RO          945    i.CLK_SetCoreClock  clk.o
    0x00000b6c   0x00000b6c   0x0000007c   Code   RO          946    i.CLK_SetHCLK       clk.o
    0x00000be8   0x00000be8   0x00000070   Code   RO          947    i.CLK_SetModuleClock  clk.o
    0x00000c58   0x00000c58   0x0000002c   Code   RO          950    i.CLK_WaitClockReady  clk.o
    0x00000c84   0x00000c84   0x00000030   Code   RO         2060    i.EADC_ConfigSampleModule  eadc.o
    0x00000cb4   0x00000cb4   0x00000068   Code   RO          317    i.EADC_FunctionTest  main.o
    0x00000d1c   0x00000d1c   0x00000022   Code   RO         2061    i.EADC_Open         eadc.o
    0x00000d3e   0x00000d3e   0x0000002e   Code   RO         2063    i.EADC_SetTriggerDelayTime  eadc.o
    0x00000d6c   0x00000d6c   0x0000000c   Code   RO          853    i.EP2_Handler       vcom_serial.o
    0x00000d78   0x00000d78   0x00000034   Code   RO          854    i.EP3_Handler       vcom_serial.o
    0x00000dac   0x00000dac   0x000000d0   Code   RO          318    i.EPWM0_Init        main.o
    0x00000e7c   0x00000e7c   0x0000004a   Code   RO         1650    i.EPWM_EnableADCTrigger  epwm.o
    0x00000ec6   0x00000ec6   0x0000000c   Code   RO         1664    i.EPWM_EnableOutput  epwm.o
    0x00000ed2   0x00000ed2   0x00000008   Code   RO         1671    i.EPWM_ForceStop    epwm.o
    0x00000eda   0x00000eda   0x00000008   Code   RO         1685    i.EPWM_Start        epwm.o
    0x00000ee2   0x00000ee2   0x00000002   PAD
    0x00000ee4   0x00000ee4   0x0000005c   Code   RO          681    i.HSUSBD_ConfigEp   massstorage.o
    0x00000f40   0x00000f40   0x000000d4   Code   RO         1521    i.HSUSBD_CtrlIn     hsusbd.o
    0x00001014   0x00001014   0x000002ec   Code   RO         1523    i.HSUSBD_GetDescriptor  hsusbd.o
    0x00001300   0x00001300   0x00000018   Code   RO          682    i.HSUSBD_MemCopy    massstorage.o
    0x00001318   0x00001318   0x00000060   Code   RO         1524    i.HSUSBD_Open       hsusbd.o
    0x00001378   0x00001378   0x00000014   Code   RO         1525    i.HSUSBD_PrepareCtrlIn  hsusbd.o
    0x0000138c   0x0000138c   0x00000078   Code   RO         1526    i.HSUSBD_ProcessSetupPacket  hsusbd.o
    0x00001404   0x00001404   0x0000003c   Code   RO          683    i.HSUSBD_SetEpBufAddr  massstorage.o
    0x00001440   0x00001440   0x0000029c   Code   RO         1528    i.HSUSBD_StandardRequest  hsusbd.o
    0x000016dc   0x000016dc   0x00000014   Code   RO         1529    i.HSUSBD_Start      hsusbd.o
    0x000016f0   0x000016f0   0x0000002c   Code   RO         1530    i.HSUSBD_SwReset    hsusbd.o
    0x0000171c   0x0000171c   0x00000188   Code   RO         1531    i.HSUSBD_UpdateDeviceState  hsusbd.o
    0x000018a4   0x000018a4   0x0000002c   Code   RO         1328    i.Hard_Fault_Handler  retarget.o
    0x000018d0   0x000018d0   0x00000004   Code   RO         1329    i.IsDebugFifoEmpty  retarget.o
    0x000018d4   0x000018d4   0x0000003c   Code   RO          684    i.MSC_AckCmd        massstorage.o
    0x00001910   0x00001910   0x00000058   Code   RO          685    i.MSC_ActiveDMA     massstorage.o
    0x00001968   0x00001968   0x000000e4   Code   RO          686    i.MSC_BulkIn        massstorage.o
    0x00001a4c   0x00001a4c   0x00000050   Code   RO          687    i.MSC_BulkOut       massstorage.o
    0x00001a9c   0x00001a9c   0x0000006c   Code   RO          688    i.MSC_ClassRequest  massstorage.o
    0x00001b08   0x00001b08   0x00000064   Code   RO          689    i.MSC_Init          massstorage.o
    0x00001b6c   0x00001b6c   0x00000058   Code   RO          690    i.MSC_InitForFullSpeed  massstorage.o
    0x00001bc4   0x00001bc4   0x0000005c   Code   RO          691    i.MSC_InitForHighSpeed  massstorage.o
    0x00001c20   0x00001c20   0x000001e4   Code   RO          692    i.MSC_ModeSense10   massstorage.o
    0x00001e04   0x00001e04   0x00000034   Code   RO          693    i.MSC_ModeSense6    massstorage.o
    0x00001e38   0x00001e38   0x00000204   Code   RO          694    i.MSC_ProcessCmd    massstorage.o
    0x0000203c   0x0000203c   0x00000060   Code   RO          695    i.MSC_ReadCapacity  massstorage.o
    0x0000209c   0x0000209c   0x00000094   Code   RO          696    i.MSC_ReadFormatCapacity  massstorage.o
    0x00002130   0x00002130   0x00000068   Code   RO          698    i.MSC_ReceiveCBW    massstorage.o
    0x00002198   0x00002198   0x00000078   Code   RO          699    i.MSC_RequestSense  massstorage.o
    0x00002210   0x00002210   0x00000016   Code   RO          319    i.NVIC_EnableIRQ    main.o
    0x00002226   0x00002226   0x00000046   Code   RO         1422    i.PDMA_EnableInt    pdma.o
    0x0000226c   0x0000226c   0x00000074   Code   RO          320    i.PDMA_IRQHandler   main.o
    0x000022e0   0x000022e0   0x00000080   Code   RO          321    i.PDMA_Init         main.o
    0x00002360   0x00002360   0x0000002c   Code   RO         1424    i.PDMA_Open         pdma.o
    0x0000238c   0x0000238c   0x00000026   Code   RO         1425    i.PDMA_SetBurstType  pdma.o
    0x000023b2   0x000023b2   0x00000036   Code   RO         1428    i.PDMA_SetTransferAddr  pdma.o
    0x000023e8   0x000023e8   0x0000002a   Code   RO         1429    i.PDMA_SetTransferCnt  pdma.o
    0x00002412   0x00002412   0x00000002   PAD
    0x00002414   0x00002414   0x0000017c   Code   RO         1430    i.PDMA_SetTransferMode  pdma.o
    0x00002590   0x00002590   0x0000005c   Code   RO          322    i.ReloadPDMA        main.o
    0x000025ec   0x000025ec   0x000001dc   Code   RO          323    i.SYS_Init          main.o
    0x000027c8   0x000027c8   0x00000050   Code   RO         1330    i.SendChar          retarget.o
    0x00002818   0x00002818   0x00000064   Code   RO            4    i.SystemCoreClockUpdate  system_m480.o
    0x0000287c   0x0000287c   0x00000094   Code   RO            5    i.SystemInit        system_m480.o
    0x00002910   0x00002910   0x00000088   Code   RO         2119    i.TIMER_GetModuleClock  timer.o
    0x00002998   0x00002998   0x00000042   Code   RO         2120    i.TIMER_Open        timer.o
    0x000029da   0x000029da   0x00000002   PAD
    0x000029dc   0x000029dc   0x00000020   Code   RO          324    i.TMR0_IRQHandler   main.o
    0x000029fc   0x000029fc   0x00000140   Code   RO         1218    i.UART_Open         uart.o
    0x00002b3c   0x00002b3c   0x00000468   Code   RO          701    i.USBD20_IRQHandler  massstorage.o
    0x00002fa4   0x00002fa4   0x000000f0   Code   RO         2206    i.USBD_CtrlIn       usbd.o
    0x00003094   0x00003094   0x00000068   Code   RO         2207    i.USBD_CtrlOut      usbd.o
    0x000030fc   0x000030fc   0x00000190   Code   RO         2208    i.USBD_GetDescriptor  usbd.o
    0x0000328c   0x0000328c   0x00000014   Code   RO         2209    i.USBD_GetSetupPacket  usbd.o
    0x000032a0   0x000032a0   0x00000164   Code   RO          855    i.USBD_IRQHandler   vcom_serial.o
    0x00003404   0x00003404   0x00000020   Code   RO         2211    i.USBD_MemCopy      usbd.o
    0x00003424   0x00003424   0x00000048   Code   RO         2212    i.USBD_Open         usbd.o
    0x0000346c   0x0000346c   0x00000098   Code   RO         2213    i.USBD_PrepareCtrlIn  usbd.o
    0x00003504   0x00003504   0x0000002c   Code   RO         2214    i.USBD_PrepareCtrlOut  usbd.o
    0x00003530   0x00003530   0x00000078   Code   RO         2215    i.USBD_ProcessSetupPacket  usbd.o
    0x000035a8   0x000035a8   0x00000038   Code   RO          856    i.USBD_SetStall     vcom_serial.o
    0x000035e0   0x000035e0   0x000003a4   Code   RO         2218    i.USBD_StandardRequest  usbd.o
    0x00003984   0x00003984   0x00000034   Code   RO         2219    i.USBD_Start        usbd.o
    0x000039b8   0x000039b8   0x0000006c   Code   RO         2220    i.USBD_SwReset      usbd.o
    0x00003a24   0x00003a24   0x00000030   Code   RO          326    i.USB_ufi           main.o
    0x00003a54   0x00003a54   0x000000f8   Code   RO          857    i.VCOM_ClassRequest  vcom_serial.o
    0x00003b4c   0x00003b4c   0x00000068   Code   RO          858    i.VCOM_Init         vcom_serial.o
    0x00003bb4   0x00003bb4   0x00000124   Code   RO          859    i.VCOM_LineCoding   vcom_serial.o
    0x00003cd8   0x00003cd8   0x000001ac   Code   RO          327    i.VCOM_TransferData  main.o
    0x00003e84   0x00003e84   0x00000006   Code   RO          328    i.__set_PRIMASK     main.o
    0x00003e8a   0x00003e8a   0x0000000e   Code   RO         2360    i._is_digit         c_w.l(__printf_wp.o)
    0x00003e98   0x00003e98   0x00000020   Code   RO         1332    i._sys_exit         retarget.o
    0x00003eb8   0x00003eb8   0x00000010   Code   RO         1335    i.fputc             retarget.o
    0x00003ec8   0x00003ec8   0x00000018   Code   RO          702    i.get_be32          massstorage.o
    0x00003ee0   0x00003ee0   0x00000190   Code   RO          330    i.main              main.o
    0x00004070   0x00004070   0x000000a8   Code   RO         1337    i.stackDump         retarget.o
    0x00004118   0x00004118   0x0000000a   Code   RO         2480    x$fpl$fpinit        fz_wm.l(fpinit.o)
    0x00004122   0x00004122   0x00000002   PAD
    0x00004124   0x00004124   0x00000028   Data   RO          627    .constdata          descriptors.o
    0x0000414c   0x0000414c   0x00000030   Data   RO         1226    .constdata          uart.o
    0x0000417c   0x0000417c   0x00000020   Data   RO         2123    .constdata          timer.o
    0x0000419c   0x0000419c   0x00000028   Data   RO         2333    .constdata          c_w.l(_printf_hex_int.o)
    0x000041c4   0x000041c4   0x00000020   Data   RO         2544    Region$$Table       anon$$obj.o


    Execution Region RW_IRAM1 (Exec base: 0x20000000, Load base: 0x000041e4, Size: 0x000025c0, Max: 0x00028000, ABSOLUTE, COMPRESSED[0x00000164])

    Exec Addr    Load Addr    Size         Type   Attr      Idx    E Section Name        Object

    0x20000000   COMPRESSED   0x0000002c   Data   RW            6    .data               system_m480.o
    0x2000002c   COMPRESSED   0x00000048   Data   RW          333    .data               main.o
    0x20000074   COMPRESSED   0x00000188   Data   RW          628    .data               descriptors.o
    0x200001fc   COMPRESSED   0x000000a4   Data   RW          704    .data               massstorage.o
    0x200002a0   COMPRESSED   0x00000009   Data   RW         1339    .data               retarget.o
    0x200002a9   COMPRESSED   0x00000003   PAD
    0x200002ac   COMPRESSED   0x00000034   Data   RW         1533    .data               hsusbd.o
    0x200002e0   COMPRESSED   0x00000049   Data   RW         2221    .data               usbd.o
    0x20000329   COMPRESSED   0x00000003   PAD
    0x2000032c        -       0x00000440   Zero   RW          332    .bss                main.o
    0x2000076c        -       0x00000024   Zero   RW          626    .bss                descriptors.o
    0x20000790        -       0x00000030   Zero   RW          703    .bss                massstorage.o
    0x200007c0        -       0x00000010   Zero   RW         1338    .bss                retarget.o
    0x200007d0        -       0x00000010   Zero   RW         1432    .bss                pdma.o
    0x200007e0        -       0x0000000c   Zero   RW         1532    .bss                hsusbd.o
    0x200007ec        -       0x00000060   Zero   RW         2422    .bss                c_w.l(libspace.o)
    0x2000084c   COMPRESSED   0x00000004   PAD
    0x20000850        -       0x00000100   Zero   RW          307    HEAP                startup_m480.o
    0x20000950        -       0x00000800   Zero   RW          306    STACK               startup_m480.o
    0x20001150   COMPRESSED   0x000013b0   PAD
    0x20002500        -       0x000000c0   Zero   RW          331    .ARM.__AT_0x20002500  main.o


==============================================================================

Image component sizes


      Code (inc. data)   RO Data    RW Data    ZI Data      Debug   Object Name

      1288        106          0          0          0       8983   clk.o
         0          0         40        392         36      13349   descriptors.o
       128          4          0          0          0       2833   eadc.o
       102          0          0          0          0       3330   epwm.o
      2320        208          0         52         12      14754   hsusbd.o
      2080        346          0         72       1280     150127   main.o
      3692        330          0        164         48      23093   massstorage.o
       628         30          0          0         16       5693   pdma.o
       426        144          0          9         16       6930   retarget.o
       132         38        440          0       2304       1032   startup_m480.o
       248         44          0         44          0     125963   system_m480.o
       202         22         32          0          0       2316   timer.o
       320         36         48          0          0       1640   uart.o
      2276        262          0         73          0      17308   usbd.o
      1120        108          0          0          0      11195   vcom_serial.o

    ----------------------------------------------------------------------
     14970       1678        592        812       8752     388546   Object Totals
         0          0         32          0          0          0   (incl. Generated)
         8          0          0          6       5040          0   (incl. Padding)

    ----------------------------------------------------------------------

      Code (inc. data)   RO Data    RW Data    ZI Data      Debug   Library Member Name

        90          0          0          0          0          0   __dczerorl2.o
         8          0          0          0          0         68   __main.o
       284          0          0          0          0        156   __printf_wp.o
         0          0          0          0          0          0   __rtentry.o
        12          0          0          0          0          0   __rtentry2.o
         6          0          0          0          0          0   __rtentry4.o
        52          8          0          0          0          0   __scatter.o
        28          0          0          0          0          0   __scatter_zi.o
        48          6          0          0          0         96   _printf_char_common.o
        36          4          0          0          0         80   _printf_char_file.o
        88          4         40          0          0         88   _printf_hex_int.o
       178          0          0          0          0         88   _printf_intcommon.o
         0          0          0          0          0          0   _printf_percent.o
         4          0          0          0          0          0   _printf_percent_end.o
         6          0          0          0          0          0   _printf_x.o
        18          0          0          0          0         80   exit.o
         8          0          0          0          0         68   ferror.o
         6          0          0          0          0        152   heapauxi.o
         2          0          0          0          0          0   libinit.o
         6          0          0          0          0          0   libinit2.o
         2          0          0          0          0          0   libshutdown.o
         2          0          0          0          0          0   libshutdown2.o
         8          4          0          0         96         68   libspace.o
        24          4          0          0          0         84   noretval__2printf.o
        68          0          0          0          0         68   rt_memclr.o
        78          0          0          0          0         80   rt_memclr_w.o
       100          0          0          0          0         80   rt_memcpy_w.o
         2          0          0          0          0          0   rtexit.o
        10          0          0          0          0          0   rtexit2.o
        74          0          0          0          0         80   sys_stackheap_outer.o
        10          0          0          0          0        116   fpinit.o

    ----------------------------------------------------------------------
      1266         30         40          0        100       1452   Library Totals
         8          0          0          0          4          0   (incl. Padding)

    ----------------------------------------------------------------------

      Code (inc. data)   RO Data    RW Data    ZI Data      Debug   Library Name

      1248         30         40          0         96       1336   c_w.l
        10          0          0          0          0        116   fz_wm.l

    ----------------------------------------------------------------------
      1266         30         40          0        100       1452   Library Totals

    ----------------------------------------------------------------------

==============================================================================


      Code (inc. data)   RO Data    RW Data    ZI Data      Debug   

     16236       1708        632        812       8852     380174   Grand Totals
     16236       1708        632        356       8852     380174   ELF Image Totals (compressed)
     16236       1708        632        356          0          0   ROM Totals

==============================================================================

    Total RO  Size (Code + RO Data)                16868 (  16.47kB)
    Total RW  Size (RW Data + ZI Data)              9664 (   9.44kB)
    Total ROM Size (Code + RO Data + RW Data)      17224 (  16.82kB)

==============================================================================

