<html>
<body>
<pre>
<h1>µVision Build Log</h1>
<h2>Tool Versions:</h2>
IDE-Version: £gVision V5.25.2.0
Copyright (C) 2018 ARM Ltd and ARM Germany GmbH. All rights reserved.
License Information: don don, DBLink, LIC=UJWEV-P55GL-2LDCT-RLMU1-2VWYP-0A1ZH
 
Tool Versions:
Toolchain:       MDK-ARM Plus  Version: 5.25.2.0
Toolchain Path:  C:\Keil_v5\ARM\ARMCC\Bin
C Compiler:      Armcc.exe V5.06 update 6 (build 750)
Assembler:       Armasm.exe V5.06 update 6 (build 750)
Linker/Locator:  ArmLink.exe V5.06 update 6 (build 750)
Library Manager: ArmAr.exe V5.06 update 6 (build 750)
Hex Converter:   FromElf.exe V5.06 update 6 (build 750)
CPU DLL:         SARMCM3.DLL V5.25.2.0
Dialog DLL:      DARMCM1.DLL V1.19.1.0
Target DLL:      Nu_Link.dll V2.03
Dialog DLL:      TARMCM1.DLL V1.14.0.0
 
<h2>Project:</h2>
D:\M480BSP-master\M480BSP-master\M480BSP-master\SampleCode\StdDriver\1test\KEIL\t-win_EADC_HSUSBD_Mass_Storage.uvproj
Project File Date:  10/02/2018

<h2>Output:</h2>
*** Using Compiler 'V5.06 update 6 (build 750)', folder: 'C:\Keil_v5\ARM\ARMCC\Bin'
Build target 'Target 1'
linking...
Program Size: Code=9844 RO-data=1072 RW-data=568 ZI-data=28936  
After Build - User command #1: fromelf --bin ".\Objects\t-win_EADC_HSUSBD_Mass_Storage.axf" --output ".\Objects\t-win_EADC_HSUSBD_Mass_Storage.bin"
After Build - User command #2: fromelf --text -c ".\Objects\t-win_EADC_HSUSBD_Mass_Storage.axf" --output ".\Objects\t-win_EADC_HSUSBD_Mass_Storage.txt"
".\Objects\t-win_EADC_HSUSBD_Mass_Storage.axf" - 0 Error(s), 0 Warning(s).
Build Time Elapsed:  00:00:01
</pre>
</body>
</html>
