Component: ARM Compiler 5.06 update 6 (build 750) Tool: armlink [4d35ed]

==============================================================================

Section Cross References

    system_m480.o(i.SystemCoreClockUpdate) refers to clk.o(i.CLK_GetPLLClockFreq) for CLK_GetPLLClockFreq
    system_m480.o(i.SystemCoreClockUpdate) refers to system_m480.o(.data) for PllClock
    startup_m480.o(STACK) refers (Special) to heapauxi.o(.text) for __use_two_region_memory
    startup_m480.o(HEAP) refers (Special) to heapauxi.o(.text) for __use_two_region_memory
    startup_m480.o(RESET) refers (Special) to heapauxi.o(.text) for __use_two_region_memory
    startup_m480.o(RESET) refers to startup_m480.o(STACK) for __initial_sp
    startup_m480.o(RESET) refers to startup_m480.o(.text) for Reset_Handler
    startup_m480.o(RESET) refers to retarget.o(.emb_text) for HardFault_Handler
    startup_m480.o(RESET) refers to main.o(i.PDMA_IRQHandler) for PDMA_IRQHandler
    startup_m480.o(RESET) refers to main.o(i.ADC00_IRQHandler) for ADC00_IRQHandler
    startup_m480.o(RESET) refers to massstorage.o(i.USBD20_IRQHandler) for USBD20_IRQHandler
    startup_m480.o(.text) refers (Special) to heapauxi.o(.text) for __use_two_region_memory
    startup_m480.o(.text) refers to system_m480.o(i.SystemInit) for SystemInit
    startup_m480.o(.text) refers to __main.o(!!!main) for __main
    startup_m480.o(.text) refers to startup_m480.o(HEAP) for Heap_Mem
    startup_m480.o(.text) refers to startup_m480.o(STACK) for Stack_Mem
    main.o(i.ADC00_IRQHandler) refers to main.o(.data) for g_u32AdcIntFlag
    main.o(i.EADC_FunctionTest) refers to main.o(i.ReloadPDMA) for ReloadPDMA
    main.o(i.EADC_FunctionTest) refers to eadc.o(i.EADC_ConfigSampleModule) for EADC_ConfigSampleModule
    main.o(i.EADC_FunctionTest) refers to epwm.o(i.EPWM_Start) for EPWM_Start
    main.o(i.EADC_FunctionTest) refers to epwm.o(i.EPWM_ForceStop) for EPWM_ForceStop
    main.o(i.EADC_FunctionTest) refers to main.o(.data) for g_u32SampleModuleNum
    main.o(i.EPWM0_Init) refers to epwm.o(i.EPWM_EnableADCTrigger) for EPWM_EnableADCTrigger
    main.o(i.EPWM0_Init) refers to epwm.o(i.EPWM_EnableOutput) for EPWM_EnableOutput
    main.o(i.PDMA_IRQHandler) refers to noretval__2printf.o(.text) for __2printf
    main.o(i.PDMA_IRQHandler) refers to main.o(.data) for g_u32IsTestOver
    main.o(i.PDMA_Init) refers to pdma.o(i.PDMA_Open) for PDMA_Open
    main.o(i.PDMA_Init) refers to pdma.o(i.PDMA_SetTransferCnt) for PDMA_SetTransferCnt
    main.o(i.PDMA_Init) refers to pdma.o(i.PDMA_SetTransferAddr) for PDMA_SetTransferAddr
    main.o(i.PDMA_Init) refers to pdma.o(i.PDMA_SetTransferMode) for PDMA_SetTransferMode
    main.o(i.PDMA_Init) refers to pdma.o(i.PDMA_SetBurstType) for PDMA_SetBurstType
    main.o(i.PDMA_Init) refers to pdma.o(i.PDMA_EnableInt) for PDMA_EnableInt
    main.o(i.PDMA_Init) refers to main.o(i.NVIC_EnableIRQ) for NVIC_EnableIRQ
    main.o(i.PDMA_Init) refers to main.o(.ARM.__AT_0x20007320) for g_i32ConversionData
    main.o(i.PDMA_Init) refers to main.o(.data) for conversionAddress
    main.o(i.ReloadPDMA) refers to pdma.o(i.PDMA_SetTransferCnt) for PDMA_SetTransferCnt
    main.o(i.ReloadPDMA) refers to pdma.o(i.PDMA_SetTransferAddr) for PDMA_SetTransferAddr
    main.o(i.ReloadPDMA) refers to pdma.o(i.PDMA_SetTransferMode) for PDMA_SetTransferMode
    main.o(i.ReloadPDMA) refers to main.o(.data) for conversionAddress
    main.o(i.SYS_Init) refers to clk.o(i.CLK_EnableXtalRC) for CLK_EnableXtalRC
    main.o(i.SYS_Init) refers to clk.o(i.CLK_WaitClockReady) for CLK_WaitClockReady
    main.o(i.SYS_Init) refers to clk.o(i.CLK_SetHCLK) for CLK_SetHCLK
    main.o(i.SYS_Init) refers to clk.o(i.CLK_SetCoreClock) for CLK_SetCoreClock
    main.o(i.SYS_Init) refers to clk.o(i.CLK_EnableModuleClock) for CLK_EnableModuleClock
    main.o(i.SYS_Init) refers to clk.o(i.CLK_SetModuleClock) for CLK_SetModuleClock
    main.o(i.format) refers to rt_memcpy_w.o(.text) for __aeabi_memcpy4
    main.o(i.format) refers to main.o(.constdata) for .constdata
    main.o(i.format1) refers to rt_memclr_w.o(.text) for __aeabi_memclr4
    main.o(i.format1) refers to rt_memcpy_w.o(.text) for __aeabi_memcpy4
    main.o(i.format1) refers to main.o(.constdata) for .constdata
    main.o(i.format2) refers to rt_memclr_w.o(.text) for __aeabi_memclr4
    main.o(i.format2) refers to rt_memcpy_w.o(.text) for __aeabi_memcpy4
    main.o(i.format2) refers to main.o(.constdata) for .constdata
    main.o(i.format3) refers to rt_memclr_w.o(.text) for __aeabi_memclr4
    main.o(i.format3) refers to rt_memcpy_w.o(.text) for __aeabi_memcpy4
    main.o(i.format3) refers to main.o(.constdata) for .constdata
    main.o(i.format4) refers to rt_memclr_w.o(.text) for __aeabi_memclr4
    main.o(i.format4) refers to main.o(.constdata) for .constdata
    main.o(i.main) refers to main.o(i.SYS_Init) for SYS_Init
    main.o(i.main) refers to uart.o(i.UART_Open) for UART_Open
[...]
    Removing epwm.o(i.EPWM_EnablePeriodInt), (20 bytes).
    Removing epwm.o(i.EPWM_EnableSyncNoiseFilter), (24 bytes).
    Removing epwm.o(i.EPWM_EnableSyncPhase), (36 bytes).
    Removing epwm.o(i.EPWM_EnableSyncPinInverse), (10 bytes).
    Removing epwm.o(i.EPWM_EnableZeroInt), (16 bytes).
    Removing epwm.o(i.EPWM_GetADCTriggerFlag), (24 bytes).
    Removing epwm.o(i.EPWM_GetAccInt), (22 bytes).
    Removing epwm.o(i.EPWM_GetCaptureIntFlag), (48 bytes).
    Removing epwm.o(i.EPWM_GetDACTriggerFlag), (12 bytes).
    Removing epwm.o(i.EPWM_GetDutyIntFlag), (28 bytes).
    Removing epwm.o(i.EPWM_GetFTDutyIntFlag), (28 bytes).
    Removing epwm.o(i.EPWM_GetFaultBrakeIntFlag), (22 bytes).
    Removing epwm.o(i.EPWM_GetPeriodIntFlag), (24 bytes).
    Removing epwm.o(i.EPWM_GetWrapAroundFlag), (22 bytes).
    Removing epwm.o(i.EPWM_GetZeroIntFlag), (22 bytes).
    Removing epwm.o(i.EPWM_SetBrakePinSource), (34 bytes).
    Removing epwm.o(i.EPWM_SetClockSource), (28 bytes).
    Removing epwm.o(i.EPWM_SetLeadingEdgeBlanking), (22 bytes).
    Removing epwm.o(i.EPWM_Stop), (34 bytes).
    Removing eadc.o(.rev16_text), (4 bytes).
    Removing eadc.o(.revsh_text), (4 bytes).
    Removing eadc.o(.rrx_text), (6 bytes).
    Removing eadc.o(i.EADC_Close), (10 bytes).
    Removing eadc.o(i.EADC_SetExtendSampleTime), (40 bytes).
    Removing eadc.o(i.EADC_SetTriggerDelayTime), (46 bytes).
    Removing i2c.o(.rev16_text), (4 bytes).
    Removing i2c.o(.revsh_text), (4 bytes).
    Removing i2c.o(.rrx_text), (6 bytes).
    Removing i2c.o(i.I2C_ClearTimeoutFlag), (10 bytes).
    Removing i2c.o(i.I2C_Close), (76 bytes).
    Removing i2c.o(i.I2C_DisableInt), (10 bytes).
    Removing i2c.o(i.I2C_DisableTimeout), (10 bytes).
    Removing i2c.o(i.I2C_DisableWakeup), (10 bytes).
    Removing i2c.o(i.I2C_EnableInt), (10 bytes).
    Removing i2c.o(i.I2C_EnableTimeout), (30 bytes).
    Removing i2c.o(i.I2C_EnableWakeup), (10 bytes).
    Removing i2c.o(i.I2C_GetBusClockFreq), (40 bytes).
    Removing i2c.o(i.I2C_GetData), (8 bytes).
    Removing i2c.o(i.I2C_GetIntFlag), (20 bytes).
    Removing i2c.o(i.I2C_GetStatus), (6 bytes).
    Removing i2c.o(i.I2C_ReadByte), (132 bytes).
    Removing i2c.o(i.I2C_ReadByteOneReg), (168 bytes).
    Removing i2c.o(i.I2C_ReadByteTwoRegs), (230 bytes).
    Removing i2c.o(i.I2C_ReadMultiBytes), (214 bytes).
    Removing i2c.o(i.I2C_ReadMultiBytesOneReg), (268 bytes).
    Removing i2c.o(i.I2C_ReadMultiBytesTwoRegs), (296 bytes).
    Removing i2c.o(i.I2C_SMBusClearInterruptFlag), (4 bytes).
    Removing i2c.o(i.I2C_SMBusClockLoTimeout), (68 bytes).
    Removing i2c.o(i.I2C_SMBusClose), (6 bytes).
    Removing i2c.o(i.I2C_SMBusGetPECValue), (8 bytes).
    Removing i2c.o(i.I2C_SMBusGetStatus), (6 bytes).
    Removing i2c.o(i.I2C_SMBusIdleTimeout), (50 bytes).
    Removing i2c.o(i.I2C_SMBusOpen), (32 bytes).
    Removing i2c.o(i.I2C_SMBusPECTxEnable), (30 bytes).
    Removing i2c.o(i.I2C_SMBusSetPacketByteCount), (4 bytes).
    Removing i2c.o(i.I2C_SMBusTimeout), (68 bytes).
    Removing i2c.o(i.I2C_SetBusClockFreq), (68 bytes).
    Removing i2c.o(i.I2C_SetData), (4 bytes).
    Removing i2c.o(i.I2C_SetSlaveAddr), (56 bytes).
    Removing i2c.o(i.I2C_SetSlaveAddrMask), (46 bytes).
    Removing i2c.o(i.I2C_Trigger), (44 bytes).
    Removing i2c.o(i.I2C_WriteByte), (132 bytes).
    Removing i2c.o(i.I2C_WriteByteOneReg), (154 bytes).
    Removing i2c.o(i.I2C_WriteByteTwoRegs), (182 bytes).
    Removing i2c.o(i.I2C_WriteMultiBytesOneReg), (198 bytes).
    Removing i2c.o(i.I2C_WriteMultiBytesTwoRegs), (230 bytes).

205 unused section(s) (total 7862 bytes) removed from the image.

==============================================================================

Image Symbol Table

    Local Symbols

    Symbol Name                              Value     Ov Type        Size  Object(Section)

    RESET                                    0x00000000   Section      440  startup_m480.o(RESET)
    ../clib/angel/boardlib.s                 0x00000000   Number         0  boardinit2.o ABSOLUTE
    ../clib/angel/boardlib.s                 0x00000000   Number         0  boardinit1.o ABSOLUTE
    ../clib/angel/boardlib.s                 0x00000000   Number         0  boardshut.o ABSOLUTE
    ../clib/angel/boardlib.s                 0x00000000   Number         0  boardinit3.o ABSOLUTE
    ../clib/angel/dczerorl2.s                0x00000000   Number         0  __dczerorl2.o ABSOLUTE
    ../clib/angel/handlers.s                 0x00000000   Number         0  __scatter_zi.o ABSOLUTE
    ../clib/angel/kernel.s                   0x00000000   Number         0  __rtentry.o ABSOLUTE
    ../clib/angel/kernel.s                   0x00000000   Number         0  rtexit2.o ABSOLUTE
    ../clib/angel/kernel.s                   0x00000000   Number         0  rtexit.o ABSOLUTE
    ../clib/angel/kernel.s                   0x00000000   Number         0  __rtentry2.o ABSOLUTE
    ../clib/angel/kernel.s                   0x00000000   Number         0  __rtentry4.o ABSOLUTE
    ../clib/angel/rt.s                       0x00000000   Number         0  rt_raise.o ABSOLUTE
    ../clib/angel/scatter.s                  0x00000000   Number         0  __scatter.o ABSOLUTE
    ../clib/angel/startup.s                  0x00000000   Number         0  __main.o ABSOLUTE
    ../clib/angel/sys.s                      0x00000000   Number         0  sys_stackheap_outer.o ABSOLUTE
    ../clib/angel/sys.s                      0x00000000   Number         0  indicate_semi.o ABSOLUTE
    ../clib/angel/sys.s                      0x00000000   Number         0  use_no_semi.o ABSOLUTE
    ../clib/angel/sys.s                      0x00000000   Number         0  libspace.o ABSOLUTE
    ../clib/angel/sysapp.c                   0x00000000   Number         0  sys_command.o ABSOLUTE
    ../clib/armsys.c                         0x00000000   Number         0  argv_veneer.o ABSOLUTE
    ../clib/armsys.c                         0x00000000   Number         0  no_argv.o ABSOLUTE
    ../clib/armsys.c                         0x00000000   Number         0  argv_veneer.o ABSOLUTE
    ../clib/armsys.c                         0x00000000   Number         0  _get_argv_nomalloc.o ABSOLUTE
    ../clib/heapalloc.c                      0x00000000   Number         0  hrguard.o ABSOLUTE
    ../clib/heapaux.c                        0x00000000   Number         0  heapauxi.o ABSOLUTE
    ../clib/libinit.s                        0x00000000   Number         0  libshutdown.o ABSOLUTE
    ../clib/libinit.s                        0x00000000   Number         0  libshutdown2.o ABSOLUTE
    ../clib/libinit.s                        0x00000000   Number         0  libinit.o ABSOLUTE
    ../clib/libinit.s                        0x00000000   Number         0  libinit2.o ABSOLUTE
    ../clib/memcpset.s                       0x00000000   Number         0  rt_memclr.o ABSOLUTE
    ../clib/memcpset.s                       0x00000000   Number         0  rt_memclr_w.o ABSOLUTE
    ../clib/memcpset.s                       0x00000000   Number         0  rt_memcpy_w.o ABSOLUTE
    ../clib/misc.s                           0x00000000   Number         0  printf_stubs.o ABSOLUTE
    ../clib/printf.c                         0x00000000   Number         0  __printf.o ABSOLUTE
    ../clib/printf.c                         0x00000000   Number         0  noretval__2printf.o ABSOLUTE
    ../clib/printf.c                         0x00000000   Number         0  __2printf.o ABSOLUTE
    ../clib/printf.c                         0x00000000   Number         0  __printf_nopercent.o ABSOLUTE
    ../clib/printf.c                         0x00000000   Number         0  _printf_char_common.o ABSOLUTE
    ../clib/printf.c                         0x00000000   Number         0  _printf_char_file.o ABSOLUTE
    ../clib/printf.c                         0x00000000   Number         0  _printf_intcommon.o ABSOLUTE
    ../clib/printf.c                         0x00000000   Number         0  __printf_flags_ss_wp.o ABSOLUTE
    ../clib/printf.c                         0x00000000   Number         0  __printf_ss_wp.o ABSOLUTE
    ../clib/printf.c                         0x00000000   Number         0  __printf_flags_wp.o ABSOLUTE
    ../clib/printf.c                         0x00000000   Number         0  __printf_wp.o ABSOLUTE
    ../clib/printf.c                         0x00000000   Number         0  __printf_flags_ss.o ABSOLUTE
    ../clib/printf.c                         0x00000000   Number         0  __printf_ss.o ABSOLUTE
    ../clib/printf.c                         0x00000000   Number         0  __printf_flags.o ABSOLUTE
    ../clib/printf.c                         0x00000000   Number         0  _printf_hex_int_ll_ptr.o ABSOLUTE
    ../clib/printf.c                         0x00000000   Number         0  _printf_hex_ll_ptr.o ABSOLUTE
    ../clib/printf.c                         0x00000000   Number         0  _printf_hex_int_ptr.o ABSOLUTE
    ../clib/printf.c                         0x00000000   Number         0  _printf_hex_ptr.o ABSOLUTE
    ../clib/printf.c                         0x00000000   Number         0  _printf_hex_int_ll.o ABSOLUTE
    ../clib/printf.c                         0x00000000   Number         0  _printf_hex_int.o ABSOLUTE
    ../clib/printf.c                         0x00000000   Number         0  _printf_hex_ll.o ABSOLUTE
    ../clib/printf_percent.s                 0x00000000   Number         0  _printf_percent_end.o ABSOLUTE
    ../clib/printf_percent.s                 0x00000000   Number         0  _printf_x.o ABSOLUTE
    ../clib/printf_percent.s                 0x00000000   Number         0  _printf_percent.o ABSOLUTE
    ../clib/signal.c                         0x00000000   Number         0  defsig_rtred_inner.o ABSOLUTE
    ../clib/signal.c                         0x00000000   Number         0  defsig_fpe_inner.o ABSOLUTE
    ../clib/signal.c                         0x00000000   Number         0  defsig_abrt_inner.o ABSOLUTE
    ../clib/signal.c                         0x00000000   Number         0  defsig_rtmem_outer.o ABSOLUTE
    ../clib/signal.c                         0x00000000   Number         0  defsig_rtmem_formal.o ABSOLUTE
    ../clib/signal.c                         0x00000000   Number         0  defsig_exit.o ABSOLUTE
    ../clib/signal.c                         0x00000000   Number         0  defsig_rtmem_inner.o ABSOLUTE
    ../clib/signal.c                         0x00000000   Number         0  __raise.o ABSOLUTE
    ../clib/signal.c                         0x00000000   Number         0  defsig_other.o ABSOLUTE
    ../clib/signal.c                         0x00000000   Number         0  defsig_segv_inner.o ABSOLUTE
    ../clib/signal.c                         0x00000000   Number         0  defsig_cppl_inner.o ABSOLUTE
    ../clib/signal.c                         0x00000000   Number         0  defsig_pvfn_inner.o ABSOLUTE
    ../clib/signal.c                         0x00000000   Number         0  defsig_stak_inner.o ABSOLUTE
    ../clib/signal.c                         0x00000000   Number         0  defsig_general.o ABSOLUTE
    ../clib/signal.s                         0x00000000   Number         0  defsig.o ABSOLUTE
    ../clib/stdio.c                          0x00000000   Number         0  ferror.o ABSOLUTE
    ../clib/stdio.c                          0x00000000   Number         0  ferror_locked.o ABSOLUTE
    ../clib/stdlib.c                         0x00000000   Number         0  exit.o ABSOLUTE
    ../fplib/fpinit.s                        0x00000000   Number         0  fpinit.o ABSOLUTE
    ..\..\..\..\Library\Device\Nuvoton\M480\Source\ARM\startup_M480.s 0x00000000   Number         0  startup_m480.o ABSOLUTE
    ..\..\..\..\Library\Device\Nuvoton\M480\Source\system_M480.c 0x00000000   Number         0  system_m480.o ABSOLUTE
    ..\..\..\..\Library\StdDriver\src\clk.c  0x00000000   Number         0  clk.o ABSOLUTE
    ..\..\..\..\Library\StdDriver\src\eadc.c 0x00000000   Number         0  eadc.o ABSOLUTE
    ..\..\..\..\Library\StdDriver\src\epwm.c 0x00000000   Number         0  epwm.o ABSOLUTE
    ..\..\..\..\Library\StdDriver\src\hsusbd.c 0x00000000   Number         0  hsusbd.o ABSOLUTE
    ..\..\..\..\Library\StdDriver\src\i2c.c  0x00000000   Number         0  i2c.o ABSOLUTE
    ..\..\..\..\Library\StdDriver\src\pdma.c 0x00000000   Number         0  pdma.o ABSOLUTE
    ..\..\..\..\Library\StdDriver\src\retarget.c 0x00000000   Number         0  retarget.o ABSOLUTE
    ..\..\..\..\Library\StdDriver\src\sys.c  0x00000000   Number         0  sys.o ABSOLUTE
    ..\..\..\..\Library\StdDriver\src\uart.c 0x00000000   Number         0  uart.o ABSOLUTE
    ..\MassStorage.c                         0x00000000   Number         0  massstorage.o ABSOLUTE
    ..\\..\\..\\..\\Library\\Device\\Nuvoton\\M480\\Source\\system_M480.c 0x00000000   Number         0  system_m480.o ABSOLUTE
    ..\\..\\..\\..\\Library\\StdDriver\\src\\clk.c 0x00000000   Number         0  clk.o ABSOLUTE
    ..\\..\\..\\..\\Library\\StdDriver\\src\\eadc.c 0x00000000   Number         0  eadc.o ABSOLUTE
    ..\\..\\..\\..\\Library\\StdDriver\\src\\epwm.c 0x00000000   Number         0  epwm.o ABSOLUTE
    ..\\..\\..\\..\\Library\\StdDriver\\src\\hsusbd.c 0x00000000   Number         0  hsusbd.o ABSOLUTE
    ..\\..\\..\\..\\Library\\StdDriver\\src\\i2c.c 0x00000000   Number         0  i2c.o ABSOLUTE
    ..\\..\\..\\..\\Library\\StdDriver\\src\\pdma.c 0x00000000   Number         0  pdma.o ABSOLUTE
    ..\\..\\..\\..\\Library\\StdDriver\\src\\retarget.c 0x00000000   Number         0  retarget.o ABSOLUTE
    ..\\..\\..\\..\\Library\\StdDriver\\src\\sys.c 0x00000000   Number         0  sys.o ABSOLUTE
    ..\\..\\..\\..\\Library\\StdDriver\\src\\uart.c 0x00000000   Number         0  uart.o ABSOLUTE
    ..\\MassStorage.c                        0x00000000   Number         0  massstorage.o ABSOLUTE
    ..\\descriptors.c                        0x00000000   Number         0  descriptors.o ABSOLUTE
    ..\\main.c                               0x00000000   Number         0  main.o ABSOLUTE
    ..\descriptors.c                         0x00000000   Number         0  descriptors.o ABSOLUTE
    ..\main.c                                0x00000000   Number         0  main.o ABSOLUTE
    dc.s                                     0x00000000   Number         0  dc.o ABSOLUTE
    !!!main                                  0x000001b8   Section        8  __main.o(!!!main)
    !!!scatter                               0x000001c0   Section       52  __scatter.o(!!!scatter)
    !!dczerorl2                              0x000001f4   Section       90  __dczerorl2.o(!!dczerorl2)
    !!handler_zi                             0x00000250   Section       28  __scatter_zi.o(!!handler_zi)
    .ARM.Collect$$_printf_percent$$00000000  0x0000026c   Section        0  _printf_percent.o(.ARM.Collect$$_printf_percent$$00000000)
    .ARM.Collect$$_printf_percent$$0000000C  0x0000026c   Section        6  _printf_x.o(.ARM.Collect$$_printf_percent$$0000000C)
    .ARM.Collect$$_printf_percent$$00000017  0x00000272   Section        4  _printf_percent_end.o(.ARM.Collect$$_printf_percent$$00000017)
    .ARM.Collect$$libinit$$00000000          0x00000276   Section        2  libinit.o(.ARM.Collect$$libinit$$00000000)
    .ARM.Collect$$libinit$$00000001          0x00000278   Section        4  libinit2.o(.ARM.Collect$$libinit$$00000001)
    .ARM.Collect$$libinit$$00000004          0x0000027c   Section        0  libinit2.o(.ARM.Collect$$libinit$$00000004)
    .ARM.Collect$$libinit$$0000000A          0x0000027c   Section        0  libinit2.o(.ARM.Collect$$libinit$$0000000A)
    .ARM.Collect$$libinit$$0000000C          0x0000027c   Section        0  libinit2.o(.ARM.Collect$$libinit$$0000000C)
    .ARM.Collect$$libinit$$0000000E          0x0000027c   Section        0  libinit2.o(.ARM.Collect$$libinit$$0000000E)
    .ARM.Collect$$libinit$$00000011          0x0000027c   Section        0  libinit2.o(.ARM.Collect$$libinit$$00000011)
    .ARM.Collect$$libinit$$00000013          0x0000027c   Section        0  libinit2.o(.ARM.Collect$$libinit$$00000013)
    .ARM.Collect$$libinit$$00000015          0x0000027c   Section        0  libinit2.o(.ARM.Collect$$libinit$$00000015)
    .ARM.Collect$$libinit$$00000017          0x0000027c   Section        0  libinit2.o(.ARM.Collect$$libinit$$00000017)
    .ARM.Collect$$libinit$$00000019          0x0000027c   Section        0  libinit2.o(.ARM.Collect$$libinit$$00000019)
    .ARM.Collect$$libinit$$0000001B          0x0000027c   Section        0  libinit2.o(.ARM.Collect$$libinit$$0000001B)
    .ARM.Collect$$libinit$$0000001D          0x0000027c   Section        0  libinit2.o(.ARM.Collect$$libinit$$0000001D)
    .ARM.Collect$$libinit$$0000001F          0x0000027c   Section        0  libinit2.o(.ARM.Collect$$libinit$$0000001F)
    .ARM.Collect$$libinit$$00000021          0x0000027c   Section        0  libinit2.o(.ARM.Collect$$libinit$$00000021)
    .ARM.Collect$$libinit$$00000023          0x0000027c   Section        0  libinit2.o(.ARM.Collect$$libinit$$00000023)
    .ARM.Collect$$libinit$$00000025          0x0000027c   Section        0  libinit2.o(.ARM.Collect$$libinit$$00000025)
    .ARM.Collect$$libinit$$0000002C          0x0000027c   Section        0  libinit2.o(.ARM.Collect$$libinit$$0000002C)
    .ARM.Collect$$libinit$$0000002E          0x0000027c   Section        0  libinit2.o(.ARM.Collect$$libinit$$0000002E)
    .ARM.Collect$$libinit$$00000030          0x0000027c   Section        0  libinit2.o(.ARM.Collect$$libinit$$00000030)
    .ARM.Collect$$libinit$$00000032          0x0000027c   Section        0  libinit2.o(.ARM.Collect$$libinit$$00000032)
    .ARM.Collect$$libinit$$00000033          0x0000027c   Section        2  libinit2.o(.ARM.Collect$$libinit$$00000033)
    .ARM.Collect$$libshutdown$$00000000      0x0000027e   Section        2  libshutdown.o(.ARM.Collect$$libshutdown$$00000000)
    .ARM.Collect$$libshutdown$$00000002      0x00000280   Section        0  libshutdown2.o(.ARM.Collect$$libshutdown$$00000002)
    .ARM.Collect$$libshutdown$$00000004      0x00000280   Section        0  libshutdown2.o(.ARM.Collect$$libshutdown$$00000004)
    .ARM.Collect$$libshutdown$$00000007      0x00000280   Section        0  libshutdown2.o(.ARM.Collect$$libshutdown$$00000007)
    .ARM.Collect$$libshutdown$$0000000A      0x00000280   Section        0  libshutdown2.o(.ARM.Collect$$libshutdown$$0000000A)
    .ARM.Collect$$libshutdown$$0000000C      0x00000280   Section        0  libshutdown2.o(.ARM.Collect$$libshutdown$$0000000C)
    .ARM.Collect$$libshutdown$$0000000F      0x00000280   Section        0  libshutdown2.o(.ARM.Collect$$libshutdown$$0000000F)
    .ARM.Collect$$libshutdown$$00000010      0x00000280   Section        2  libshutdown2.o(.ARM.Collect$$libshutdown$$00000010)
    .ARM.Collect$$rtentry$$00000000          0x00000282   Section        0  __rtentry.o(.ARM.Collect$$rtentry$$00000000)
    .ARM.Collect$$rtentry$$00000002          0x00000282   Section        0  __rtentry2.o(.ARM.Collect$$rtentry$$00000002)
    .ARM.Collect$$rtentry$$00000004          0x00000282   Section        6  __rtentry4.o(.ARM.Collect$$rtentry$$00000004)
    .ARM.Collect$$rtentry$$00000009          0x00000288   Section        0  __rtentry2.o(.ARM.Collect$$rtentry$$00000009)
    .ARM.Collect$$rtentry$$0000000A          0x00000288   Section        4  __rtentry2.o(.ARM.Collect$$rtentry$$0000000A)
    .ARM.Collect$$rtentry$$0000000C          0x0000028c   Section        0  __rtentry2.o(.ARM.Collect$$rtentry$$0000000C)
    .ARM.Collect$$rtentry$$0000000D          0x0000028c   Section        8  __rtentry2.o(.ARM.Collect$$rtentry$$0000000D)
    .ARM.Collect$$rtexit$$00000000           0x00000294   Section        2  rtexit.o(.ARM.Collect$$rtexit$$00000000)
    .ARM.Collect$$rtexit$$00000002           0x00000296   Section        0  rtexit2.o(.ARM.Collect$$rtexit$$00000002)
    .ARM.Collect$$rtexit$$00000003           0x00000296   Section        4  rtexit2.o(.ARM.Collect$$rtexit$$00000003)
    .ARM.Collect$$rtexit$$00000004           0x0000029a   Section        6  rtexit2.o(.ARM.Collect$$rtexit$$00000004)
    .emb_text                                0x000002a0   Section       82  retarget.o(.emb_text)
    $v0                                      0x000002a0   Number         0  retarget.o(.emb_text)
    .text                                    0x000002f4   Section      132  startup_m480.o(.text)
    $v0                                      0x000002f4   Number         0  startup_m480.o(.text)
    Default_Handler                          0x00000347   Thumb Code     2  startup_m480.o(.text)
    .text                                    0x00000378   Section        0  noretval__2printf.o(.text)
    .text                                    0x00000390   Section        0  _printf_hex_int.o(.text)
    .text                                    0x000003e8   Section        0  __printf_wp.o(.text)
    .text                                    0x000004f6   Section      100  rt_memcpy_w.o(.text)
    .text                                    0x0000055a   Section       68  rt_memclr.o(.text)
    .text                                    0x0000059e   Section       78  rt_memclr_w.o(.text)
    .text                                    0x000005ec   Section        0  heapauxi.o(.text)
    .text                                    0x000005f2   Section        0  _printf_intcommon.o(.text)
    .text                                    0x000006a4   Section        0  _printf_char_file.o(.text)
    .text                                    0x000006c8   Section        0  _printf_char_common.o(.text)
    _printf_input_char                       0x000006c9   Thumb Code    10  _printf_char_common.o(.text)
    .text                                    0x000006f8   Section        0  ferror.o(.text)
    .text                                    0x00000700   Section       74  sys_stackheap_outer.o(.text)
    .text                                    0x0000074a   Section        0  exit.o(.text)
    .text                                    0x0000075c   Section        8  libspace.o(.text)
    i.ADC00_IRQHandler                       0x00000764   Section        0  main.o(i.ADC00_IRQHandler)
    i.CLK_DisablePLL                         0x00000778   Section        0  clk.o(i.CLK_DisablePLL)
    i.CLK_EnableModuleClock                  0x00000790   Section        0  clk.o(i.CLK_EnableModuleClock)
    i.CLK_EnablePLL                          0x000007b8   Section        0  clk.o(i.CLK_EnablePLL)
    i.CLK_EnableXtalRC                       0x0000094c   Section        0  clk.o(i.CLK_EnableXtalRC)
    i.CLK_GetPCLK0Freq                       0x00000960   Section        0  clk.o(i.CLK_GetPCLK0Freq)
    i.CLK_GetPCLK1Freq                       0x000009d8   Section        0  clk.o(i.CLK_GetPCLK1Freq)
    i.CLK_GetPLLClockFreq                    0x00000a50   Section        0  clk.o(i.CLK_GetPLLClockFreq)
    i.CLK_SetCoreClock                       0x00000ac4   Section        0  clk.o(i.CLK_SetCoreClock)
    i.CLK_SetHCLK                            0x00000b68   Section        0  clk.o(i.CLK_SetHCLK)
    i.CLK_SetModuleClock                     0x00000be4   Section        0  clk.o(i.CLK_SetModuleClock)
    i.CLK_WaitClockReady                     0x00000c54   Section        0  clk.o(i.CLK_WaitClockReady)
    i.EADC_ConfigSampleModule                0x00000c80   Section        0  eadc.o(i.EADC_ConfigSampleModule)
    i.EADC_FunctionTest                      0x00000cb0   Section        0  main.o(i.EADC_FunctionTest)
    i.EADC_Open                              0x00000d10   Section        0  eadc.o(i.EADC_Open)
    i.EPWM0_Init                             0x00000d34   Section        0  main.o(i.EPWM0_Init)
    i.EPWM_EnableADCTrigger                  0x00000e04   Section        0  epwm.o(i.EPWM_EnableADCTrigger)
    i.EPWM_EnableOutput                      0x00000e4e   Section        0  epwm.o(i.EPWM_EnableOutput)
    i.EPWM_ForceStop                         0x00000e5a   Section        0  epwm.o(i.EPWM_ForceStop)
    i.EPWM_Start                             0x00000e62   Section        0  epwm.o(i.EPWM_Start)
    i.HSUSBD_ConfigEp                        0x00000e6c   Section        0  massstorage.o(i.HSUSBD_ConfigEp)
    HSUSBD_ConfigEp                          0x00000e6d   Thumb Code    86  massstorage.o(i.HSUSBD_ConfigEp)
    i.HSUSBD_CtrlIn                          0x00000ec8   Section        0  hsusbd.o(i.HSUSBD_CtrlIn)
    i.HSUSBD_GetDescriptor                   0x00000f9c   Section        0  hsusbd.o(i.HSUSBD_GetDescriptor)
    i.HSUSBD_MemCopy                         0x00001288   Section        0  massstorage.o(i.HSUSBD_MemCopy)
    HSUSBD_MemCopy                           0x00001289   Thumb Code    24  massstorage.o(i.HSUSBD_MemCopy)
    i.HSUSBD_Open                            0x000012a0   Section        0  hsusbd.o(i.HSUSBD_Open)
    i.HSUSBD_PrepareCtrlIn                   0x00001300   Section        0  hsusbd.o(i.HSUSBD_PrepareCtrlIn)
    i.HSUSBD_ProcessSetupPacket              0x00001314   Section        0  hsusbd.o(i.HSUSBD_ProcessSetupPacket)
    i.HSUSBD_SetEpBufAddr                    0x0000138c   Section        0  massstorage.o(i.HSUSBD_SetEpBufAddr)
    HSUSBD_SetEpBufAddr                      0x0000138d   Thumb Code    54  massstorage.o(i.HSUSBD_SetEpBufAddr)
    i.HSUSBD_StandardRequest                 0x000013c8   Section        0  hsusbd.o(i.HSUSBD_StandardRequest)
    i.HSUSBD_Start                           0x00001664   Section        0  hsusbd.o(i.HSUSBD_Start)
    i.HSUSBD_SwReset                         0x00001678   Section        0  hsusbd.o(i.HSUSBD_SwReset)
    i.HSUSBD_UpdateDeviceState               0x000016a4   Section        0  hsusbd.o(i.HSUSBD_UpdateDeviceState)
    i.Hard_Fault_Handler                     0x0000182c   Section        0  retarget.o(i.Hard_Fault_Handler)
    __tagsym$$used                           0x0000182d   Number         0  retarget.o(i.Hard_Fault_Handler)
    i.I2C_Open                               0x00001858   Section        0  i2c.o(i.I2C_Open)
    i.I2C_WriteMultiBytes                    0x000018a4   Section        0  i2c.o(i.I2C_WriteMultiBytes)
    i.IsDebugFifoEmpty                       0x0000195c   Section        0  retarget.o(i.IsDebugFifoEmpty)
    i.MSC_AckCmd                             0x00001960   Section        0  massstorage.o(i.MSC_AckCmd)
    i.MSC_ActiveDMA                          0x0000199c   Section        0  massstorage.o(i.MSC_ActiveDMA)
    i.MSC_BulkIn                             0x000019f4   Section        0  massstorage.o(i.MSC_BulkIn)
    i.MSC_BulkOut                            0x00001ad8   Section        0  massstorage.o(i.MSC_BulkOut)
    i.MSC_ClassRequest                       0x00001b28   Section        0  massstorage.o(i.MSC_ClassRequest)
    i.MSC_Init                               0x00001b94   Section        0  massstorage.o(i.MSC_Init)
    i.MSC_InitForFullSpeed                   0x00001bf8   Section        0  massstorage.o(i.MSC_InitForFullSpeed)
    i.MSC_InitForHighSpeed                   0x00001c50   Section        0  massstorage.o(i.MSC_InitForHighSpeed)
    i.MSC_ModeSense10                        0x00001cac   Section        0  massstorage.o(i.MSC_ModeSense10)
    i.MSC_ModeSense6                         0x00001e90   Section        0  massstorage.o(i.MSC_ModeSense6)
    i.MSC_ProcessCmd                         0x00001ec4   Section        0  massstorage.o(i.MSC_ProcessCmd)
    i.MSC_ReadCapacity                       0x000020b0   Section        0  massstorage.o(i.MSC_ReadCapacity)
    i.MSC_ReadFormatCapacity                 0x00002110   Section        0  massstorage.o(i.MSC_ReadFormatCapacity)
    i.MSC_ReceiveCBW                         0x000021a4   Section        0  massstorage.o(i.MSC_ReceiveCBW)
    i.MSC_RequestSense                       0x000021e4   Section        0  massstorage.o(i.MSC_RequestSense)
    i.NVIC_EnableIRQ                         0x0000225c   Section        0  main.o(i.NVIC_EnableIRQ)
    NVIC_EnableIRQ                           0x0000225d   Thumb Code    22  main.o(i.NVIC_EnableIRQ)
    i.PDMA_EnableInt                         0x00002272   Section        0  pdma.o(i.PDMA_EnableInt)
    i.PDMA_IRQHandler                        0x000022b8   Section        0  main.o(i.PDMA_IRQHandler)
    i.PDMA_Init                              0x0000232c   Section        0  main.o(i.PDMA_Init)
    i.PDMA_Open                              0x000023a8   Section        0  pdma.o(i.PDMA_Open)
    i.PDMA_SetBurstType                      0x000023d4   Section        0  pdma.o(i.PDMA_SetBurstType)
    i.PDMA_SetTransferAddr                   0x000023fa   Section        0  pdma.o(i.PDMA_SetTransferAddr)
    i.PDMA_SetTransferCnt                    0x00002430   Section        0  pdma.o(i.PDMA_SetTransferCnt)
    i.PDMA_SetTransferMode                   0x0000245c   Section        0  pdma.o(i.PDMA_SetTransferMode)
    i.ReloadPDMA                             0x000025d8   Section        0  main.o(i.ReloadPDMA)
    i.SYS_Init                               0x00002634   Section        0  main.o(i.SYS_Init)
    i.SendChar                               0x0000277c   Section        0  retarget.o(i.SendChar)
    SendChar                                 0x0000277d   Thumb Code    70  retarget.o(i.SendChar)
    i.SystemCoreClockUpdate                  0x000027cc   Section        0  system_m480.o(i.SystemCoreClockUpdate)
    i.SystemInit                             0x00002830   Section        0  system_m480.o(i.SystemInit)
    i.UART_Open                              0x000028c4   Section        0  uart.o(i.UART_Open)
    i.USBD20_IRQHandler                      0x00002a04   Section        0  massstorage.o(i.USBD20_IRQHandler)
    i._is_digit                              0x00002e6c   Section        0  __printf_wp.o(i._is_digit)
    i._sys_exit                              0x00002e7c   Section        0  retarget.o(i._sys_exit)
    i.delay_ms                               0x00002e9c   Section        0  main.o(i.delay_ms)
    i.format                                 0x00002eb8   Section        0  main.o(i.format)
    i.format1                                0x00002f00   Section        0  main.o(i.format1)
    i.format2                                0x00002f3c   Section        0  main.o(i.format2)
    i.format3                                0x00002f78   Section        0  main.o(i.format3)
    i.format4                                0x00002fb4   Section        0  main.o(i.format4)
    i.fputc                                  0x00002ff4   Section        0  retarget.o(i.fputc)
    i.get_be32                               0x00003004   Section        0  massstorage.o(i.get_be32)
    get_be32                                 0x00003005   Thumb Code    24  massstorage.o(i.get_be32)
    i.main                                   0x0000301c   Section        0  main.o(i.main)
    i.set_EADC_channel                       0x00003184   Section        0  main.o(i.set_EADC_channel)
    i.set_first_line                         0x000031fc   Section        0  main.o(i.set_first_line)
    i.stackDump                              0x000032a8   Section        0  retarget.o(i.stackDump)
    stackDump                                0x000032a9   Thumb Code    70  retarget.o(i.stackDump)
    x$fpl$fpinit                             0x00003350   Section       10  fpinit.o(x$fpl$fpinit)
    $v0                                      0x00003350   Number         0  fpinit.o(x$fpl$fpinit)
    .constdata                               0x0000335c   Section      624  main.o(.constdata)
    .constdata                               0x000035cc   Section       48  uart.o(.constdata)
    .constdata                               0x000035fc   Section       40  _printf_hex_int.o(.constdata)
    uc_hextab                                0x000035fc   Data          20  _printf_hex_int.o(.constdata)
    lc_hextab                                0x00003610   Data          20  _printf_hex_int.o(.constdata)
    .data                                    0x20000000   Section       44  system_m480.o(.data)
    .data                                    0x2000002c   Section       26  main.o(.data)
    .data                                    0x20000048   Section      292  descriptors.o(.data)
    .data                                    0x2000016c   Section      156  massstorage.o(.data)
    g_au8ModePage_01                         0x200001b0   Data          12  massstorage.o(.data)
    g_au8ModePage_05                         0x200001bc   Data          32  massstorage.o(.data)
    g_au8ModePage_1B                         0x200001dc   Data          12  massstorage.o(.data)
    g_au8ModePage_1C                         0x200001e8   Data           8  massstorage.o(.data)
    g_au8ModePage                            0x200001f0   Data          24  massstorage.o(.data)
    .data                                    0x20000208   Section        9  retarget.o(.data)
    g_buf_len                                0x20000210   Data           1  retarget.o(.data)
    .data                                    0x20000214   Section       52  hsusbd.o(.data)
    g_hsusbd_CtrlInPointer                   0x20000230   Data           4  hsusbd.o(.data)
    g_hsusbd_CtrlMaxPktSize                  0x20000234   Data           4  hsusbd.o(.data)
    g_hsusbd_UsbConfig                       0x20000238   Data           1  hsusbd.o(.data)
    g_hsusbd_UsbAltInterface                 0x20000239   Data           1  hsusbd.o(.data)
    g_hsusbd_EnableTestMode                  0x2000023a   Data           1  hsusbd.o(.data)
    g_hsusbd_TestSelector                    0x2000023b   Data           1  hsusbd.o(.data)
    .bss                                     0x20000248   Section       24  descriptors.o(.bss)
    .bss                                     0x20000260   Section       48  massstorage.o(.bss)
    .bss                                     0x20000290   Section       16  retarget.o(.bss)
    g_buf                                    0x20000290   Data          16  retarget.o(.bss)
    .bss                                     0x200002a0   Section       16  pdma.o(.bss)
    u32ChSelect                              0x200002a0   Data          16  pdma.o(.bss)
    .bss                                     0x200002b0   Section       12  hsusbd.o(.bss)
    g_hsusbd_buf                             0x200002b0   Data          12  hsusbd.o(.bss)
    .bss                                     0x200002bc   Section       96  libspace.o(.bss)
    HEAP                                     0x20000320   Section      256  startup_m480.o(HEAP)
    Heap_Mem                                 0x20000320   Data         256  startup_m480.o(HEAP)
    STACK                                    0x20000420   Section     2048  startup_m480.o(STACK)
    Stack_Mem                                0x20000420   Data        2048  startup_m480.o(STACK)
    __initial_sp                             0x20000c20   Data           0  startup_m480.o(STACK)
    .ARM.__AT_0x20007320                     0x20007320   Section       32  main.o(.ARM.__AT_0x20007320)

    Global Symbols

    Symbol Name                              Value     Ov Type        Size  Object(Section)

    BuildAttributes$$THM_ISAv4$E$P$D$K$B$S$7EM$VFPi3$EXTD16$VFPS$VFMA$PE$A:L22UL41UL21$X:L11$S22US41US21$IEEE1$IW$USESV6$~STKCKD$USESV7$~SHL$OSPACE$ROPI$EBA8$UX$STANDARDLIB$REQ8$PRES8$EABIv2 0x00000000   Number         0  anon$$obj.o ABSOLUTE
    __ARM_use_no_argv                        0x00000000   Number         0  main.o ABSOLUTE
    __Vectors                                0x00000000   Data           4  startup_m480.o(RESET)
    _printf_flags                            0x00000000   Number         0  printf_stubs.o ABSOLUTE
    _printf_return_value                     0x00000000   Number         0  printf_stubs.o ABSOLUTE
    _printf_sizespec                         0x00000000   Number         0  printf_stubs.o ABSOLUTE
    _printf_widthprec                        0x00000000   Number         0  printf_stubs.o ABSOLUTE
    __ARM_exceptions_init                     - Undefined Weak Reference
    __alloca_initialize                       - Undefined Weak Reference
    __arm_preinit_                            - Undefined Weak Reference
    __cpp_initialize__aeabi_                  - Undefined Weak Reference
    __cxa_finalize                            - Undefined Weak Reference
    __rt_locale                               - Undefined Weak Reference
    __sigvec_lookup                           - Undefined Weak Reference
    _atexit_init                              - Undefined Weak Reference
    _call_atexit_fns                          - Undefined Weak Reference
    _clock_init                               - Undefined Weak Reference
    _fp_trap_init                             - Undefined Weak Reference
    _fp_trap_shutdown                         - Undefined Weak Reference
    _get_lc_collate                           - Undefined Weak Reference
    _get_lc_ctype                             - Undefined Weak Reference
    _get_lc_monetary                          - Undefined Weak Reference
    _get_lc_numeric                           - Undefined Weak Reference
    _get_lc_time                              - Undefined Weak Reference
    _getenv_init                              - Undefined Weak Reference
    _handle_redirection                       - Undefined Weak Reference
    _init_alloc                               - Undefined Weak Reference
    _init_user_alloc                          - Undefined Weak Reference
    _initio                                   - Undefined Weak Reference
    _mutex_acquire                            - Undefined Weak Reference
    _mutex_release                            - Undefined Weak Reference
    _printf_post_padding                      - Undefined Weak Reference
    _printf_pre_padding                       - Undefined Weak Reference
    _printf_truncate_unsigned                 - Undefined Weak Reference
    _rand_init                                - Undefined Weak Reference
    _signal_finish                            - Undefined Weak Reference
    _signal_init                              - Undefined Weak Reference
    _terminate_alloc                          - Undefined Weak Reference
    _terminate_user_alloc                     - Undefined Weak Reference
    _terminateio                              - Undefined Weak Reference
    __Vectors_End                            0x000001b8   Data           0  startup_m480.o(RESET)
    __Vectors_Size                           0x000001b8   Number         0  startup_m480.o ABSOLUTE
    __main                                   0x000001b9   Thumb Code     8  __main.o(!!!main)
    __scatterload                            0x000001c1   Thumb Code     0  __scatter.o(!!!scatter)
    __scatterload_rt2                        0x000001c1   Thumb Code    44  __scatter.o(!!!scatter)
    __scatterload_rt2_thumb_only             0x000001c1   Thumb Code     0  __scatter.o(!!!scatter)
    __scatterload_null                       0x000001cf   Thumb Code     0  __scatter.o(!!!scatter)
    __decompress                             0x000001f5   Thumb Code    90  __dczerorl2.o(!!dczerorl2)
    __decompress1                            0x000001f5   Thumb Code     0  __dczerorl2.o(!!dczerorl2)
    __scatterload_zeroinit                   0x00000251   Thumb Code    28  __scatter_zi.o(!!handler_zi)
    _printf_percent                          0x0000026d   Thumb Code     0  _printf_percent.o(.ARM.Collect$$_printf_percent$$00000000)
    _printf_x                                0x0000026d   Thumb Code     0  _printf_x.o(.ARM.Collect$$_printf_percent$$0000000C)
    _printf_percent_end                      0x00000273   Thumb Code     0  _printf_percent_end.o(.ARM.Collect$$_printf_percent$$00000017)
    __rt_lib_init                            0x00000277   Thumb Code     0  libinit.o(.ARM.Collect$$libinit$$00000000)
    __rt_lib_init_fp_1                       0x00000279   Thumb Code     0  libinit2.o(.ARM.Collect$$libinit$$00000001)
    __rt_lib_init_alloca_1                   0x0000027d   Thumb Code     0  libinit2.o(.ARM.Collect$$libinit$$0000002E)
    __rt_lib_init_argv_1                     0x0000027d   Thumb Code     0  libinit2.o(.ARM.Collect$$libinit$$0000002C)
    __rt_lib_init_atexit_1                   0x0000027d   Thumb Code     0  libinit2.o(.ARM.Collect$$libinit$$0000001B)
    __rt_lib_init_clock_1                    0x0000027d   Thumb Code     0  libinit2.o(.ARM.Collect$$libinit$$00000021)
    __rt_lib_init_cpp_1                      0x0000027d   Thumb Code     0  libinit2.o(.ARM.Collect$$libinit$$00000032)
    __rt_lib_init_exceptions_1               0x0000027d   Thumb Code     0  libinit2.o(.ARM.Collect$$libinit$$00000030)
    __rt_lib_init_fp_trap_1                  0x0000027d   Thumb Code     0  libinit2.o(.ARM.Collect$$libinit$$0000001F)
    __rt_lib_init_getenv_1                   0x0000027d   Thumb Code     0  libinit2.o(.ARM.Collect$$libinit$$00000023)
    __rt_lib_init_heap_1                     0x0000027d   Thumb Code     0  libinit2.o(.ARM.Collect$$libinit$$0000000A)
    __rt_lib_init_lc_collate_1               0x0000027d   Thumb Code     0  libinit2.o(.ARM.Collect$$libinit$$00000011)
    __rt_lib_init_lc_ctype_1                 0x0000027d   Thumb Code     0  libinit2.o(.ARM.Collect$$libinit$$00000013)
    __rt_lib_init_lc_monetary_1              0x0000027d   Thumb Code     0  libinit2.o(.ARM.Collect$$libinit$$00000015)
    __rt_lib_init_lc_numeric_1               0x0000027d   Thumb Code     0  libinit2.o(.ARM.Collect$$libinit$$00000017)
    __rt_lib_init_lc_time_1                  0x0000027d   Thumb Code     0  libinit2.o(.ARM.Collect$$libinit$$00000019)
    __rt_lib_init_preinit_1                  0x0000027d   Thumb Code     0  libinit2.o(.ARM.Collect$$libinit$$00000004)
    __rt_lib_init_rand_1                     0x0000027d   Thumb Code     0  libinit2.o(.ARM.Collect$$libinit$$0000000E)
    __rt_lib_init_return                     0x0000027d   Thumb Code     0  libinit2.o(.ARM.Collect$$libinit$$00000033)
    __rt_lib_init_signal_1                   0x0000027d   Thumb Code     0  libinit2.o(.ARM.Collect$$libinit$$0000001D)
    __rt_lib_init_stdio_1                    0x0000027d   Thumb Code     0  libinit2.o(.ARM.Collect$$libinit$$00000025)
    __rt_lib_init_user_alloc_1               0x0000027d   Thumb Code     0  libinit2.o(.ARM.Collect$$libinit$$0000000C)
    __rt_lib_shutdown                        0x0000027f   Thumb Code     0  libshutdown.o(.ARM.Collect$$libshutdown$$00000000)
    __rt_lib_shutdown_cpp_1                  0x00000281   Thumb Code     0  libshutdown2.o(.ARM.Collect$$libshutdown$$00000002)
    __rt_lib_shutdown_fp_trap_1              0x00000281   Thumb Code     0  libshutdown2.o(.ARM.Collect$$libshutdown$$00000007)
    __rt_lib_shutdown_heap_1                 0x00000281   Thumb Code     0  libshutdown2.o(.ARM.Collect$$libshutdown$$0000000F)
    __rt_lib_shutdown_return                 0x00000281   Thumb Code     0  libshutdown2.o(.ARM.Collect$$libshutdown$$00000010)
    __rt_lib_shutdown_signal_1               0x00000281   Thumb Code     0  libshutdown2.o(.ARM.Collect$$libshutdown$$0000000A)
    __rt_lib_shutdown_stdio_1                0x00000281   Thumb Code     0  libshutdown2.o(.ARM.Collect$$libshutdown$$00000004)
    __rt_lib_shutdown_user_alloc_1           0x00000281   Thumb Code     0  libshutdown2.o(.ARM.Collect$$libshutdown$$0000000C)
    __rt_entry                               0x00000283   Thumb Code     0  __rtentry.o(.ARM.Collect$$rtentry$$00000000)
    __rt_entry_presh_1                       0x00000283   Thumb Code     0  __rtentry2.o(.ARM.Collect$$rtentry$$00000002)
    __rt_entry_sh                            0x00000283   Thumb Code     0  __rtentry4.o(.ARM.Collect$$rtentry$$00000004)
    __rt_entry_li                            0x00000289   Thumb Code     0  __rtentry2.o(.ARM.Collect$$rtentry$$0000000A)
    __rt_entry_postsh_1                      0x00000289   Thumb Code     0  __rtentry2.o(.ARM.Collect$$rtentry$$00000009)
    __rt_entry_main                          0x0000028d   Thumb Code     0  __rtentry2.o(.ARM.Collect$$rtentry$$0000000D)
    __rt_entry_postli_1                      0x0000028d   Thumb Code     0  __rtentry2.o(.ARM.Collect$$rtentry$$0000000C)
    __rt_exit                                0x00000295   Thumb Code     0  rtexit.o(.ARM.Collect$$rtexit$$00000000)
    __rt_exit_ls                             0x00000297   Thumb Code     0  rtexit2.o(.ARM.Collect$$rtexit$$00000003)
    __rt_exit_prels_1                        0x00000297   Thumb Code     0  rtexit2.o(.ARM.Collect$$rtexit$$00000002)
    __rt_exit_exit                           0x0000029b   Thumb Code     0  rtexit2.o(.ARM.Collect$$rtexit$$00000004)
    HardFault_Handler                        0x000002a1   Thumb Code    60  retarget.o(.emb_text)
    SH_DoCommand                             0x000002e1   Thumb Code    18  retarget.o(.emb_text)
    Reset_Handler                            0x000002f5   Thumb Code    64  startup_m480.o(.text)
    NMI_Handler                              0x00000335   Thumb Code     2  startup_m480.o(.text)
    MemManage_Handler                        0x00000339   Thumb Code     2  startup_m480.o(.text)
    BusFault_Handler                         0x0000033b   Thumb Code     2  startup_m480.o(.text)
    UsageFault_Handler                       0x0000033d   Thumb Code     2  startup_m480.o(.text)
    SVC_Handler                              0x0000033f   Thumb Code     2  startup_m480.o(.text)
    DebugMon_Handler                         0x00000341   Thumb Code     2  startup_m480.o(.text)
    PendSV_Handler                           0x00000343   Thumb Code     2  startup_m480.o(.text)
    SysTick_Handler                          0x00000345   Thumb Code     2  startup_m480.o(.text)
    ACMP01_IRQHandler                        0x00000347   Thumb Code     0  startup_m480.o(.text)
    ADC01_IRQHandler                         0x00000347   Thumb Code     0  startup_m480.o(.text)
    ADC02_IRQHandler                         0x00000347   Thumb Code     0  startup_m480.o(.text)
    ADC03_IRQHandler                         0x00000347   Thumb Code     0  startup_m480.o(.text)
    BOD_IRQHandler                           0x00000347   Thumb Code     0  startup_m480.o(.text)
    BPWM0_IRQHandler                         0x00000347   Thumb Code     0  startup_m480.o(.text)
    BPWM1_IRQHandler                         0x00000347   Thumb Code     0  startup_m480.o(.text)
    BRAKE0_IRQHandler                        0x00000347   Thumb Code     0  startup_m480.o(.text)
    BRAKE1_IRQHandler                        0x00000347   Thumb Code     0  startup_m480.o(.text)
    CAN0_IRQHandler                          0x00000347   Thumb Code     0  startup_m480.o(.text)
    CAN1_IRQHandler                          0x00000347   Thumb Code     0  startup_m480.o(.text)
    CKFAIL_IRQHandler                        0x00000347   Thumb Code     0  startup_m480.o(.text)
    CRYPTO_IRQHandler                        0x00000347   Thumb Code     0  startup_m480.o(.text)
    DAC_IRQHandler                           0x00000347   Thumb Code     0  startup_m480.o(.text)
    ECAP0_IRQHandler                         0x00000347   Thumb Code     0  startup_m480.o(.text)
    ECAP1_IRQHandler                         0x00000347   Thumb Code     0  startup_m480.o(.text)
    EHCI_IRQHandler                          0x00000347   Thumb Code     0  startup_m480.o(.text)
    EINT0_IRQHandler                         0x00000347   Thumb Code     0  startup_m480.o(.text)
    EINT1_IRQHandler                         0x00000347   Thumb Code     0  startup_m480.o(.text)
    EINT2_IRQHandler                         0x00000347   Thumb Code     0  startup_m480.o(.text)
    EINT3_IRQHandler                         0x00000347   Thumb Code     0  startup_m480.o(.text)
    EINT4_IRQHandler                         0x00000347   Thumb Code     0  startup_m480.o(.text)
    EINT5_IRQHandler                         0x00000347   Thumb Code     0  startup_m480.o(.text)
    EINT6_IRQHandler                         0x00000347   Thumb Code     0  startup_m480.o(.text)
    EINT7_IRQHandler                         0x00000347   Thumb Code     0  startup_m480.o(.text)
    EMAC_RX_IRQHandler                       0x00000347   Thumb Code     0  startup_m480.o(.text)
    EMAC_TX_IRQHandler                       0x00000347   Thumb Code     0  startup_m480.o(.text)
    EPWM0P0_IRQHandler                       0x00000347   Thumb Code     0  startup_m480.o(.text)
    EPWM0P1_IRQHandler                       0x00000347   Thumb Code     0  startup_m480.o(.text)
    EPWM0P2_IRQHandler                       0x00000347   Thumb Code     0  startup_m480.o(.text)
    EPWM1P0_IRQHandler                       0x00000347   Thumb Code     0  startup_m480.o(.text)
    EPWM1P1_IRQHandler                       0x00000347   Thumb Code     0  startup_m480.o(.text)
    EPWM1P2_IRQHandler                       0x00000347   Thumb Code     0  startup_m480.o(.text)
    GPA_IRQHandler                           0x00000347   Thumb Code     0  startup_m480.o(.text)
    GPB_IRQHandler                           0x00000347   Thumb Code     0  startup_m480.o(.text)
    GPC_IRQHandler                           0x00000347   Thumb Code     0  startup_m480.o(.text)
    GPD_IRQHandler                           0x00000347   Thumb Code     0  startup_m480.o(.text)
    GPE_IRQHandler                           0x00000347   Thumb Code     0  startup_m480.o(.text)
    GPF_IRQHandler                           0x00000347   Thumb Code     0  startup_m480.o(.text)
    GPG_IRQHandler                           0x00000347   Thumb Code     0  startup_m480.o(.text)
    GPH_IRQHandler                           0x00000347   Thumb Code     0  startup_m480.o(.text)
    I2C0_IRQHandler                          0x00000347   Thumb Code     0  startup_m480.o(.text)
    I2C1_IRQHandler                          0x00000347   Thumb Code     0  startup_m480.o(.text)
    I2C2_IRQHandler                          0x00000347   Thumb Code     0  startup_m480.o(.text)
    I2S0_IRQHandler                          0x00000347   Thumb Code     0  startup_m480.o(.text)
    IRC_IRQHandler                           0x00000347   Thumb Code     0  startup_m480.o(.text)
    OHCI_IRQHandler                          0x00000347   Thumb Code     0  startup_m480.o(.text)
    OPA0_IRQHandler                          0x00000347   Thumb Code     0  startup_m480.o(.text)
    PWRWU_IRQHandler                         0x00000347   Thumb Code     0  startup_m480.o(.text)
    QEI0_IRQHandler                          0x00000347   Thumb Code     0  startup_m480.o(.text)
    QEI1_IRQHandler                          0x00000347   Thumb Code     0  startup_m480.o(.text)
    QSPI0_IRQHandler                         0x00000347   Thumb Code     0  startup_m480.o(.text)
    RAMPE_IRQHandler                         0x00000347   Thumb Code     0  startup_m480.o(.text)
    RTC_IRQHandler                           0x00000347   Thumb Code     0  startup_m480.o(.text)
    SC0_IRQHandler                           0x00000347   Thumb Code     0  startup_m480.o(.text)
    SC1_IRQHandler                           0x00000347   Thumb Code     0  startup_m480.o(.text)
    SC2_IRQHandler                           0x00000347   Thumb Code     0  startup_m480.o(.text)
    SDH0_IRQHandler                          0x00000347   Thumb Code     0  startup_m480.o(.text)
    SDH1_IRQHandler                          0x00000347   Thumb Code     0  startup_m480.o(.text)
    SPI0_IRQHandler                          0x00000347   Thumb Code     0  startup_m480.o(.text)
    SPI1_IRQHandler                          0x00000347   Thumb Code     0  startup_m480.o(.text)
    SPI2_IRQHandler                          0x00000347   Thumb Code     0  startup_m480.o(.text)
    SPI3_IRQHandler                          0x00000347   Thumb Code     0  startup_m480.o(.text)
    SPIM_IRQHandler                          0x00000347   Thumb Code     0  startup_m480.o(.text)
    TAMPER_IRQHandler                        0x00000347   Thumb Code     0  startup_m480.o(.text)
    TMR0_IRQHandler                          0x00000347   Thumb Code     0  startup_m480.o(.text)
    TMR1_IRQHandler                          0x00000347   Thumb Code     0  startup_m480.o(.text)
    TMR2_IRQHandler                          0x00000347   Thumb Code     0  startup_m480.o(.text)
    TMR3_IRQHandler                          0x00000347   Thumb Code     0  startup_m480.o(.text)
    UART0_IRQHandler                         0x00000347   Thumb Code     0  startup_m480.o(.text)
    UART1_IRQHandler                         0x00000347   Thumb Code     0  startup_m480.o(.text)
    UART2_IRQHandler                         0x00000347   Thumb Code     0  startup_m480.o(.text)
    UART3_IRQHandler                         0x00000347   Thumb Code     0  startup_m480.o(.text)
    UART4_IRQHandler                         0x00000347   Thumb Code     0  startup_m480.o(.text)
    UART5_IRQHandler                         0x00000347   Thumb Code     0  startup_m480.o(.text)
    USBD_IRQHandler                          0x00000347   Thumb Code     0  startup_m480.o(.text)
    USBOTG20_IRQHandler                      0x00000347   Thumb Code     0  startup_m480.o(.text)
    USBOTG_IRQHandler                        0x00000347   Thumb Code     0  startup_m480.o(.text)
    USCI0_IRQHandler                         0x00000347   Thumb Code     0  startup_m480.o(.text)
    USCI1_IRQHandler                         0x00000347   Thumb Code     0  startup_m480.o(.text)
    WDT_IRQHandler                           0x00000347   Thumb Code     0  startup_m480.o(.text)
    WWDT_IRQHandler                          0x00000347   Thumb Code     0  startup_m480.o(.text)
    __user_initial_stackheap                 0x00000349   Thumb Code    10  startup_m480.o(.text)
    __2printf                                0x00000379   Thumb Code    20  noretval__2printf.o(.text)
    _printf_int_hex                          0x00000391   Thumb Code    84  _printf_hex_int.o(.text)
    _printf_longlong_hex                     0x00000391   Thumb Code     0  _printf_hex_int.o(.text)
    __printf                                 0x000003e9   Thumb Code   270  __printf_wp.o(.text)
    __aeabi_memcpy4                          0x000004f7   Thumb Code     0  rt_memcpy_w.o(.text)
    __aeabi_memcpy8                          0x000004f7   Thumb Code     0  rt_memcpy_w.o(.text)
    __rt_memcpy_w                            0x000004f7   Thumb Code   100  rt_memcpy_w.o(.text)
    _memcpy_lastbytes_aligned                0x0000053f   Thumb Code     0  rt_memcpy_w.o(.text)
    __aeabi_memclr                           0x0000055b   Thumb Code     0  rt_memclr.o(.text)
    __rt_memclr                              0x0000055b   Thumb Code    68  rt_memclr.o(.text)
    _memset                                  0x0000055f   Thumb Code     0  rt_memclr.o(.text)
    __aeabi_memclr4                          0x0000059f   Thumb Code     0  rt_memclr_w.o(.text)
    __aeabi_memclr8                          0x0000059f   Thumb Code     0  rt_memclr_w.o(.text)
    __rt_memclr_w                            0x0000059f   Thumb Code    78  rt_memclr_w.o(.text)
    _memset_w                                0x000005a3   Thumb Code     0  rt_memclr_w.o(.text)
    __use_two_region_memory                  0x000005ed   Thumb Code     2  heapauxi.o(.text)
    __rt_heap_escrow$2region                 0x000005ef   Thumb Code     2  heapauxi.o(.text)
    __rt_heap_expand$2region                 0x000005f1   Thumb Code     2  heapauxi.o(.text)
    _printf_int_common                       0x000005f3   Thumb Code   178  _printf_intcommon.o(.text)
    _printf_char_file                        0x000006a5   Thumb Code    32  _printf_char_file.o(.text)
    _printf_char_common                      0x000006d3   Thumb Code    32  _printf_char_common.o(.text)
    ferror                                   0x000006f9   Thumb Code     8  ferror.o(.text)
    __user_setup_stackheap                   0x00000701   Thumb Code    74  sys_stackheap_outer.o(.text)
    exit                                     0x0000074b   Thumb Code    18  exit.o(.text)
    __user_libspace                          0x0000075d   Thumb Code     8  libspace.o(.text)
    __user_perproc_libspace                  0x0000075d   Thumb Code     0  libspace.o(.text)
    __user_perthread_libspace                0x0000075d   Thumb Code     0  libspace.o(.text)
    ADC00_IRQHandler                         0x00000765   Thumb Code    12  main.o(i.ADC00_IRQHandler)
    CLK_DisablePLL                           0x00000779   Thumb Code    18  clk.o(i.CLK_DisablePLL)
    CLK_EnableModuleClock                    0x00000791   Thumb Code    36  clk.o(i.CLK_EnableModuleClock)
    CLK_EnablePLL                            0x000007b9   Thumb Code   374  clk.o(i.CLK_EnablePLL)
    CLK_EnableXtalRC                         0x0000094d   Thumb Code    16  clk.o(i.CLK_EnableXtalRC)
    CLK_GetPCLK0Freq                         0x00000961   Thumb Code   110  clk.o(i.CLK_GetPCLK0Freq)
    CLK_GetPCLK1Freq                         0x000009d9   Thumb Code   110  clk.o(i.CLK_GetPCLK1Freq)
    CLK_GetPLLClockFreq                      0x00000a51   Thumb Code   104  clk.o(i.CLK_GetPLLClockFreq)
    CLK_SetCoreClock                         0x00000ac5   Thumb Code   154  clk.o(i.CLK_SetCoreClock)
    CLK_SetHCLK                              0x00000b69   Thumb Code   118  clk.o(i.CLK_SetHCLK)
    CLK_SetModuleClock                       0x00000be5   Thumb Code   106  clk.o(i.CLK_SetModuleClock)
    CLK_WaitClockReady                       0x00000c55   Thumb Code    36  clk.o(i.CLK_WaitClockReady)
    EADC_ConfigSampleModule                  0x00000c81   Thumb Code    44  eadc.o(i.EADC_ConfigSampleModule)
    EADC_FunctionTest                        0x00000cb1   Thumb Code    78  main.o(i.EADC_FunctionTest)
    EADC_Open                                0x00000d11   Thumb Code    34  eadc.o(i.EADC_Open)
    EPWM0_Init                               0x00000d35   Thumb Code   202  main.o(i.EPWM0_Init)
    EPWM_EnableADCTrigger                    0x00000e05   Thumb Code    74  epwm.o(i.EPWM_EnableADCTrigger)
    EPWM_EnableOutput                        0x00000e4f   Thumb Code    12  epwm.o(i.EPWM_EnableOutput)
    EPWM_ForceStop                           0x00000e5b   Thumb Code     8  epwm.o(i.EPWM_ForceStop)
    EPWM_Start                               0x00000e63   Thumb Code     8  epwm.o(i.EPWM_Start)
    HSUSBD_CtrlIn                            0x00000ec9   Thumb Code   194  hsusbd.o(i.HSUSBD_CtrlIn)
    HSUSBD_GetDescriptor                     0x00000f9d   Thumb Code   724  hsusbd.o(i.HSUSBD_GetDescriptor)
    HSUSBD_Open                              0x000012a1   Thumb Code    72  hsusbd.o(i.HSUSBD_Open)
    HSUSBD_PrepareCtrlIn                     0x00001301   Thumb Code    10  hsusbd.o(i.HSUSBD_PrepareCtrlIn)
    HSUSBD_ProcessSetupPacket                0x00001315   Thumb Code   102  hsusbd.o(i.HSUSBD_ProcessSetupPacket)
    HSUSBD_StandardRequest                   0x000013c9   Thumb Code   606  hsusbd.o(i.HSUSBD_StandardRequest)
    HSUSBD_Start                             0x00001665   Thumb Code    14  hsusbd.o(i.HSUSBD_Start)
    HSUSBD_SwReset                           0x00001679   Thumb Code    24  hsusbd.o(i.HSUSBD_SwReset)
    HSUSBD_UpdateDeviceState                 0x000016a5   Thumb Code   366  hsusbd.o(i.HSUSBD_UpdateDeviceState)
    Hard_Fault_Handler                       0x0000182d   Thumb Code    18  retarget.o(i.Hard_Fault_Handler)
    I2C_Open                                 0x00001859   Thumb Code    72  i2c.o(i.I2C_Open)
    I2C_WriteMultiBytes                      0x000018a5   Thumb Code   184  i2c.o(i.I2C_WriteMultiBytes)
    IsDebugFifoEmpty                         0x0000195d   Thumb Code     4  retarget.o(i.IsDebugFifoEmpty)
    MSC_AckCmd                               0x00001961   Thumb Code    44  massstorage.o(i.MSC_AckCmd)
    MSC_ActiveDMA                            0x0000199d   Thumb Code    70  massstorage.o(i.MSC_ActiveDMA)
    MSC_BulkIn                               0x000019f5   Thumb Code   216  massstorage.o(i.MSC_BulkIn)
    MSC_BulkOut                              0x00001ad9   Thumb Code    70  massstorage.o(i.MSC_BulkOut)
    MSC_ClassRequest                         0x00001b29   Thumb Code    92  massstorage.o(i.MSC_ClassRequest)
    MSC_Init                                 0x00001b95   Thumb Code    66  massstorage.o(i.MSC_Init)
    MSC_InitForFullSpeed                     0x00001bf9   Thumb Code    80  massstorage.o(i.MSC_InitForFullSpeed)
    MSC_InitForHighSpeed                     0x00001c51   Thumb Code    84  massstorage.o(i.MSC_InitForHighSpeed)
    MSC_ModeSense10                          0x00001cad   Thumb Code   452  massstorage.o(i.MSC_ModeSense10)
    MSC_ModeSense6                           0x00001e91   Thumb Code    38  massstorage.o(i.MSC_ModeSense6)
    MSC_ProcessCmd                           0x00001ec5   Thumb Code   450  massstorage.o(i.MSC_ProcessCmd)
    MSC_ReadCapacity                         0x000020b1   Thumb Code    82  massstorage.o(i.MSC_ReadCapacity)
    MSC_ReadFormatCapacity                   0x00002111   Thumb Code   136  massstorage.o(i.MSC_ReadFormatCapacity)
    MSC_ReceiveCBW                           0x000021a5   Thumb Code    50  massstorage.o(i.MSC_ReceiveCBW)
    MSC_RequestSense                         0x000021e5   Thumb Code   104  massstorage.o(i.MSC_RequestSense)
    PDMA_EnableInt                           0x00002273   Thumb Code    70  pdma.o(i.PDMA_EnableInt)
    PDMA_IRQHandler                          0x000022b9   Thumb Code    82  main.o(i.PDMA_IRQHandler)
    PDMA_Init                                0x0000232d   Thumb Code   104  main.o(i.PDMA_Init)
    PDMA_Open                                0x000023a9   Thumb Code    38  pdma.o(i.PDMA_Open)
    PDMA_SetBurstType                        0x000023d5   Thumb Code    38  pdma.o(i.PDMA_SetBurstType)
    PDMA_SetTransferAddr                     0x000023fb   Thumb Code    54  pdma.o(i.PDMA_SetTransferAddr)
    PDMA_SetTransferCnt                      0x00002431   Thumb Code    42  pdma.o(i.PDMA_SetTransferCnt)
    PDMA_SetTransferMode                     0x0000245d   Thumb Code   372  pdma.o(i.PDMA_SetTransferMode)
    ReloadPDMA                               0x000025d9   Thumb Code    74  main.o(i.ReloadPDMA)
    SYS_Init                                 0x00002635   Thumb Code   298  main.o(i.SYS_Init)
    SystemCoreClockUpdate                    0x000027cd   Thumb Code    74  system_m480.o(i.SystemCoreClockUpdate)
    SystemInit                               0x00002831   Thumb Code   130  system_m480.o(i.SystemInit)
    UART_Open                                0x000028c5   Thumb Code   284  uart.o(i.UART_Open)
    USBD20_IRQHandler                        0x00002a05   Thumb Code  1122  massstorage.o(i.USBD20_IRQHandler)
    _is_digit                                0x00002e6d   Thumb Code    14  __printf_wp.o(i._is_digit)
    _sys_exit                                0x00002e7d   Thumb Code    26  retarget.o(i._sys_exit)
    delay_ms                                 0x00002e9d   Thumb Code    28  main.o(i.delay_ms)
    format                                   0x00002eb9   Thumb Code    64  main.o(i.format)
    format1                                  0x00002f01   Thumb Code    52  main.o(i.format1)
    format2                                  0x00002f3d   Thumb Code    52  main.o(i.format2)
    format3                                  0x00002f79   Thumb Code    52  main.o(i.format3)
    format4                                  0x00002fb5   Thumb Code    54  main.o(i.format4)
    fputc                                    0x00002ff5   Thumb Code    16  retarget.o(i.fputc)
    main                                     0x0000301d   Thumb Code   252  main.o(i.main)
    set_EADC_channel                         0x00003185   Thumb Code   110  main.o(i.set_EADC_channel)
    set_first_line                           0x000031fd   Thumb Code   148  main.o(i.set_first_line)
    _fp_init                                 0x00003351   Thumb Code    10  fpinit.o(x$fpl$fpinit)
    __fplib_config_fpu_vfp                   0x00003359   Thumb Code     0  fpinit.o(x$fpl$fpinit)
    __fplib_config_pureend_doubles           0x00003359   Thumb Code     0  fpinit.o(x$fpl$fpinit)
    Region$$Table$$Base                      0x00003624   Number         0  anon$$obj.o(Region$$Table)
    Region$$Table$$Limit                     0x00003644   Number         0  anon$$obj.o(Region$$Table)
    SystemCoreClock                          0x20000000   Data           4  system_m480.o(.data)
    CyclesPerUs                              0x20000004   Data           4  system_m480.o(.data)
    PllClock                                 0x20000008   Data           4  system_m480.o(.data)
    gau32ClkSrcTbl                           0x2000000c   Data          32  system_m480.o(.data)
    g_u32AdcIntFlag                          0x2000002c   Data           4  main.o(.data)
    g_u32COVNUMFlag                          0x20000030   Data           4  main.o(.data)
    g_u32IsTestOver                          0x20000034   Data           4  main.o(.data)
    g_u32SampleModuleNum                     0x20000038   Data           4  main.o(.data)
    conversionAddress                        0x2000003c   Data           4  main.o(.data)
    DataAddress                              0x20000040   Data           4  main.o(.data)
    time_tag                                 0x20000044   Data           2  main.o(.data)
    gu8DeviceDescriptor                      0x20000048   Data          18  descriptors.o(.data)
    gu8QualifierDescriptor                   0x2000005c   Data          10  descriptors.o(.data)
    gu8ConfigDescriptor                      0x20000068   Data          32  descriptors.o(.data)
    gu8OtherConfigDescriptorHS               0x20000088   Data          32  descriptors.o(.data)
    gu8ConfigDescriptorFS                    0x200000a8   Data          32  descriptors.o(.data)
    gu8OtherConfigDescriptorFS               0x200000c8   Data          32  descriptors.o(.data)
    gu8StringLang                            0x200000e8   Data           4  descriptors.o(.data)
    gu8VendorStringDesc                      0x200000ec   Data          16  descriptors.o(.data)
    gu8ProductStringDesc                     0x200000fc   Data          22  descriptors.o(.data)
    gu8StringSerial                          0x20000114   Data          26  descriptors.o(.data)
    gpu8UsbString                            0x20000130   Data          16  descriptors.o(.data)
    gsHSInfo                                 0x20000140   Data          44  descriptors.o(.data)
    g_TotalSectors                           0x2000016c   Data           4  massstorage.o(.data)
    g_u8BulkState                            0x20000170   Data           1  massstorage.o(.data)
    g_u8Prevent                              0x20000171   Data           1  massstorage.o(.data)
    g_u8MscStart                             0x20000172   Data           1  massstorage.o(.data)
    g_au8SenseKey                            0x20000173   Data           4  massstorage.o(.data)
    g_u32MSCMaxLun                           0x20000178   Data           4  massstorage.o(.data)
    g_u32MassBase                            0x2000017c   Data           4  massstorage.o(.data)
    g_u32StorageBase                         0x20000180   Data           4  massstorage.o(.data)
    g_u32EpMaxPacketSize                     0x20000184   Data           4  massstorage.o(.data)
    g_u32LbaAddress                          0x20000188   Data           4  massstorage.o(.data)
    g_au8InquiryID                           0x2000018c   Data          36  massstorage.o(.data)
    __stdout                                 0x20000208   Data           4  retarget.o(.data)
    __stdin                                  0x2000020c   Data           4  retarget.o(.data)
    gUsbCmd                                  0x20000214   Data           8  hsusbd.o(.data)
    g_hsusbd_sInfo                           0x2000021c   Data           4  hsusbd.o(.data)
    g_hsusbd_pfnVendorRequest                0x20000220   Data           4  hsusbd.o(.data)
    g_hsusbd_pfnClassRequest                 0x20000224   Data           4  hsusbd.o(.data)
    g_hsusbd_pfnSetInterface                 0x20000228   Data           4  hsusbd.o(.data)
    g_u32HsEpStallLock                       0x2000022c   Data           4  hsusbd.o(.data)
    g_hsusbd_Configured                      0x2000023c   Data           1  hsusbd.o(.data)
    g_hsusbd_CtrlZero                        0x2000023d   Data           1  hsusbd.o(.data)
    g_hsusbd_UsbAddr                         0x2000023e   Data           1  hsusbd.o(.data)
    g_hsusbd_ShortPacket                     0x2000023f   Data           1  hsusbd.o(.data)
    g_hsusbd_DmaDone                         0x20000240   Data           4  hsusbd.o(.data)
    g_hsusbd_CtrlInSize                      0x20000244   Data           4  hsusbd.o(.data)
    gu8UsbHidReport                          0x20000248   Data          12  descriptors.o(.bss)
    gu32UsbHidReportLen                      0x20000254   Data          12  descriptors.o(.bss)
    g_sCBW                                   0x20000260   Data          32  massstorage.o(.bss)
    g_sCSW                                   0x20000280   Data          16  massstorage.o(.bss)
    __libspace_start                         0x200002bc   Data          96  libspace.o(.bss)
    __temporary_stack_top$libspace           0x2000031c   Data           0  libspace.o(.bss)
    g_i32ConversionData                      0x20007320   Data          32  main.o(.ARM.__AT_0x20007320)



==============================================================================

Memory Map of the image

  Image Entry point : 0x000001b9

  Load Region LR_IROM1 (Base: 0x00000000, Size: 0x0000388c, Max: 0x00080000, ABSOLUTE, COMPRESSED[0x00003768])

    Execution Region ER_IROM1 (Exec base: 0x00000000, Load base: 0x00000000, Size: 0x00003644, Max: 0x00080000, ABSOLUTE)

    Exec Addr    Load Addr    Size         Type   Attr      Idx    E Section Name        Object

    0x00000000   0x00000000   0x000001b8   Data   RO          308    RESET               startup_m480.o
    0x000001b8   0x000001b8   0x00000008   Code   RO         2601  * !!!main             c_w.l(__main.o)
    0x000001c0   0x000001c0   0x00000034   Code   RO         2769    !!!scatter          c_w.l(__scatter.o)
    0x000001f4   0x000001f4   0x0000005a   Code   RO         2767    !!dczerorl2         c_w.l(__dczerorl2.o)
    0x0000024e   0x0000024e   0x00000002   PAD
    0x00000250   0x00000250   0x0000001c   Code   RO         2771    !!handler_zi        c_w.l(__scatter_zi.o)
    0x0000026c   0x0000026c   0x00000000   Code   RO         2592    .ARM.Collect$$_printf_percent$$00000000  c_w.l(_printf_percent.o)
    0x0000026c   0x0000026c   0x00000006   Code   RO         2591    .ARM.Collect$$_printf_percent$$0000000C  c_w.l(_printf_x.o)
    0x00000272   0x00000272   0x00000004   Code   RO         2608    .ARM.Collect$$_printf_percent$$00000017  c_w.l(_printf_percent_end.o)
    0x00000276   0x00000276   0x00000002   Code   RO         2641    .ARM.Collect$$libinit$$00000000  c_w.l(libinit.o)
    0x00000278   0x00000278   0x00000004   Code   RO         2647    .ARM.Collect$$libinit$$00000001  c_w.l(libinit2.o)
    0x0000027c   0x0000027c   0x00000000   Code   RO         2650    .ARM.Collect$$libinit$$00000004  c_w.l(libinit2.o)
    0x0000027c   0x0000027c   0x00000000   Code   RO         2653    .ARM.Collect$$libinit$$0000000A  c_w.l(libinit2.o)
    0x0000027c   0x0000027c   0x00000000   Code   RO         2655    .ARM.Collect$$libinit$$0000000C  c_w.l(libinit2.o)
    0x0000027c   0x0000027c   0x00000000   Code   RO         2657    .ARM.Collect$$libinit$$0000000E  c_w.l(libinit2.o)
    0x0000027c   0x0000027c   0x00000000   Code   RO         2660    .ARM.Collect$$libinit$$00000011  c_w.l(libinit2.o)
    0x0000027c   0x0000027c   0x00000000   Code   RO         2662    .ARM.Collect$$libinit$$00000013  c_w.l(libinit2.o)
    0x0000027c   0x0000027c   0x00000000   Code   RO         2664    .ARM.Collect$$libinit$$00000015  c_w.l(libinit2.o)
    0x0000027c   0x0000027c   0x00000000   Code   RO         2666    .ARM.Collect$$libinit$$00000017  c_w.l(libinit2.o)
    0x0000027c   0x0000027c   0x00000000   Code   RO         2668    .ARM.Collect$$libinit$$00000019  c_w.l(libinit2.o)
    0x0000027c   0x0000027c   0x00000000   Code   RO         2670    .ARM.Collect$$libinit$$0000001B  c_w.l(libinit2.o)
    0x0000027c   0x0000027c   0x00000000   Code   RO         2672    .ARM.Collect$$libinit$$0000001D  c_w.l(libinit2.o)
    0x0000027c   0x0000027c   0x00000000   Code   RO         2674    .ARM.Collect$$libinit$$0000001F  c_w.l(libinit2.o)
    0x0000027c   0x0000027c   0x00000000   Code   RO         2676    .ARM.Collect$$libinit$$00000021  c_w.l(libinit2.o)
    0x0000027c   0x0000027c   0x00000000   Code   RO         2678    .ARM.Collect$$libinit$$00000023  c_w.l(libinit2.o)
    0x0000027c   0x0000027c   0x00000000   Code   RO         2680    .ARM.Collect$$libinit$$00000025  c_w.l(libinit2.o)
    0x0000027c   0x0000027c   0x00000000   Code   RO         2684    .ARM.Collect$$libinit$$0000002C  c_w.l(libinit2.o)
    0x0000027c   0x0000027c   0x00000000   Code   RO         2686    .ARM.Collect$$libinit$$0000002E  c_w.l(libinit2.o)
    0x0000027c   0x0000027c   0x00000000   Code   RO         2688    .ARM.Collect$$libinit$$00000030  c_w.l(libinit2.o)
    0x0000027c   0x0000027c   0x00000000   Code   RO         2690    .ARM.Collect$$libinit$$00000032  c_w.l(libinit2.o)
    0x0000027c   0x0000027c   0x00000002   Code   RO         2691    .ARM.Collect$$libinit$$00000033  c_w.l(libinit2.o)
    0x0000027e   0x0000027e   0x00000002   Code   RO         2709    .ARM.Collect$$libshutdown$$00000000  c_w.l(libshutdown.o)
    0x00000280   0x00000280   0x00000000   Code   RO         2719    .ARM.Collect$$libshutdown$$00000002  c_w.l(libshutdown2.o)
    0x00000280   0x00000280   0x00000000   Code   RO         2721    .ARM.Collect$$libshutdown$$00000004  c_w.l(libshutdown2.o)
    0x00000280   0x00000280   0x00000000   Code   RO         2724    .ARM.Collect$$libshutdown$$00000007  c_w.l(libshutdown2.o)
    0x00000280   0x00000280   0x00000000   Code   RO         2727    .ARM.Collect$$libshutdown$$0000000A  c_w.l(libshutdown2.o)
    0x00000280   0x00000280   0x00000000   Code   RO         2729    .ARM.Collect$$libshutdown$$0000000C  c_w.l(libshutdown2.o)
    0x00000280   0x00000280   0x00000000   Code   RO         2732    .ARM.Collect$$libshutdown$$0000000F  c_w.l(libshutdown2.o)
    0x00000280   0x00000280   0x00000002   Code   RO         2733    .ARM.Collect$$libshutdown$$00000010  c_w.l(libshutdown2.o)
    0x00000282   0x00000282   0x00000000   Code   RO         2603    .ARM.Collect$$rtentry$$00000000  c_w.l(__rtentry.o)
    0x00000282   0x00000282   0x00000000   Code   RO         2610    .ARM.Collect$$rtentry$$00000002  c_w.l(__rtentry2.o)
    0x00000282   0x00000282   0x00000006   Code   RO         2622    .ARM.Collect$$rtentry$$00000004  c_w.l(__rtentry4.o)
    0x00000288   0x00000288   0x00000000   Code   RO         2612    .ARM.Collect$$rtentry$$00000009  c_w.l(__rtentry2.o)
    0x00000288   0x00000288   0x00000004   Code   RO         2613    .ARM.Collect$$rtentry$$0000000A  c_w.l(__rtentry2.o)
    0x0000028c   0x0000028c   0x00000000   Code   RO         2615    .ARM.Collect$$rtentry$$0000000C  c_w.l(__rtentry2.o)
    0x0000028c   0x0000028c   0x00000008   Code   RO         2616    .ARM.Collect$$rtentry$$0000000D  c_w.l(__rtentry2.o)
    0x00000294   0x00000294   0x00000002   Code   RO         2645    .ARM.Collect$$rtexit$$00000000  c_w.l(rtexit.o)
    0x00000296   0x00000296   0x00000000   Code   RO         2693    .ARM.Collect$$rtexit$$00000002  c_w.l(rtexit2.o)
    0x00000296   0x00000296   0x00000004   Code   RO         2694    .ARM.Collect$$rtexit$$00000003  c_w.l(rtexit2.o)
    0x0000029a   0x0000029a   0x00000006   Code   RO         2695    .ARM.Collect$$rtexit$$00000004  c_w.l(rtexit2.o)
    0x000002a0   0x000002a0   0x00000052   Code   RO         1498    .emb_text           retarget.o
    0x000002f2   0x000002f2   0x00000002   PAD
    0x000002f4   0x000002f4   0x00000084   Code   RO          309    .text               startup_m480.o
    0x00000378   0x00000378   0x00000018   Code   RO         2546    .text               c_w.l(noretval__2printf.o)
    0x00000390   0x00000390   0x00000058   Code   RO         2553    .text               c_w.l(_printf_hex_int.o)
    0x000003e8   0x000003e8   0x0000010e   Code   RO         2579    .text               c_w.l(__printf_wp.o)
    0x000004f6   0x000004f6   0x00000064   Code   RO         2593    .text               c_w.l(rt_memcpy_w.o)
    0x0000055a   0x0000055a   0x00000044   Code   RO         2595    .text               c_w.l(rt_memclr.o)
    0x0000059e   0x0000059e   0x0000004e   Code   RO         2597    .text               c_w.l(rt_memclr_w.o)
    0x000005ec   0x000005ec   0x00000006   Code   RO         2599    .text               c_w.l(heapauxi.o)
    0x000005f2   0x000005f2   0x000000b2   Code   RO         2604    .text               c_w.l(_printf_intcommon.o)
    0x000006a4   0x000006a4   0x00000024   Code   RO         2606    .text               c_w.l(_printf_char_file.o)
    0x000006c8   0x000006c8   0x00000030   Code   RO         2624    .text               c_w.l(_printf_char_common.o)
    0x000006f8   0x000006f8   0x00000008   Code   RO         2626    .text               c_w.l(ferror.o)
    0x00000700   0x00000700   0x0000004a   Code   RO         2630    .text               c_w.l(sys_stackheap_outer.o)
    0x0000074a   0x0000074a   0x00000012   Code   RO         2634    .text               c_w.l(exit.o)
    0x0000075c   0x0000075c   0x00000008   Code   RO         2642    .text               c_w.l(libspace.o)
    0x00000764   0x00000764   0x00000014   Code   RO          316    i.ADC00_IRQHandler  main.o
    0x00000778   0x00000778   0x00000018   Code   RO         1095    i.CLK_DisablePLL    clk.o
    0x00000790   0x00000790   0x00000028   Code   RO         1100    i.CLK_EnableModuleClock  clk.o
    0x000007b8   0x000007b8   0x00000194   Code   RO         1101    i.CLK_EnablePLL     clk.o
    0x0000094c   0x0000094c   0x00000014   Code   RO         1104    i.CLK_EnableXtalRC  clk.o
    0x00000960   0x00000960   0x00000078   Code   RO         1111    i.CLK_GetPCLK0Freq  clk.o
    0x000009d8   0x000009d8   0x00000078   Code   RO         1112    i.CLK_GetPCLK1Freq  clk.o
    0x00000a50   0x00000a50   0x00000074   Code   RO         1113    i.CLK_GetPLLClockFreq  clk.o
    0x00000ac4   0x00000ac4   0x000000a4   Code   RO         1117    i.CLK_SetCoreClock  clk.o
    0x00000b68   0x00000b68   0x0000007c   Code   RO         1118    i.CLK_SetHCLK       clk.o
    0x00000be4   0x00000be4   0x00000070   Code   RO         1119    i.CLK_SetModuleClock  clk.o
    0x00000c54   0x00000c54   0x0000002c   Code   RO         1122    i.CLK_WaitClockReady  clk.o
    0x00000c80   0x00000c80   0x00000030   Code   RO         2232    i.EADC_ConfigSampleModule  eadc.o
    0x00000cb0   0x00000cb0   0x00000060   Code   RO          317    i.EADC_FunctionTest  main.o
    0x00000d10   0x00000d10   0x00000022   Code   RO         2233    i.EADC_Open         eadc.o
    0x00000d32   0x00000d32   0x00000002   PAD
    0x00000d34   0x00000d34   0x000000d0   Code   RO          318    i.EPWM0_Init        main.o
    0x00000e04   0x00000e04   0x0000004a   Code   RO         1822    i.EPWM_EnableADCTrigger  epwm.o
    0x00000e4e   0x00000e4e   0x0000000c   Code   RO         1836    i.EPWM_EnableOutput  epwm.o
    0x00000e5a   0x00000e5a   0x00000008   Code   RO         1843    i.EPWM_ForceStop    epwm.o
    0x00000e62   0x00000e62   0x00000008   Code   RO         1857    i.EPWM_Start        epwm.o
    0x00000e6a   0x00000e6a   0x00000002   PAD
    0x00000e6c   0x00000e6c   0x0000005c   Code   RO          934    i.HSUSBD_ConfigEp   massstorage.o
    0x00000ec8   0x00000ec8   0x000000d4   Code   RO         1693    i.HSUSBD_CtrlIn     hsusbd.o
    0x00000f9c   0x00000f9c   0x000002ec   Code   RO         1695    i.HSUSBD_GetDescriptor  hsusbd.o
    0x00001288   0x00001288   0x00000018   Code   RO          935    i.HSUSBD_MemCopy    massstorage.o
    0x000012a0   0x000012a0   0x00000060   Code   RO         1696    i.HSUSBD_Open       hsusbd.o
    0x00001300   0x00001300   0x00000014   Code   RO         1697    i.HSUSBD_PrepareCtrlIn  hsusbd.o
    0x00001314   0x00001314   0x00000078   Code   RO         1698    i.HSUSBD_ProcessSetupPacket  hsusbd.o
    0x0000138c   0x0000138c   0x0000003c   Code   RO          936    i.HSUSBD_SetEpBufAddr  massstorage.o
    0x000013c8   0x000013c8   0x0000029c   Code   RO         1700    i.HSUSBD_StandardRequest  hsusbd.o
    0x00001664   0x00001664   0x00000014   Code   RO         1701    i.HSUSBD_Start      hsusbd.o
    0x00001678   0x00001678   0x0000002c   Code   RO         1702    i.HSUSBD_SwReset    hsusbd.o
    0x000016a4   0x000016a4   0x00000188   Code   RO         1703    i.HSUSBD_UpdateDeviceState  hsusbd.o
    0x0000182c   0x0000182c   0x0000002c   Code   RO         1500    i.Hard_Fault_Handler  retarget.o
    0x00001858   0x00001858   0x0000004c   Code   RO         2295    i.I2C_Open          i2c.o
    0x000018a4   0x000018a4   0x000000b8   Code   RO         2320    i.I2C_WriteMultiBytes  i2c.o
    0x0000195c   0x0000195c   0x00000004   Code   RO         1501    i.IsDebugFifoEmpty  retarget.o
    0x00001960   0x00001960   0x0000003c   Code   RO          937    i.MSC_AckCmd        massstorage.o
    0x0000199c   0x0000199c   0x00000058   Code   RO          938    i.MSC_ActiveDMA     massstorage.o
    0x000019f4   0x000019f4   0x000000e4   Code   RO          939    i.MSC_BulkIn        massstorage.o
    0x00001ad8   0x00001ad8   0x00000050   Code   RO          940    i.MSC_BulkOut       massstorage.o
    0x00001b28   0x00001b28   0x0000006c   Code   RO          941    i.MSC_ClassRequest  massstorage.o
    0x00001b94   0x00001b94   0x00000064   Code   RO          942    i.MSC_Init          massstorage.o
    0x00001bf8   0x00001bf8   0x00000058   Code   RO          943    i.MSC_InitForFullSpeed  massstorage.o
    0x00001c50   0x00001c50   0x0000005c   Code   RO          944    i.MSC_InitForHighSpeed  massstorage.o
    0x00001cac   0x00001cac   0x000001e4   Code   RO          945    i.MSC_ModeSense10   massstorage.o
    0x00001e90   0x00001e90   0x00000034   Code   RO          946    i.MSC_ModeSense6    massstorage.o
    0x00001ec4   0x00001ec4   0x000001ec   Code   RO          947    i.MSC_ProcessCmd    massstorage.o
    0x000020b0   0x000020b0   0x00000060   Code   RO          948    i.MSC_ReadCapacity  massstorage.o
    0x00002110   0x00002110   0x00000094   Code   RO          949    i.MSC_ReadFormatCapacity  massstorage.o
    0x000021a4   0x000021a4   0x00000040   Code   RO          950    i.MSC_ReceiveCBW    massstorage.o
    0x000021e4   0x000021e4   0x00000078   Code   RO          951    i.MSC_RequestSense  massstorage.o
    0x0000225c   0x0000225c   0x00000016   Code   RO          319    i.NVIC_EnableIRQ    main.o
    0x00002272   0x00002272   0x00000046   Code   RO         1594    i.PDMA_EnableInt    pdma.o
    0x000022b8   0x000022b8   0x00000074   Code   RO          320    i.PDMA_IRQHandler   main.o
    0x0000232c   0x0000232c   0x0000007c   Code   RO          321    i.PDMA_Init         main.o
    0x000023a8   0x000023a8   0x0000002c   Code   RO         1596    i.PDMA_Open         pdma.o
    0x000023d4   0x000023d4   0x00000026   Code   RO         1597    i.PDMA_SetBurstType  pdma.o
    0x000023fa   0x000023fa   0x00000036   Code   RO         1600    i.PDMA_SetTransferAddr  pdma.o
    0x00002430   0x00002430   0x0000002a   Code   RO         1601    i.PDMA_SetTransferCnt  pdma.o
    0x0000245a   0x0000245a   0x00000002   PAD
    0x0000245c   0x0000245c   0x0000017c   Code   RO         1602    i.PDMA_SetTransferMode  pdma.o
    0x000025d8   0x000025d8   0x0000005c   Code   RO          322    i.ReloadPDMA        main.o
    0x00002634   0x00002634   0x00000148   Code   RO          323    i.SYS_Init          main.o
    0x0000277c   0x0000277c   0x00000050   Code   RO         1502    i.SendChar          retarget.o
    0x000027cc   0x000027cc   0x00000064   Code   RO            4    i.SystemCoreClockUpdate  system_m480.o
    0x00002830   0x00002830   0x00000094   Code   RO            5    i.SystemInit        system_m480.o
    0x000028c4   0x000028c4   0x00000140   Code   RO         1390    i.UART_Open         uart.o
    0x00002a04   0x00002a04   0x00000468   Code   RO          952    i.USBD20_IRQHandler  massstorage.o
    0x00002e6c   0x00002e6c   0x0000000e   Code   RO         2581    i._is_digit         c_w.l(__printf_wp.o)
    0x00002e7a   0x00002e7a   0x00000002   PAD
    0x00002e7c   0x00002e7c   0x00000020   Code   RO         1504    i._sys_exit         retarget.o
    0x00002e9c   0x00002e9c   0x0000001c   Code   RO          324    i.delay_ms          main.o
    0x00002eb8   0x00002eb8   0x00000048   Code   RO          326    i.format            main.o
    0x00002f00   0x00002f00   0x0000003c   Code   RO          327    i.format1           main.o
    0x00002f3c   0x00002f3c   0x0000003c   Code   RO          328    i.format2           main.o
    0x00002f78   0x00002f78   0x0000003c   Code   RO          329    i.format3           main.o
    0x00002fb4   0x00002fb4   0x00000040   Code   RO          330    i.format4           main.o
    0x00002ff4   0x00002ff4   0x00000010   Code   RO         1507    i.fputc             retarget.o
    0x00003004   0x00003004   0x00000018   Code   RO          953    i.get_be32          massstorage.o
    0x0000301c   0x0000301c   0x00000168   Code   RO          331    i.main              main.o
    0x00003184   0x00003184   0x00000078   Code   RO          332    i.set_EADC_channel  main.o
    0x000031fc   0x000031fc   0x000000ac   Code   RO          333    i.set_first_line    main.o
    0x000032a8   0x000032a8   0x000000a8   Code   RO         1509    i.stackDump         retarget.o
    0x00003350   0x00003350   0x0000000a   Code   RO         2701    x$fpl$fpinit        fz_wm.l(fpinit.o)
    0x0000335a   0x0000335a   0x00000002   PAD
    0x0000335c   0x0000335c   0x00000270   Data   RO          335    .constdata          main.o
    0x000035cc   0x000035cc   0x00000030   Data   RO         1398    .constdata          uart.o
    0x000035fc   0x000035fc   0x00000028   Data   RO         2554    .constdata          c_w.l(_printf_hex_int.o)
    0x00003624   0x00003624   0x00000020   Data   RO         2765    Region$$Table       anon$$obj.o


    Execution Region RW_IRAM1 (Exec base: 0x20000000, Load base: 0x00003644, Size: 0x00007340, Max: 0x00028000, ABSOLUTE, COMPRESSED[0x00000124])

    Exec Addr    Load Addr    Size         Type   Attr      Idx    E Section Name        Object

    0x20000000   COMPRESSED   0x0000002c   Data   RW            6    .data               system_m480.o
    0x2000002c   COMPRESSED   0x0000001a   Data   RW          336    .data               main.o
    0x20000046   COMPRESSED   0x00000002   PAD
    0x20000048   COMPRESSED   0x00000124   Data   RW          718    .data               descriptors.o
    0x2000016c   COMPRESSED   0x0000009c   Data   RW          955    .data               massstorage.o
    0x20000208   COMPRESSED   0x00000009   Data   RW         1511    .data               retarget.o
    0x20000211   COMPRESSED   0x00000003   PAD
    0x20000214   COMPRESSED   0x00000034   Data   RW         1705    .data               hsusbd.o
    0x20000248        -       0x00000018   Zero   RW          717    .bss                descriptors.o
    0x20000260        -       0x00000030   Zero   RW          954    .bss                massstorage.o
    0x20000290        -       0x00000010   Zero   RW         1510    .bss                retarget.o
    0x200002a0        -       0x00000010   Zero   RW         1604    .bss                pdma.o
    0x200002b0        -       0x0000000c   Zero   RW         1704    .bss                hsusbd.o
    0x200002bc        -       0x00000060   Zero   RW         2643    .bss                c_w.l(libspace.o)
    0x2000031c   COMPRESSED   0x00000004   PAD
    0x20000320        -       0x00000100   Zero   RW          307    HEAP                startup_m480.o
    0x20000420        -       0x00000800   Zero   RW          306    STACK               startup_m480.o
    0x20000c20   COMPRESSED   0x00006700   PAD
    0x20007320        -       0x00000020   Zero   RW          334    .ARM.__AT_0x20007320  main.o


==============================================================================

Image component sizes


      Code (inc. data)   RO Data    RW Data    ZI Data      Debug   Object Name

      1288        106          0          0          0       8719   clk.o
         0          0          0        292         24       6803   descriptors.o
        82          4          0          0          0       1946   eadc.o
       102          0          0          0          0       3210   epwm.o
      2320        208          0         52         12      14466   hsusbd.o
       260          4          0          0          0       2241   i2c.o
      2002        318        624         26         32     124585   main.o
      3628        320          0        156         48      22391   massstorage.o
       628         30          0          0         16       5501   pdma.o
       426        144          0          9         16       6714   retarget.o
       132         38        440          0       2304       1044   startup_m480.o
       248         44          0         44          0     121091   system_m480.o
       320         36         48          0          0       1592   uart.o

    ----------------------------------------------------------------------
     11444       1252       1144        584      28820     320303   Object Totals
         0          0         32          0          0          0   (incl. Generated)
         8          0          0          5      26368          0   (incl. Padding)

    ----------------------------------------------------------------------

      Code (inc. data)   RO Data    RW Data    ZI Data      Debug   Library Member Name

        90          0          0          0          0          0   __dczerorl2.o
         8          0          0          0          0         68   __main.o
       284          0          0          0          0        156   __printf_wp.o
         0          0          0          0          0          0   __rtentry.o
        12          0          0          0          0          0   __rtentry2.o
         6          0          0          0          0          0   __rtentry4.o
        52          8          0          0          0          0   __scatter.o
        28          0          0          0          0          0   __scatter_zi.o
        48          6          0          0          0         96   _printf_char_common.o
        36          4          0          0          0         80   _printf_char_file.o
        88          4         40          0          0         88   _printf_hex_int.o
       178          0          0          0          0         88   _printf_intcommon.o
         0          0          0          0          0          0   _printf_percent.o
         4          0          0          0          0          0   _printf_percent_end.o
         6          0          0          0          0          0   _printf_x.o
        18          0          0          0          0         80   exit.o
         8          0          0          0          0         68   ferror.o
         6          0          0          0          0        152   heapauxi.o
         2          0          0          0          0          0   libinit.o
         6          0          0          0          0          0   libinit2.o
         2          0          0          0          0          0   libshutdown.o
         2          0          0          0          0          0   libshutdown2.o
         8          4          0          0         96         68   libspace.o
        24          4          0          0          0         84   noretval__2printf.o
        68          0          0          0          0         68   rt_memclr.o
        78          0          0          0          0         80   rt_memclr_w.o
       100          0          0          0          0         80   rt_memcpy_w.o
         2          0          0          0          0          0   rtexit.o
        10          0          0          0          0          0   rtexit2.o
        74          0          0          0          0         80   sys_stackheap_outer.o
        10          0          0          0          0        116   fpinit.o

    ----------------------------------------------------------------------
      1264         30         40          0        100       1452   Library Totals
         6          0          0          0          4          0   (incl. Padding)

    ----------------------------------------------------------------------

      Code (inc. data)   RO Data    RW Data    ZI Data      Debug   Library Name

      1248         30         40          0         96       1336   c_w.l
        10          0          0          0          0        116   fz_wm.l

    ----------------------------------------------------------------------
      1264         30         40          0        100       1452   Library Totals

    ----------------------------------------------------------------------

==============================================================================


      Code (inc. data)   RO Data    RW Data    ZI Data      Debug   

     12708       1282       1184        584      28920     313531   Grand Totals
     12708       1282       1184        292      28920     313531   ELF Image Totals (compressed)
     12708       1282       1184        292          0          0   ROM Totals

==============================================================================

    Total RO  Size (Code + RO Data)                13892 (  13.57kB)
    Total RW  Size (RW Data + ZI Data)             29504 (  28.81kB)
    Total ROM Size (Code + RO Data + RW Data)      14184 (  13.85kB)

==============================================================================

